../Core/Src/main.c:137:5:main	80	static
../Core/Src/main.c:353:6:SystemClock_Config	120	static
../Core/Src/main.c:403:13:MX_ADC_Init	16	static
../Core/Src/main.c:459:13:MX_RTC_Init	8	static
../Core/Src/main.c:502:13:MX_SPI1_Init	8	static
../Core/Src/main.c:540:13:MX_USART1_UART_Init	8	static
../Core/Src/main.c:574:13:MX_DMA_Init	16	static
../Core/Src/main.c:592:13:MX_GPIO_Init	48	static
../Core/Src/main.c:620:5:Tensometr	24	static
../Core/Src/main.c:635:6:HAL_ADC_ConvHalfCpltCallback	16	static
../Core/Src/main.c:639:6:HAL_ADC_ConvCpltCallback	16	static
../Core/Src/main.c:643:6:BME280_SPI_Read	32	static
../Core/Src/main.c:655:6:BME280_SPI_Write	32	static
../Core/Src/main.c:667:6:stream_sensor_data_normal_mode	24	static
../Core/Src/main.c:690:9:BMA456_Check_Connection	24	static
../Core/Src/main.c:710:6:BMA456_Init	8	static
../Core/Src/main.c:744:6:BMA456_Get_Sensor_Data	40	static
../Core/Src/main.c:756:6:BMA456_SPI_Read	32	static
../Core/Src/main.c:768:6:BMA456_SPI_Write	32	static
../Core/Src/main.c:797:6:Error_Handler	8	static,ignoring_inline_asm
