../Core/Src/main.c:100:9:BMA456_Check_Connection	24	static
../Core/Src/main.c:154:5:main	40	static
../Core/Src/main.c:361:6:SystemClock_Config	120	static
../Core/Src/main.c:411:13:MX_ADC_Init	16	static
../Core/Src/main.c:467:13:MX_RTC_Init	8	static
../Core/Src/main.c:510:13:MX_SPI1_Init	8	static
../Core/Src/main.c:548:13:MX_USART1_UART_Init	8	static
../Core/Src/main.c:582:13:MX_DMA_Init	16	static
../Core/Src/main.c:600:13:MX_GPIO_Init	48	static
../Core/Src/main.c:628:6:HAL_ADC_ConvHalfCpltCallback	16	static
../Core/Src/main.c:632:6:HAL_ADC_ConvCpltCallback	16	static
../Core/Src/main.c:636:6:BME280_SPI_Read	32	static
../Core/Src/main.c:648:6:BME280_SPI_Write	32	static
../Core/Src/main.c:659:6:stream_sensor_data_normal_mode	24	static
../Core/Src/main.c:699:6:Error_Handler	8	static,ignoring_inline_asm
