../Core/Src/main.c:78:6:SendMSG	24	static
../Core/Src/main.c:95:9:BMA456_Check_Connection	40	static
../Core/Src/main.c:117:9:BME280_Check_Connection	40	static
../Core/Src/main.c:148:5:main	48	static
../Core/Src/main.c:323:6:SystemClock_Config	120	static
../Core/Src/main.c:373:13:MX_ADC_Init	16	static
../Core/Src/main.c:429:13:MX_RTC_Init	8	static
../Core/Src/main.c:472:13:MX_SPI1_Init	8	static
../Core/Src/main.c:510:13:MX_USART1_UART_Init	8	static
../Core/Src/main.c:544:13:MX_DMA_Init	16	static
../Core/Src/main.c:562:13:MX_GPIO_Init	48	static
../Core/Src/main.c:590:6:HAL_ADC_ConvHalfCpltCallback	16	static
../Core/Src/main.c:594:6:HAL_ADC_ConvCpltCallback	16	static
../Core/Src/main.c:614:6:Error_Handler	8	static,ignoring_inline_asm
