../Core/Src/main.c:83:6:SendMSG	24	static
../Core/Src/main.c:100:9:BMA456_Check_Connection	24	static
../Core/Src/main.c:154:5:main	40	static
../Core/Src/main.c:338:6:SystemClock_Config	120	static
../Core/Src/main.c:388:13:MX_ADC_Init	16	static
../Core/Src/main.c:444:13:MX_RTC_Init	8	static
../Core/Src/main.c:487:13:MX_SPI1_Init	8	static
../Core/Src/main.c:525:13:MX_USART1_UART_Init	8	static
../Core/Src/main.c:559:13:MX_DMA_Init	16	static
../Core/Src/main.c:577:13:MX_GPIO_Init	48	static
../Core/Src/main.c:605:6:HAL_ADC_ConvHalfCpltCallback	16	static
../Core/Src/main.c:609:6:HAL_ADC_ConvCpltCallback	16	static
../Core/Src/main.c:613:6:BME280_SPI_Read	32	static
../Core/Src/main.c:625:6:BME280_SPI_Write	32	static
../Core/Src/main.c:636:6:stream_sensor_data_normal_mode	24	static
../Core/Src/main.c:676:6:Error_Handler	8	static,ignoring_inline_asm
