Archive member included to satisfy reference by file (symbol)

c:/st/stm32cubeide_1.12.0/stm32cubeide/plugins/com.st.stm32cube.ide.mcu.externaltools.gnu-tools-for-stm32.10.3-2021.10.win32_1.0.200.202301161003/tools/bin/../lib/gcc/arm-none-eabi/10.3.1/../../../../arm-none-eabi/lib/thumb/v6-m/nofp\libc_nano.a(lib_a-errno.o)
                              ./Core/Src/syscalls.o (__errno)
c:/st/stm32cubeide_1.12.0/stm32cubeide/plugins/com.st.stm32cube.ide.mcu.externaltools.gnu-tools-for-stm32.10.3-2021.10.win32_1.0.200.202301161003/tools/bin/../lib/gcc/arm-none-eabi/10.3.1/../../../../arm-none-eabi/lib/thumb/v6-m/nofp\libc_nano.a(lib_a-exit.o)
                              c:/st/stm32cubeide_1.12.0/stm32cubeide/plugins/com.st.stm32cube.ide.mcu.externaltools.gnu-tools-for-stm32.10.3-2021.10.win32_1.0.200.202301161003/tools/bin/../lib/gcc/arm-none-eabi/10.3.1/../../../../arm-none-eabi/lib/thumb/v6-m/nofp/crt0.o (exit)
c:/st/stm32cubeide_1.12.0/stm32cubeide/plugins/com.st.stm32cube.ide.mcu.externaltools.gnu-tools-for-stm32.10.3-2021.10.win32_1.0.200.202301161003/tools/bin/../lib/gcc/arm-none-eabi/10.3.1/../../../../arm-none-eabi/lib/thumb/v6-m/nofp\libc_nano.a(lib_a-impure.o)
                              c:/st/stm32cubeide_1.12.0/stm32cubeide/plugins/com.st.stm32cube.ide.mcu.externaltools.gnu-tools-for-stm32.10.3-2021.10.win32_1.0.200.202301161003/tools/bin/../lib/gcc/arm-none-eabi/10.3.1/../../../../arm-none-eabi/lib/thumb/v6-m/nofp\libc_nano.a(lib_a-exit.o) (_global_impure_ptr)
c:/st/stm32cubeide_1.12.0/stm32cubeide/plugins/com.st.stm32cube.ide.mcu.externaltools.gnu-tools-for-stm32.10.3-2021.10.win32_1.0.200.202301161003/tools/bin/../lib/gcc/arm-none-eabi/10.3.1/../../../../arm-none-eabi/lib/thumb/v6-m/nofp\libc_nano.a(lib_a-init.o)
                              c:/st/stm32cubeide_1.12.0/stm32cubeide/plugins/com.st.stm32cube.ide.mcu.externaltools.gnu-tools-for-stm32.10.3-2021.10.win32_1.0.200.202301161003/tools/bin/../lib/gcc/arm-none-eabi/10.3.1/../../../../arm-none-eabi/lib/thumb/v6-m/nofp/crt0.o (__libc_init_array)
c:/st/stm32cubeide_1.12.0/stm32cubeide/plugins/com.st.stm32cube.ide.mcu.externaltools.gnu-tools-for-stm32.10.3-2021.10.win32_1.0.200.202301161003/tools/bin/../lib/gcc/arm-none-eabi/10.3.1/../../../../arm-none-eabi/lib/thumb/v6-m/nofp\libc_nano.a(lib_a-itoa.o)
                              ./Core/Src/main.o (itoa)
c:/st/stm32cubeide_1.12.0/stm32cubeide/plugins/com.st.stm32cube.ide.mcu.externaltools.gnu-tools-for-stm32.10.3-2021.10.win32_1.0.200.202301161003/tools/bin/../lib/gcc/arm-none-eabi/10.3.1/../../../../arm-none-eabi/lib/thumb/v6-m/nofp\libc_nano.a(lib_a-memset.o)
                              c:/st/stm32cubeide_1.12.0/stm32cubeide/plugins/com.st.stm32cube.ide.mcu.externaltools.gnu-tools-for-stm32.10.3-2021.10.win32_1.0.200.202301161003/tools/bin/../lib/gcc/arm-none-eabi/10.3.1/../../../../arm-none-eabi/lib/thumb/v6-m/nofp/crt0.o (memset)
c:/st/stm32cubeide_1.12.0/stm32cubeide/plugins/com.st.stm32cube.ide.mcu.externaltools.gnu-tools-for-stm32.10.3-2021.10.win32_1.0.200.202301161003/tools/bin/../lib/gcc/arm-none-eabi/10.3.1/../../../../arm-none-eabi/lib/thumb/v6-m/nofp\libc_nano.a(lib_a-strcpy.o)
                              ./Core/Src/main.o (strcpy)
c:/st/stm32cubeide_1.12.0/stm32cubeide/plugins/com.st.stm32cube.ide.mcu.externaltools.gnu-tools-for-stm32.10.3-2021.10.win32_1.0.200.202301161003/tools/bin/../lib/gcc/arm-none-eabi/10.3.1/../../../../arm-none-eabi/lib/thumb/v6-m/nofp\libc_nano.a(lib_a-strlen.o)
                              ./Core/Src/main.o (strlen)
c:/st/stm32cubeide_1.12.0/stm32cubeide/plugins/com.st.stm32cube.ide.mcu.externaltools.gnu-tools-for-stm32.10.3-2021.10.win32_1.0.200.202301161003/tools/bin/../lib/gcc/arm-none-eabi/10.3.1/../../../../arm-none-eabi/lib/thumb/v6-m/nofp\libc_nano.a(lib_a-utoa.o)
                              c:/st/stm32cubeide_1.12.0/stm32cubeide/plugins/com.st.stm32cube.ide.mcu.externaltools.gnu-tools-for-stm32.10.3-2021.10.win32_1.0.200.202301161003/tools/bin/../lib/gcc/arm-none-eabi/10.3.1/../../../../arm-none-eabi/lib/thumb/v6-m/nofp\libc_nano.a(lib_a-itoa.o) (__utoa)
c:/st/stm32cubeide_1.12.0/stm32cubeide/plugins/com.st.stm32cube.ide.mcu.externaltools.gnu-tools-for-stm32.10.3-2021.10.win32_1.0.200.202301161003/tools/bin/../lib/gcc/arm-none-eabi/10.3.1/../../../../arm-none-eabi/lib/thumb/v6-m/nofp\libc_nano.a(lib_a-memcpy-stub.o)
                              c:/st/stm32cubeide_1.12.0/stm32cubeide/plugins/com.st.stm32cube.ide.mcu.externaltools.gnu-tools-for-stm32.10.3-2021.10.win32_1.0.200.202301161003/tools/bin/../lib/gcc/arm-none-eabi/10.3.1/../../../../arm-none-eabi/lib/thumb/v6-m/nofp\libc_nano.a(lib_a-utoa.o) (memcpy)
c:/st/stm32cubeide_1.12.0/stm32cubeide/plugins/com.st.stm32cube.ide.mcu.externaltools.gnu-tools-for-stm32.10.3-2021.10.win32_1.0.200.202301161003/tools/bin/../lib/gcc/arm-none-eabi/10.3.1/thumb/v6-m/nofp\libgcc.a(_udivsi3.o)
                              ./Core/Src/system_stm32l0xx.o (__aeabi_uidiv)
[...]
Memory Configuration

Name             Origin             Length             Attributes
RAM              0x0000000020000000 0x0000000000002000 xrw
FLASH            0x0000000008000000 0x0000000000010000 xr
*default*        0x0000000000000000 0xffffffffffffffff

Linker script and memory map

LOAD c:/st/stm32cubeide_1.12.0/stm32cubeide/plugins/com.st.stm32cube.ide.mcu.externaltools.gnu-tools-for-stm32.10.3-2021.10.win32_1.0.200.202301161003/tools/bin/../lib/gcc/arm-none-eabi/10.3.1/thumb/v6-m/nofp/crti.o
LOAD c:/st/stm32cubeide_1.12.0/stm32cubeide/plugins/com.st.stm32cube.ide.mcu.externaltools.gnu-tools-for-stm32.10.3-2021.10.win32_1.0.200.202301161003/tools/bin/../lib/gcc/arm-none-eabi/10.3.1/thumb/v6-m/nofp/crtbegin.o
LOAD c:/st/stm32cubeide_1.12.0/stm32cubeide/plugins/com.st.stm32cube.ide.mcu.externaltools.gnu-tools-for-stm32.10.3-2021.10.win32_1.0.200.202301161003/tools/bin/../lib/gcc/arm-none-eabi/10.3.1/../../../../arm-none-eabi/lib/thumb/v6-m/nofp/crt0.o
LOAD ./Core/Src/main.o
LOAD ./Core/Src/stm32l0xx_hal_msp.o
LOAD ./Core/Src/stm32l0xx_it.o
LOAD ./Core/Src/syscalls.o
LOAD ./Core/Src/sysmem.o
LOAD ./Core/Src/system_stm32l0xx.o
LOAD ./Core/Startup/startup_stm32l051k8tx.o
LOAD ./Drivers/STM32L0xx_HAL_Driver/Src/stm32l0xx_hal.o
LOAD ./Drivers/STM32L0xx_HAL_Driver/Src/stm32l0xx_hal_adc.o
LOAD ./Drivers/STM32L0xx_HAL_Driver/Src/stm32l0xx_hal_adc_ex.o
LOAD ./Drivers/STM32L0xx_HAL_Driver/Src/stm32l0xx_hal_cortex.o
LOAD ./Drivers/STM32L0xx_HAL_Driver/Src/stm32l0xx_hal_dma.o
LOAD ./Drivers/STM32L0xx_HAL_Driver/Src/stm32l0xx_hal_exti.o
LOAD ./Drivers/STM32L0xx_HAL_Driver/Src/stm32l0xx_hal_flash.o
LOAD ./Drivers/STM32L0xx_HAL_Driver/Src/stm32l0xx_hal_flash_ex.o
LOAD ./Drivers/STM32L0xx_HAL_Driver/Src/stm32l0xx_hal_flash_ramfunc.o
LOAD ./Drivers/STM32L0xx_HAL_Driver/Src/stm32l0xx_hal_gpio.o
LOAD ./Drivers/STM32L0xx_HAL_Driver/Src/stm32l0xx_hal_i2c.o
LOAD ./Drivers/STM32L0xx_HAL_Driver/Src/stm32l0xx_hal_i2c_ex.o
LOAD ./Drivers/STM32L0xx_HAL_Driver/Src/stm32l0xx_hal_pwr.o
LOAD ./Drivers/STM32L0xx_HAL_Driver/Src/stm32l0xx_hal_pwr_ex.o
LOAD ./Drivers/STM32L0xx_HAL_Driver/Src/stm32l0xx_hal_rcc.o
LOAD ./Drivers/STM32L0xx_HAL_Driver/Src/stm32l0xx_hal_rcc_ex.o
LOAD ./Drivers/STM32L0xx_HAL_Driver/Src/stm32l0xx_hal_rtc.o
LOAD ./Drivers/STM32L0xx_HAL_Driver/Src/stm32l0xx_hal_rtc_ex.o
LOAD ./Drivers/STM32L0xx_HAL_Driver/Src/stm32l0xx_hal_spi.o
LOAD ./Drivers/STM32L0xx_HAL_Driver/Src/stm32l0xx_hal_uart.o
LOAD ./Drivers/STM32L0xx_HAL_Driver/Src/stm32l0xx_hal_uart_ex.o
START GROUP
LOAD c:/st/stm32cubeide_1.12.0/stm32cubeide/plugins/com.st.stm32cube.ide.mcu.externaltools.gnu-tools-for-stm32.10.3-2021.10.win32_1.0.200.202301161003/tools/bin/../lib/gcc/arm-none-eabi/10.3.1/../../../../arm-none-eabi/lib/thumb/v6-m/nofp\libc_nano.a
LOAD c:/st/stm32cubeide_1.12.0/stm32cubeide/plugins/com.st.stm32cube.ide.mcu.externaltools.gnu-tools-for-stm32.10.3-2021.10.win32_1.0.200.202301161003/tools/bin/../lib/gcc/arm-none-eabi/10.3.1/../../../../arm-none-eabi/lib/thumb/v6-m/nofp\libm.a
END GROUP
START GROUP
LOAD c:/st/stm32cubeide_1.12.0/stm32cubeide/plugins/com.st.stm32cube.ide.mcu.externaltools.gnu-tools-for-stm32.10.3-2021.10.win32_1.0.200.202301161003/tools/bin/../lib/gcc/arm-none-eabi/10.3.1/thumb/v6-m/nofp\libgcc.a
LOAD c:/st/stm32cubeide_1.12.0/stm32cubeide/plugins/com.st.stm32cube.ide.mcu.externaltools.gnu-tools-for-stm32.10.3-2021.10.win32_1.0.200.202301161003/tools/bin/../lib/gcc/arm-none-eabi/10.3.1/../../../../arm-none-eabi/lib/thumb/v6-m/nofp\libc_nano.a
END GROUP
START GROUP
LOAD c:/st/stm32cubeide_1.12.0/stm32cubeide/plugins/com.st.stm32cube.ide.mcu.externaltools.gnu-tools-for-stm32.10.3-2021.10.win32_1.0.200.202301161003/tools/bin/../lib/gcc/arm-none-eabi/10.3.1/thumb/v6-m/nofp\libgcc.a
LOAD c:/st/stm32cubeide_1.12.0/stm32cubeide/plugins/com.st.stm32cube.ide.mcu.externaltools.gnu-tools-for-stm32.10.3-2021.10.win32_1.0.200.202301161003/tools/bin/../lib/gcc/arm-none-eabi/10.3.1/../../../../arm-none-eabi/lib/thumb/v6-m/nofp\libc_nano.a
LOAD c:/st/stm32cubeide_1.12.0/stm32cubeide/plugins/com.st.stm32cube.ide.mcu.externaltools.gnu-tools-for-stm32.10.3-2021.10.win32_1.0.200.202301161003/tools/bin/../lib/gcc/arm-none-eabi/10.3.1/../../../../arm-none-eabi/lib/thumb/v6-m/nofp\libnosys.a
END GROUP
START GROUP
LOAD c:/st/stm32cubeide_1.12.0/stm32cubeide/plugins/com.st.stm32cube.ide.mcu.externaltools.gnu-tools-for-stm32.10.3-2021.10.win32_1.0.200.202301161003/tools/bin/../lib/gcc/arm-none-eabi/10.3.1/thumb/v6-m/nofp\libgcc.a
LOAD c:/st/stm32cubeide_1.12.0/stm32cubeide/plugins/com.st.stm32cube.ide.mcu.externaltools.gnu-tools-for-stm32.10.3-2021.10.win32_1.0.200.202301161003/tools/bin/../lib/gcc/arm-none-eabi/10.3.1/../../../../arm-none-eabi/lib/thumb/v6-m/nofp\libc_nano.a
LOAD c:/st/stm32cubeide_1.12.0/stm32cubeide/plugins/com.st.stm32cube.ide.mcu.externaltools.gnu-tools-for-stm32.10.3-2021.10.win32_1.0.200.202301161003/tools/bin/../lib/gcc/arm-none-eabi/10.3.1/../../../../arm-none-eabi/lib/thumb/v6-m/nofp\libnosys.a
END GROUP
LOAD c:/st/stm32cubeide_1.12.0/stm32cubeide/plugins/com.st.stm32cube.ide.mcu.externaltools.gnu-tools-for-stm32.10.3-2021.10.win32_1.0.200.202301161003/tools/bin/../lib/gcc/arm-none-eabi/10.3.1/thumb/v6-m/nofp/crtend.o
LOAD c:/st/stm32cubeide_1.12.0/stm32cubeide/plugins/com.st.stm32cube.ide.mcu.externaltools.gnu-tools-for-stm32.10.3-2021.10.win32_1.0.200.202301161003/tools/bin/../lib/gcc/arm-none-eabi/10.3.1/thumb/v6-m/nofp/crtn.o
                0x0000000020002000                _estack = (ORIGIN (RAM) + LENGTH (RAM))
                0x0000000000000200                _Min_Heap_Size = 0x200
                0x0000000000000400                _Min_Stack_Size = 0x400

.isr_vector     0x0000000008000000       0xc0
                0x0000000008000000                . = ALIGN (0x4)
 *(.isr_vector)
 .isr_vector    0x0000000008000000       0xc0 ./Core/Startup/startup_stm32l051k8tx.o
                0x0000000008000000                g_pfnVectors
                0x00000000080000c0                . = ALIGN (0x4)

.text           0x00000000080000c0     0x4474
                0x00000000080000c0                . = ALIGN (0x4)
 *(.text)
 .text          0x00000000080000c0       0x48 c:/st/stm32cubeide_1.12.0/stm32cubeide/plugins/com.st.stm32cube.ide.mcu.externaltools.gnu-tools-for-stm32.10.3-2021.10.win32_1.0.200.202301161003/tools/bin/../lib/gcc/arm-none-eabi/10.3.1/thumb/v6-m/nofp/crtbegin.o
 .text          0x0000000008000108        0xe c:/st/stm32cubeide_1.12.0/stm32cubeide/plugins/com.st.stm32cube.ide.mcu.externaltools.gnu-tools-for-stm32.10.3-2021.10.win32_1.0.200.202301161003/tools/bin/../lib/gcc/arm-none-eabi/10.3.1/../../../../arm-none-eabi/lib/thumb/v6-m/nofp\libc_nano.a(lib_a-strlen.o)
                0x0000000008000108                strlen
 *fill*         0x0000000008000116        0x2 
 .text          0x0000000008000118      0x114 c:/st/stm32cubeide_1.12.0/stm32cubeide/plugins/com.st.stm32cube.ide.mcu.externaltools.gnu-tools-for-stm32.10.3-2021.10.win32_1.0.200.202301161003/tools/bin/../lib/gcc/arm-none-eabi/10.3.1/thumb/v6-m/nofp\libgcc.a(_udivsi3.o)
                0x0000000008000118                __aeabi_uidiv
                0x0000000008000118                __udivsi3
                0x0000000008000224                __aeabi_uidivmod
 .text          0x000000000800022c        0x4 c:/st/stm32cubeide_1.12.0/stm32cubeide/plugins/com.st.stm32cube.ide.mcu.externaltools.gnu-tools-for-stm32.10.3-2021.10.win32_1.0.200.202301161003/tools/bin/../lib/gcc/arm-none-eabi/10.3.1/thumb/v6-m/nofp\libgcc.a(_dvmd_tls.o)
                0x000000000800022c                __aeabi_idiv0
                0x000000000800022c                __aeabi_ldiv0
 .text          0x0000000008000230       0x40 c:/st/stm32cubeide_1.12.0/stm32cubeide/plugins/com.st.stm32cube.ide.mcu.externaltools.gnu-tools-for-stm32.10.3-2021.10.win32_1.0.200.202301161003/tools/bin/../lib/gcc/arm-none-eabi/10.3.1/thumb/v6-m/nofp\libgcc.a(_aeabi_uldivmod.o)
                0x0000000008000230                __aeabi_uldivmod
 .text          0x0000000008000270       0x5c c:/st/stm32cubeide_1.12.0/stm32cubeide/plugins/com.st.stm32cube.ide.mcu.externaltools.gnu-tools-for-stm32.10.3-2021.10.win32_1.0.200.202301161003/tools/bin/../lib/gcc/arm-none-eabi/10.3.1/thumb/v6-m/nofp\libgcc.a(_muldi3.o)
                0x0000000008000270                __muldi3
                0x0000000008000270                __aeabi_lmul
 .text          0x00000000080002cc      0x198 c:/st/stm32cubeide_1.12.0/stm32cubeide/plugins/com.st.stm32cube.ide.mcu.externaltools.gnu-tools-for-stm32.10.3-2021.10.win32_1.0.200.202301161003/tools/bin/../lib/gcc/arm-none-eabi/10.3.1/thumb/v6-m/nofp\libgcc.a(_udivmoddi4.o)
                0x00000000080002cc                __udivmoddi4
 .text          0x0000000008000464       0x18 c:/st/stm32cubeide_1.12.0/stm32cubeide/plugins/com.st.stm32cube.ide.mcu.externaltools.gnu-tools-for-stm32.10.3-2021.10.win32_1.0.200.202301161003/tools/bin/../lib/gcc/arm-none-eabi/10.3.1/thumb/v6-m/nofp\libgcc.a(_clzdi2.o)
                0x0000000008000464                __clzdi2
 .text          0x000000000800047c       0x3c c:/st/stm32cubeide_1.12.0/stm32cubeide/plugins/com.st.stm32cube.ide.mcu.externaltools.gnu-tools-for-stm32.10.3-2021.10.win32_1.0.200.202301161003/tools/bin/../lib/gcc/arm-none-eabi/10.3.1/thumb/v6-m/nofp\libgcc.a(_clzsi2.o)
                0x000000000800047c                __clzsi2
 *(.text*)
 .text.BMA456_Check_Connection
                0x00000000080004b8       0x6e ./Core/Src/main.o
                0x00000000080004b8                BMA456_Check_Connection
 .text.BME280_Check_Connection
                0x0000000008000526       0x6e ./Core/Src/main.o
                0x0000000008000526                BME280_Check_Connection
 .text.main     0x0000000008000594      0x16c ./Core/Src/main.o
                0x0000000008000594                main
 .text.SystemClock_Config
                0x0000000008000700       0xdc ./Core/Src/main.o
                0x0000000008000700                SystemClock_Config
 .text.MX_ADC_Init
                0x00000000080007dc       0xcc ./Core/Src/main.o
 .text.MX_RTC_Init
                0x00000000080008a8       0x68 ./Core/Src/main.o
 .text.MX_SPI1_Init
                0x0000000008000910       0x70 ./Core/Src/main.o
 .text.MX_USART1_UART_Init
                0x0000000008000980       0x68 ./Core/Src/main.o
 .text.MX_DMA_Init
                0x00000000080009e8       0x3c ./Core/Src/main.o
 .text.MX_GPIO_Init
                0x0000000008000a24       0x98 ./Core/Src/main.o
 .text.HAL_ADC_ConvHalfCpltCallback
                0x0000000008000abc       0x10 ./Core/Src/main.o
                0x0000000008000abc                HAL_ADC_ConvHalfCpltCallback
 .text.HAL_ADC_ConvCpltCallback
                0x0000000008000acc       0x10 ./Core/Src/main.o
                0x0000000008000acc                HAL_ADC_ConvCpltCallback
 .text.Error_Handler
                0x0000000008000adc        0xa ./Core/Src/main.o
                0x0000000008000adc                Error_Handler
 *fill*         0x0000000008000ae6        0x2 
 .text.HAL_MspInit
                0x0000000008000ae8       0x28 ./Core/Src/stm32l0xx_hal_msp.o
                0x0000000008000ae8                HAL_MspInit
 .text.HAL_ADC_MspInit
                0x0000000008000b10       0xd4 ./Core/Src/stm32l0xx_hal_msp.o
                0x0000000008000b10                HAL_ADC_MspInit
 .text.HAL_RTC_MspInit
                0x0000000008000be4       0x40 ./Core/Src/stm32l0xx_hal_msp.o
                0x0000000008000be4                HAL_RTC_MspInit
 .text.HAL_SPI_MspInit
                0x0000000008000c24       0x88 ./Core/Src/stm32l0xx_hal_msp.o
                0x0000000008000c24                HAL_SPI_MspInit
 .text.HAL_UART_MspInit
                0x0000000008000cac       0x88 ./Core/Src/stm32l0xx_hal_msp.o
                0x0000000008000cac                HAL_UART_MspInit
 .text.NMI_Handler
                0x0000000008000d34        0x6 ./Core/Src/stm32l0xx_it.o
                0x0000000008000d34                NMI_Handler
 .text.HardFault_Handler
                0x0000000008000d3a        0x6 ./Core/Src/stm32l0xx_it.o
                0x0000000008000d3a                HardFault_Handler
 .text.SVC_Handler
                0x0000000008000d40        0xa ./Core/Src/stm32l0xx_it.o
                0x0000000008000d40                SVC_Handler
 .text.PendSV_Handler
                0x0000000008000d4a        0xa ./Core/Src/stm32l0xx_it.o
                0x0000000008000d4a                PendSV_Handler
 .text.SysTick_Handler
                0x0000000008000d54        0xe ./Core/Src/stm32l0xx_it.o
                0x0000000008000d54                SysTick_Handler
 *fill*         0x0000000008000d62        0x2 
 .text.RTC_IRQHandler
                0x0000000008000d64       0x18 ./Core/Src/stm32l0xx_it.o
                0x0000000008000d64                RTC_IRQHandler
 .text.DMA1_Channel1_IRQHandler
                0x0000000008000d7c       0x18 ./Core/Src/stm32l0xx_it.o
                0x0000000008000d7c                DMA1_Channel1_IRQHandler
 .text.SystemInit
                0x0000000008000d94        0xa ./Core/Src/system_stm32l0xx.o
                0x0000000008000d94                SystemInit
 *fill*         0x0000000008000d9e        0x2 
 .text.Reset_Handler
                0x0000000008000da0       0x50 ./Core/Startup/startup_stm32l051k8tx.o
                0x0000000008000da0                Reset_Handler
 .text.Default_Handler
                0x0000000008000df0        0x2 ./Core/Startup/startup_stm32l051k8tx.o
                0x0000000008000df0                ADC1_COMP_IRQHandler
                0x0000000008000df0                TIM6_IRQHandler
                0x0000000008000df0                PVD_IRQHandler
                0x0000000008000df0                I2C1_IRQHandler
                0x0000000008000df0                SPI1_IRQHandler
                0x0000000008000df0                EXTI2_3_IRQHandler
                0x0000000008000df0                I2C2_IRQHandler
                0x0000000008000df0                DMA1_Channel4_5_6_7_IRQHandler
                0x0000000008000df0                EXTI4_15_IRQHandler
                0x0000000008000df0                RCC_IRQHandler
                0x0000000008000df0                Default_Handler
                0x0000000008000df0                TIM22_IRQHandler
                0x0000000008000df0                EXTI0_1_IRQHandler
                0x0000000008000df0                SPI2_IRQHandler
                0x0000000008000df0                TIM21_IRQHandler
                0x0000000008000df0                WWDG_IRQHandler
                0x0000000008000df0                LPUART1_IRQHandler
                0x0000000008000df0                TIM2_IRQHandler
                0x0000000008000df0                DMA1_Channel2_3_IRQHandler
                0x0000000008000df0                USART2_IRQHandler
                0x0000000008000df0                FLASH_IRQHandler
                0x0000000008000df0                USART1_IRQHandler
                0x0000000008000df0                LPTIM1_IRQHandler
 *fill*         0x0000000008000df2        0x2 
 .text.HAL_Init
                0x0000000008000df4       0x40 ./Drivers/STM32L0xx_HAL_Driver/Src/stm32l0xx_hal.o
                0x0000000008000df4                HAL_Init
 .text.HAL_InitTick
                0x0000000008000e34       0x68 ./Drivers/STM32L0xx_HAL_Driver/Src/stm32l0xx_hal.o
                0x0000000008000e34                HAL_InitTick
 .text.HAL_IncTick
                0x0000000008000e9c       0x24 ./Drivers/STM32L0xx_HAL_Driver/Src/stm32l0xx_hal.o
                0x0000000008000e9c                HAL_IncTick
 .text.HAL_GetTick
                0x0000000008000ec0       0x14 ./Drivers/STM32L0xx_HAL_Driver/Src/stm32l0xx_hal.o
                0x0000000008000ec0                HAL_GetTick
 .text.HAL_Delay
                0x0000000008000ed4       0x48 ./Drivers/STM32L0xx_HAL_Driver/Src/stm32l0xx_hal.o
                0x0000000008000ed4                HAL_Delay
 .text.HAL_SuspendTick
                0x0000000008000f1c       0x1c ./Drivers/STM32L0xx_HAL_Driver/Src/stm32l0xx_hal.o
                0x0000000008000f1c                HAL_SuspendTick
 .text.HAL_ResumeTick
                0x0000000008000f38       0x1c ./Drivers/STM32L0xx_HAL_Driver/Src/stm32l0xx_hal.o
                0x0000000008000f38                HAL_ResumeTick
 .text.HAL_ADC_Init
                0x0000000008000f54      0x2e8 ./Drivers/STM32L0xx_HAL_Driver/Src/stm32l0xx_hal_adc.o
                0x0000000008000f54                HAL_ADC_Init
 .text.HAL_ADC_Start_DMA
                0x000000000800123c      0x104 ./Drivers/STM32L0xx_HAL_Driver/Src/stm32l0xx_hal_adc.o
                0x000000000800123c                HAL_ADC_Start_DMA
 .text.HAL_ADC_ErrorCallback
                0x0000000008001340       0x10 ./Drivers/STM32L0xx_HAL_Driver/Src/stm32l0xx_hal_adc.o
                0x0000000008001340                HAL_ADC_ErrorCallback
 .text.HAL_ADC_ConfigChannel
                0x0000000008001350      0x10c ./Drivers/STM32L0xx_HAL_Driver/Src/stm32l0xx_hal_adc.o
                0x0000000008001350                HAL_ADC_ConfigChannel
 .text.ADC_Enable
                0x000000000800145c       0xd0 ./Drivers/STM32L0xx_HAL_Driver/Src/stm32l0xx_hal_adc.o
 .text.ADC_DMAConvCplt
                0x000000000800152c       0xb4 ./Drivers/STM32L0xx_HAL_Driver/Src/stm32l0xx_hal_adc.o
 .text.ADC_DMAHalfConvCplt
                0x00000000080015e0       0x1e ./Drivers/STM32L0xx_HAL_Driver/Src/stm32l0xx_hal_adc.o
 .text.ADC_DMAError
                0x00000000080015fe       0x36 ./Drivers/STM32L0xx_HAL_Driver/Src/stm32l0xx_hal_adc.o
 .text.ADC_DelayMicroSecond
                0x0000000008001634       0x40 ./Drivers/STM32L0xx_HAL_Driver/Src/stm32l0xx_hal_adc.o
 .text.__NVIC_EnableIRQ
                0x0000000008001674       0x34 ./Drivers/STM32L0xx_HAL_Driver/Src/stm32l0xx_hal_cortex.o
 .text.__NVIC_SetPriority
                0x00000000080016a8       0xdc ./Drivers/STM32L0xx_HAL_Driver/Src/stm32l0xx_hal_cortex.o
 .text.SysTick_Config
                0x0000000008001784       0x48 ./Drivers/STM32L0xx_HAL_Driver/Src/stm32l0xx_hal_cortex.o
 .text.HAL_NVIC_SetPriority
                0x00000000080017cc       0x2a ./Drivers/STM32L0xx_HAL_Driver/Src/stm32l0xx_hal_cortex.o
                0x00000000080017cc                HAL_NVIC_SetPriority
 .text.HAL_NVIC_EnableIRQ
                0x00000000080017f6       0x20 ./Drivers/STM32L0xx_HAL_Driver/Src/stm32l0xx_hal_cortex.o
                0x00000000080017f6                HAL_NVIC_EnableIRQ
 .text.HAL_SYSTICK_Config
                0x0000000008001816       0x1a ./Drivers/STM32L0xx_HAL_Driver/Src/stm32l0xx_hal_cortex.o
                0x0000000008001816                HAL_SYSTICK_Config
 .text.HAL_DMA_Init
                0x0000000008001830       0xf0 ./Drivers/STM32L0xx_HAL_Driver/Src/stm32l0xx_hal_dma.o
                0x0000000008001830                HAL_DMA_Init
 .text.HAL_DMA_Start_IT
                0x0000000008001920       0xcc ./Drivers/STM32L0xx_HAL_Driver/Src/stm32l0xx_hal_dma.o
                0x0000000008001920                HAL_DMA_Start_IT
 .text.HAL_DMA_IRQHandler
                0x00000000080019ec      0x15c ./Drivers/STM32L0xx_HAL_Driver/Src/stm32l0xx_hal_dma.o
                0x00000000080019ec                HAL_DMA_IRQHandler
 .text.DMA_SetConfig
                0x0000000008001b48       0x5c ./Drivers/STM32L0xx_HAL_Driver/Src/stm32l0xx_hal_dma.o
 .text.HAL_GPIO_Init
                0x0000000008001ba4      0x2ec ./Drivers/STM32L0xx_HAL_Driver/Src/stm32l0xx_hal_gpio.o
                0x0000000008001ba4                HAL_GPIO_Init
 .text.HAL_GPIO_WritePin
                0x0000000008001e90       0x3a ./Drivers/STM32L0xx_HAL_Driver/Src/stm32l0xx_hal_gpio.o
                0x0000000008001e90                HAL_GPIO_WritePin
 *fill*         0x0000000008001eca        0x2 
 .text.HAL_PWR_EnterSTOPMode
                0x0000000008001ecc       0xb8 ./Drivers/STM32L0xx_HAL_Driver/Src/stm32l0xx_hal_pwr.o
                0x0000000008001ecc                HAL_PWR_EnterSTOPMode
 .text.HAL_RCC_OscConfig
                0x0000000008001f84      0x6d4 ./Drivers/STM32L0xx_HAL_Driver/Src/stm32l0xx_hal_rcc.o
                0x0000000008001f84                HAL_RCC_OscConfig
 .text.HAL_RCC_ClockConfig
                0x0000000008002658      0x290 ./Drivers/STM32L0xx_HAL_Driver/Src/stm32l0xx_hal_rcc.o
                0x0000000008002658                HAL_RCC_ClockConfig
 .text.HAL_RCC_GetSysClockFreq
                0x00000000080028e8      0x14c ./Drivers/STM32L0xx_HAL_Driver/Src/stm32l0xx_hal_rcc.o
                0x00000000080028e8                HAL_RCC_GetSysClockFreq
 .text.HAL_RCC_GetHCLKFreq
                0x0000000008002a34       0x14 ./Drivers/STM32L0xx_HAL_Driver/Src/stm32l0xx_hal_rcc.o
                0x0000000008002a34                HAL_RCC_GetHCLKFreq
 .text.HAL_RCC_GetPCLK1Freq
                0x0000000008002a48       0x2c ./Drivers/STM32L0xx_HAL_Driver/Src/stm32l0xx_hal_rcc.o
                0x0000000008002a48                HAL_RCC_GetPCLK1Freq
 .text.HAL_RCC_GetPCLK2Freq
                0x0000000008002a74       0x2c ./Drivers/STM32L0xx_HAL_Driver/Src/stm32l0xx_hal_rcc.o
                0x0000000008002a74                HAL_RCC_GetPCLK2Freq
 .text.HAL_RCCEx_PeriphCLKConfig
                0x0000000008002aa0      0x274 ./Drivers/STM32L0xx_HAL_Driver/Src/stm32l0xx_hal_rcc_ex.o
                0x0000000008002aa0                HAL_RCCEx_PeriphCLKConfig
 .text.HAL_RTC_Init
                0x0000000008002d14      0x138 ./Drivers/STM32L0xx_HAL_Driver/Src/stm32l0xx_hal_rtc.o
                0x0000000008002d14                HAL_RTC_Init
 .text.HAL_RTC_WaitForSynchro
                0x0000000008002e4c       0x50 ./Drivers/STM32L0xx_HAL_Driver/Src/stm32l0xx_hal_rtc.o
                0x0000000008002e4c                HAL_RTC_WaitForSynchro
 .text.RTC_EnterInitMode
                0x0000000008002e9c       0x88 ./Drivers/STM32L0xx_HAL_Driver/Src/stm32l0xx_hal_rtc.o
                0x0000000008002e9c                RTC_EnterInitMode
 .text.RTC_ExitInitMode
                0x0000000008002f24       0x54 ./Drivers/STM32L0xx_HAL_Driver/Src/stm32l0xx_hal_rtc.o
                0x0000000008002f24                RTC_ExitInitMode
 .text.HAL_RTCEx_SetWakeUpTimer_IT
                0x0000000008002f78      0x1b0 ./Drivers/STM32L0xx_HAL_Driver/Src/stm32l0xx_hal_rtc_ex.o
                0x0000000008002f78                HAL_RTCEx_SetWakeUpTimer_IT
 .text.HAL_RTCEx_DeactivateWakeUpTimer
                0x0000000008003128       0xc8 ./Drivers/STM32L0xx_HAL_Driver/Src/stm32l0xx_hal_rtc_ex.o
                0x0000000008003128                HAL_RTCEx_DeactivateWakeUpTimer
 .text.HAL_RTCEx_WakeUpTimerIRQHandler
                0x00000000080031f0       0x60 ./Drivers/STM32L0xx_HAL_Driver/Src/stm32l0xx_hal_rtc_ex.o
                0x00000000080031f0                HAL_RTCEx_WakeUpTimerIRQHandler
 .text.HAL_RTCEx_WakeUpTimerEventCallback
                0x0000000008003250       0x10 ./Drivers/STM32L0xx_HAL_Driver/Src/stm32l0xx_hal_rtc_ex.o
                0x0000000008003250                HAL_RTCEx_WakeUpTimerEventCallback
 .text.HAL_SPI_Init
                0x0000000008003260      0x128 ./Drivers/STM32L0xx_HAL_Driver/Src/stm32l0xx_hal_spi.o
                0x0000000008003260                HAL_SPI_Init
 .text.HAL_SPI_TransmitReceive
                0x0000000008003388      0x396 ./Drivers/STM32L0xx_HAL_Driver/Src/stm32l0xx_hal_spi.o
                0x0000000008003388                HAL_SPI_TransmitReceive
 *fill*         0x000000000800371e        0x2 
 .text.SPI_WaitFlagStateUntilTimeout
                0x0000000008003720      0x11c ./Drivers/STM32L0xx_HAL_Driver/Src/stm32l0xx_hal_spi.o
 .text.SPI_EndRxTxTransaction
                0x000000000800383c       0x8c ./Drivers/STM32L0xx_HAL_Driver/Src/stm32l0xx_hal_spi.o
 .text.HAL_UART_Init
                0x00000000080038c8       0xa8 ./Drivers/STM32L0xx_HAL_Driver/Src/stm32l0xx_hal_uart.o
                0x00000000080038c8                HAL_UART_Init
 .text.HAL_UART_Transmit
                0x0000000008003970      0x13e ./Drivers/STM32L0xx_HAL_Driver/Src/stm32l0xx_hal_uart.o
                0x0000000008003970                HAL_UART_Transmit
 *fill*         0x0000000008003aae        0x2 
 .text.UART_SetConfig
                0x0000000008003ab0      0x508 ./Drivers/STM32L0xx_HAL_Driver/Src/stm32l0xx_hal_uart.o
                0x0000000008003ab0                UART_SetConfig
 .text.UART_AdvFeatureConfig
                0x0000000008003fb8      0x168 ./Drivers/STM32L0xx_HAL_Driver/Src/stm32l0xx_hal_uart.o
                0x0000000008003fb8                UART_AdvFeatureConfig
 .text.UART_CheckIdleState
                0x0000000008004120      0x150 ./Drivers/STM32L0xx_HAL_Driver/Src/stm32l0xx_hal_uart.o
                0x0000000008004120                UART_CheckIdleState
 .text.UART_WaitOnFlagUntilTimeout
                0x0000000008004270       0xd2 ./Drivers/STM32L0xx_HAL_Driver/Src/stm32l0xx_hal_uart.o
                0x0000000008004270                UART_WaitOnFlagUntilTimeout
 *fill*         0x0000000008004342        0x2 
 .text.UART_EndRxTransfer
                0x0000000008004344       0xc8 ./Drivers/STM32L0xx_HAL_Driver/Src/stm32l0xx_hal_uart.o
 .text.__libc_init_array
                0x000000000800440c       0x48 c:/st/stm32cubeide_1.12.0/stm32cubeide/plugins/com.st.stm32cube.ide.mcu.externaltools.gnu-tools-for-stm32.10.3-2021.10.win32_1.0.200.202301161003/tools/bin/../lib/gcc/arm-none-eabi/10.3.1/../../../../arm-none-eabi/lib/thumb/v6-m/nofp\libc_nano.a(lib_a-init.o)
                0x000000000800440c                __libc_init_array
 .text.__itoa   0x0000000008004454       0x30 c:/st/stm32cubeide_1.12.0/stm32cubeide/plugins/com.st.stm32cube.ide.mcu.externaltools.gnu-tools-for-stm32.10.3-2021.10.win32_1.0.200.202301161003/tools/bin/../lib/gcc/arm-none-eabi/10.3.1/../../../../arm-none-eabi/lib/thumb/v6-m/nofp\libc_nano.a(lib_a-itoa.o)
                0x0000000008004454                __itoa
 .text.itoa     0x0000000008004484        0x8 c:/st/stm32cubeide_1.12.0/stm32cubeide/plugins/com.st.stm32cube.ide.mcu.externaltools.gnu-tools-for-stm32.10.3-2021.10.win32_1.0.200.202301161003/tools/bin/../lib/gcc/arm-none-eabi/10.3.1/../../../../arm-none-eabi/lib/thumb/v6-m/nofp\libc_nano.a(lib_a-itoa.o)
                0x0000000008004484                itoa
 .text.memset   0x000000000800448c       0x10 c:/st/stm32cubeide_1.12.0/stm32cubeide/plugins/com.st.stm32cube.ide.mcu.externaltools.gnu-tools-for-stm32.10.3-2021.10.win32_1.0.200.202301161003/tools/bin/../lib/gcc/arm-none-eabi/10.3.1/../../../../arm-none-eabi/lib/thumb/v6-m/nofp\libc_nano.a(lib_a-memset.o)
                0x000000000800448c                memset
 .text.__utoa   0x000000000800449c       0x6c c:/st/stm32cubeide_1.12.0/stm32cubeide/plugins/com.st.stm32cube.ide.mcu.externaltools.gnu-tools-for-stm32.10.3-2021.10.win32_1.0.200.202301161003/tools/bin/../lib/gcc/arm-none-eabi/10.3.1/../../../../arm-none-eabi/lib/thumb/v6-m/nofp\libc_nano.a(lib_a-utoa.o)
                0x000000000800449c                __utoa
 .text.memcpy   0x0000000008004508       0x12 c:/st/stm32cubeide_1.12.0/stm32cubeide/plugins/com.st.stm32cube.ide.mcu.externaltools.gnu-tools-for-stm32.10.3-2021.10.win32_1.0.200.202301161003/tools/bin/../lib/gcc/arm-none-eabi/10.3.1/../../../../arm-none-eabi/lib/thumb/v6-m/nofp\libc_nano.a(lib_a-memcpy-stub.o)
                0x0000000008004508                memcpy
 *(.glue_7)
 .glue_7        0x000000000800451a        0x0 linker stubs
 *(.glue_7t)
 .glue_7t       0x000000000800451a        0x0 linker stubs
 *(.eh_frame)
 *fill*         0x000000000800451a        0x2 
 .eh_frame      0x000000000800451c        0x0 c:/st/stm32cubeide_1.12.0/stm32cubeide/plugins/com.st.stm32cube.ide.mcu.externaltools.gnu-tools-for-stm32.10.3-2021.10.win32_1.0.200.202301161003/tools/bin/../lib/gcc/arm-none-eabi/10.3.1/thumb/v6-m/nofp/crtbegin.o
 *(.init)
 .init          0x000000000800451c        0x4 c:/st/stm32cubeide_1.12.0/stm32cubeide/plugins/com.st.stm32cube.ide.mcu.externaltools.gnu-tools-for-stm32.10.3-2021.10.win32_1.0.200.202301161003/tools/bin/../lib/gcc/arm-none-eabi/10.3.1/thumb/v6-m/nofp/crti.o
                0x000000000800451c                _init
 .init          0x0000000008004520        0x8 c:/st/stm32cubeide_1.12.0/stm32cubeide/plugins/com.st.stm32cube.ide.mcu.externaltools.gnu-tools-for-stm32.10.3-2021.10.win32_1.0.200.202301161003/tools/bin/../lib/gcc/arm-none-eabi/10.3.1/thumb/v6-m/nofp/crtn.o
 *(.fini)
 .fini          0x0000000008004528        0x4 c:/st/stm32cubeide_1.12.0/stm32cubeide/plugins/com.st.stm32cube.ide.mcu.externaltools.gnu-tools-for-stm32.10.3-2021.10.win32_1.0.200.202301161003/tools/bin/../lib/gcc/arm-none-eabi/10.3.1/thumb/v6-m/nofp/crti.o
                0x0000000008004528                _fini
 .fini          0x000000000800452c        0x8 c:/st/stm32cubeide_1.12.0/stm32cubeide/plugins/com.st.stm32cube.ide.mcu.externaltools.gnu-tools-for-stm32.10.3-2021.10.win32_1.0.200.202301161003/tools/bin/../lib/gcc/arm-none-eabi/10.3.1/thumb/v6-m/nofp/crtn.o
                0x0000000008004534                . = ALIGN (0x4)
                0x0000000008004534                _etext = .

.vfp11_veneer   0x0000000008004534        0x0
 .vfp11_veneer  0x0000000008004534        0x0 linker stubs

.v4_bx          0x0000000008004534        0x0
 .v4_bx         0x0000000008004534        0x0 linker stubs

.iplt           0x0000000008004534        0x0
 .iplt          0x0000000008004534        0x0 c:/st/stm32cubeide_1.12.0/stm32cubeide/plugins/com.st.stm32cube.ide.mcu.externaltools.gnu-tools-for-stm32.10.3-2021.10.win32_1.0.200.202301161003/tools/bin/../lib/gcc/arm-none-eabi/10.3.1/thumb/v6-m/nofp/crtbegin.o

.rodata         0x0000000008004534       0x94
                0x0000000008004534                . = ALIGN (0x4)
 *(.rodata)
 *(.rodata*)
 .rodata.AHBPrescTable
                0x0000000008004534       0x10 ./Core/Src/system_stm32l0xx.o
                0x0000000008004534                AHBPrescTable
 .rodata.APBPrescTable
                0x0000000008004544        0x8 ./Core/Src/system_stm32l0xx.o
                0x0000000008004544                APBPrescTable
 .rodata.PLLMulTable
                0x000000000800454c        0x9 ./Core/Src/system_stm32l0xx.o
                0x000000000800454c                PLLMulTable
 *fill*         0x0000000008004555        0x3 
 .rodata.UART_SetConfig
                0x0000000008004558       0x48 ./Drivers/STM32L0xx_HAL_Driver/Src/stm32l0xx_hal_uart.o
 .rodata.__utoa.str1.1
                0x00000000080045a0       0x25 c:/st/stm32cubeide_1.12.0/stm32cubeide/plugins/com.st.stm32cube.ide.mcu.externaltools.gnu-tools-for-stm32.10.3-2021.10.win32_1.0.200.202301161003/tools/bin/../lib/gcc/arm-none-eabi/10.3.1/../../../../arm-none-eabi/lib/thumb/v6-m/nofp\libc_nano.a(lib_a-utoa.o)
                0x00000000080045c8                . = ALIGN (0x4)
 *fill*         0x00000000080045c5        0x3 

.ARM.extab      0x00000000080045c8        0x0
                0x00000000080045c8                . = ALIGN (0x4)
 *(.ARM.extab* .gnu.linkonce.armextab.*)
                0x00000000080045c8                . = ALIGN (0x4)

.ARM            0x00000000080045c8        0x8
                0x00000000080045c8                . = ALIGN (0x4)
                0x00000000080045c8                __exidx_start = .
 *(.ARM.exidx*)
 .ARM.exidx     0x00000000080045c8        0x8 c:/st/stm32cubeide_1.12.0/stm32cubeide/plugins/com.st.stm32cube.ide.mcu.externaltools.gnu-tools-for-stm32.10.3-2021.10.win32_1.0.200.202301161003/tools/bin/../lib/gcc/arm-none-eabi/10.3.1/thumb/v6-m/nofp\libgcc.a(_udivmoddi4.o)
                0x00000000080045d0                __exidx_end = .
                0x00000000080045d0                . = ALIGN (0x4)

.rel.dyn        0x00000000080045d0        0x0
 .rel.iplt      0x00000000080045d0        0x0 c:/st/stm32cubeide_1.12.0/stm32cubeide/plugins/com.st.stm32cube.ide.mcu.externaltools.gnu-tools-for-stm32.10.3-2021.10.win32_1.0.200.202301161003/tools/bin/../lib/gcc/arm-none-eabi/10.3.1/thumb/v6-m/nofp/crtbegin.o

.preinit_array  0x00000000080045d0        0x0
                0x00000000080045d0                . = ALIGN (0x4)
                0x00000000080045d0                PROVIDE (__preinit_array_start = .)
 *(.preinit_array*)
                0x00000000080045d0                PROVIDE (__preinit_array_end = .)
                0x00000000080045d0                . = ALIGN (0x4)

.init_array     0x00000000080045d0        0x4
                0x00000000080045d0                . = ALIGN (0x4)
                0x00000000080045d0                PROVIDE (__init_array_start = .)
 *(SORT_BY_NAME(.init_array.*))
 *(.init_array*)
 .init_array    0x00000000080045d0        0x4 c:/st/stm32cubeide_1.12.0/stm32cubeide/plugins/com.st.stm32cube.ide.mcu.externaltools.gnu-tools-for-stm32.10.3-2021.10.win32_1.0.200.202301161003/tools/bin/../lib/gcc/arm-none-eabi/10.3.1/thumb/v6-m/nofp/crtbegin.o
                0x00000000080045d4                PROVIDE (__init_array_end = .)
                0x00000000080045d4                . = ALIGN (0x4)

.fini_array     0x00000000080045d4        0x4
                0x00000000080045d4                . = ALIGN (0x4)
                [!provide]                        PROVIDE (__fini_array_start = .)
 *(SORT_BY_NAME(.fini_array.*))
 *(.fini_array*)
 .fini_array    0x00000000080045d4        0x4 c:/st/stm32cubeide_1.12.0/stm32cubeide/plugins/com.st.stm32cube.ide.mcu.externaltools.gnu-tools-for-stm32.10.3-2021.10.win32_1.0.200.202301161003/tools/bin/../lib/gcc/arm-none-eabi/10.3.1/thumb/v6-m/nofp/crtbegin.o
                [!provide]                        PROVIDE (__fini_array_end = .)
                0x00000000080045d8                . = ALIGN (0x4)
                0x00000000080045d8                _sidata = LOADADDR (.data)

.data           0x0000000020000000        0xc load address 0x00000000080045d8
                0x0000000020000000                . = ALIGN (0x4)
                0x0000000020000000                _sdata = .
 *(.data)
 *(.data*)
 .data.SystemCoreClock
                0x0000000020000000        0x4 ./Core/Src/system_stm32l0xx.o
                0x0000000020000000                SystemCoreClock
 .data.uwTickPrio
                0x0000000020000004        0x4 ./Drivers/STM32L0xx_HAL_Driver/Src/stm32l0xx_hal.o
                0x0000000020000004                uwTickPrio
 .data.uwTickFreq
                0x0000000020000008        0x1 ./Drivers/STM32L0xx_HAL_Driver/Src/stm32l0xx_hal.o
                0x0000000020000008                uwTickFreq
 *(.RamFunc)
 *(.RamFunc*)
                0x000000002000000c                . = ALIGN (0x4)
 *fill*         0x0000000020000009        0x3 
                0x000000002000000c                _edata = .

.igot.plt       0x000000002000000c        0x0 load address 0x00000000080045e4
 .igot.plt      0x000000002000000c        0x0 c:/st/stm32cubeide_1.12.0/stm32cubeide/plugins/com.st.stm32cube.ide.mcu.externaltools.gnu-tools-for-stm32.10.3-2021.10.win32_1.0.200.202301161003/tools/bin/../lib/gcc/arm-none-eabi/10.3.1/thumb/v6-m/nofp/crtbegin.o
                0x000000002000000c                . = ALIGN (0x4)

.bss            0x000000002000000c      0x208 load address 0x00000000080045e4
                0x000000002000000c                _sbss = .
                0x000000002000000c                __bss_start__ = _sbss
 *(.bss)
 .bss           0x000000002000000c       0x1c c:/st/stm32cubeide_1.12.0/stm32cubeide/plugins/com.st.stm32cube.ide.mcu.externaltools.gnu-tools-for-stm32.10.3-2021.10.win32_1.0.200.202301161003/tools/bin/../lib/gcc/arm-none-eabi/10.3.1/thumb/v6-m/nofp/crtbegin.o
 *(.bss*)
 .bss.hadc      0x0000000020000028       0x5c ./Core/Src/main.o
                0x0000000020000028                hadc
 .bss.hdma_adc  0x0000000020000084       0x48 ./Core/Src/main.o
                0x0000000020000084                hdma_adc
 .bss.hrtc      0x00000000200000cc       0x24 ./Core/Src/main.o
                0x00000000200000cc                hrtc
 .bss.hspi1     0x00000000200000f0       0x58 ./Core/Src/main.o
                0x00000000200000f0                hspi1
 .bss.huart1    0x0000000020000148       0x88 ./Core/Src/main.o
                0x0000000020000148                huart1
 .bss.adc_buffer
                0x00000000200001d0       0x40 ./Core/Src/main.o
                0x00000000200001d0                adc_buffer
 .bss.uwTick    0x0000000020000210        0x4 ./Drivers/STM32L0xx_HAL_Driver/Src/stm32l0xx_hal.o
                0x0000000020000210                uwTick
 *(COMMON)
                0x0000000020000214                . = ALIGN (0x4)
                0x0000000020000214                _ebss = .
                0x0000000020000214                __bss_end__ = _ebss

._user_heap_stack
                0x0000000020000214      0x604 load address 0x00000000080045e4
                0x0000000020000218                . = ALIGN (0x8)
 *fill*         0x0000000020000214        0x4 
                [!provide]                        PROVIDE (end = .)
                0x0000000020000218                PROVIDE (_end = .)
                0x0000000020000418                . = (. + _Min_Heap_Size)
 *fill*         0x0000000020000218      0x200 
                0x0000000020000818                . = (. + _Min_Stack_Size)
 *fill*         0x0000000020000418      0x400 
                0x0000000020000818                . = ALIGN (0x8)

/DISCARD/
 libc.a(*)
 libm.a(*)
 libgcc.a(*)

.ARM.attributes
                0x0000000000000000       0x28
 *(.ARM.attributes)
 .ARM.attributes
                0x0000000000000000       0x1e c:/st/stm32cubeide_1.12.0/stm32cubeide/plugins/com.st.stm32cube.ide.mcu.externaltools.gnu-tools-for-stm32.10.3-2021.10.win32_1.0.200.202301161003/tools/bin/../lib/gcc/arm-none-eabi/10.3.1/thumb/v6-m/nofp/crti.o
 .ARM.attributes
                0x000000000000001e       0x2c c:/st/stm32cubeide_1.12.0/stm32cubeide/plugins/com.st.stm32cube.ide.mcu.externaltools.gnu-tools-for-stm32.10.3-2021.10.win32_1.0.200.202301161003/tools/bin/../lib/gcc/arm-none-eabi/10.3.1/thumb/v6-m/nofp/crtbegin.o
 .ARM.attributes
                0x000000000000004a       0x2c ./Core/Src/main.o
 .ARM.attributes
                0x0000000000000076       0x2c ./Core/Src/stm32l0xx_hal_msp.o
 .ARM.attributes
                0x00000000000000a2       0x2c ./Core/Src/stm32l0xx_it.o
 .ARM.attributes
                0x00000000000000ce       0x2c ./Core/Src/system_stm32l0xx.o
 .ARM.attributes
                0x00000000000000fa       0x22 ./Core/Startup/startup_stm32l051k8tx.o
 .ARM.attributes
                0x000000000000011c       0x2c ./Drivers/STM32L0xx_HAL_Driver/Src/stm32l0xx_hal.o
 .ARM.attributes
                0x0000000000000148       0x2c ./Drivers/STM32L0xx_HAL_Driver/Src/stm32l0xx_hal_adc.o
 .ARM.attributes
                0x0000000000000174       0x2c ./Drivers/STM32L0xx_HAL_Driver/Src/stm32l0xx_hal_cortex.o
 .ARM.attributes
                0x00000000000001a0       0x2c ./Drivers/STM32L0xx_HAL_Driver/Src/stm32l0xx_hal_dma.o
 .ARM.attributes
                0x00000000000001cc       0x2c ./Drivers/STM32L0xx_HAL_Driver/Src/stm32l0xx_hal_gpio.o
 .ARM.attributes
                0x00000000000001f8       0x2c ./Drivers/STM32L0xx_HAL_Driver/Src/stm32l0xx_hal_pwr.o
 .ARM.attributes
                0x0000000000000224       0x2c ./Drivers/STM32L0xx_HAL_Driver/Src/stm32l0xx_hal_rcc.o
 .ARM.attributes
                0x0000000000000250       0x2c ./Drivers/STM32L0xx_HAL_Driver/Src/stm32l0xx_hal_rcc_ex.o
 .ARM.attributes
                0x000000000000027c       0x2c ./Drivers/STM32L0xx_HAL_Driver/Src/stm32l0xx_hal_rtc.o
 .ARM.attributes
                0x00000000000002a8       0x2c ./Drivers/STM32L0xx_HAL_Driver/Src/stm32l0xx_hal_rtc_ex.o
 .ARM.attributes
                0x00000000000002d4       0x2c ./Drivers/STM32L0xx_HAL_Driver/Src/stm32l0xx_hal_spi.o
 .ARM.attributes
                0x0000000000000300       0x2c ./Drivers/STM32L0xx_HAL_Driver/Src/stm32l0xx_hal_uart.o
 .ARM.attributes
                0x000000000000032c       0x2c c:/st/stm32cubeide_1.12.0/stm32cubeide/plugins/com.st.stm32cube.ide.mcu.externaltools.gnu-tools-for-stm32.10.3-2021.10.win32_1.0.200.202301161003/tools/bin/../lib/gcc/arm-none-eabi/10.3.1/../../../../arm-none-eabi/lib/thumb/v6-m/nofp\libc_nano.a(lib_a-init.o)
 .ARM.attributes
                0x0000000000000358       0x2c c:/st/stm32cubeide_1.12.0/stm32cubeide/plugins/com.st.stm32cube.ide.mcu.externaltools.gnu-tools-for-stm32.10.3-2021.10.win32_1.0.200.202301161003/tools/bin/../lib/gcc/arm-none-eabi/10.3.1/../../../../arm-none-eabi/lib/thumb/v6-m/nofp\libc_nano.a(lib_a-itoa.o)
 .ARM.attributes
                0x0000000000000384       0x2c c:/st/stm32cubeide_1.12.0/stm32cubeide/plugins/com.st.stm32cube.ide.mcu.externaltools.gnu-tools-for-stm32.10.3-2021.10.win32_1.0.200.202301161003/tools/bin/../lib/gcc/arm-none-eabi/10.3.1/../../../../arm-none-eabi/lib/thumb/v6-m/nofp\libc_nano.a(lib_a-memset.o)
 .ARM.attributes
                0x00000000000003b0       0x1c c:/st/stm32cubeide_1.12.0/stm32cubeide/plugins/com.st.stm32cube.ide.mcu.externaltools.gnu-tools-for-stm32.10.3-2021.10.win32_1.0.200.202301161003/tools/bin/../lib/gcc/arm-none-eabi/10.3.1/../../../../arm-none-eabi/lib/thumb/v6-m/nofp\libc_nano.a(lib_a-strlen.o)
 .ARM.attributes
                0x00000000000003cc       0x2c c:/st/stm32cubeide_1.12.0/stm32cubeide/plugins/com.st.stm32cube.ide.mcu.externaltools.gnu-tools-for-stm32.10.3-2021.10.win32_1.0.200.202301161003/tools/bin/../lib/gcc/arm-none-eabi/10.3.1/../../../../arm-none-eabi/lib/thumb/v6-m/nofp\libc_nano.a(lib_a-utoa.o)
 .ARM.attributes
                0x00000000000003f8       0x2c c:/st/stm32cubeide_1.12.0/stm32cubeide/plugins/com.st.stm32cube.ide.mcu.externaltools.gnu-tools-for-stm32.10.3-2021.10.win32_1.0.200.202301161003/tools/bin/../lib/gcc/arm-none-eabi/10.3.1/../../../../arm-none-eabi/lib/thumb/v6-m/nofp\libc_nano.a(lib_a-memcpy-stub.o)
 .ARM.attributes
                0x0000000000000424       0x1e c:/st/stm32cubeide_1.12.0/stm32cubeide/plugins/com.st.stm32cube.ide.mcu.externaltools.gnu-tools-for-stm32.10.3-2021.10.win32_1.0.200.202301161003/tools/bin/../lib/gcc/arm-none-eabi/10.3.1/thumb/v6-m/nofp\libgcc.a(_udivsi3.o)
 .ARM.attributes
                0x0000000000000442       0x1e c:/st/stm32cubeide_1.12.0/stm32cubeide/plugins/com.st.stm32cube.ide.mcu.externaltools.gnu-tools-for-stm32.10.3-2021.10.win32_1.0.200.202301161003/tools/bin/../lib/gcc/arm-none-eabi/10.3.1/thumb/v6-m/nofp\libgcc.a(_dvmd_tls.o)
 .ARM.attributes
                0x0000000000000460       0x1e c:/st/stm32cubeide_1.12.0/stm32cubeide/plugins/com.st.stm32cube.ide.mcu.externaltools.gnu-tools-for-stm32.10.3-2021.10.win32_1.0.200.202301161003/tools/bin/../lib/gcc/arm-none-eabi/10.3.1/thumb/v6-m/nofp\libgcc.a(_aeabi_uldivmod.o)
 .ARM.attributes
                0x000000000000047e       0x2c c:/st/stm32cubeide_1.12.0/stm32cubeide/plugins/com.st.stm32cube.ide.mcu.externaltools.gnu-tools-for-stm32.10.3-2021.10.win32_1.0.200.202301161003/tools/bin/../lib/gcc/arm-none-eabi/10.3.1/thumb/v6-m/nofp\libgcc.a(_muldi3.o)
 .ARM.attributes
                0x00000000000004aa       0x2c c:/st/stm32cubeide_1.12.0/stm32cubeide/plugins/com.st.stm32cube.ide.mcu.externaltools.gnu-tools-for-stm32.10.3-2021.10.win32_1.0.200.202301161003/tools/bin/../lib/gcc/arm-none-eabi/10.3.1/thumb/v6-m/nofp\libgcc.a(_udivmoddi4.o)
 .ARM.attributes
                0x00000000000004d6       0x1e c:/st/stm32cubeide_1.12.0/stm32cubeide/plugins/com.st.stm32cube.ide.mcu.externaltools.gnu-tools-for-stm32.10.3-2021.10.win32_1.0.200.202301161003/tools/bin/../lib/gcc/arm-none-eabi/10.3.1/thumb/v6-m/nofp\libgcc.a(_clzdi2.o)
 .ARM.attributes
                0x00000000000004f4       0x1e c:/st/stm32cubeide_1.12.0/stm32cubeide/plugins/com.st.stm32cube.ide.mcu.externaltools.gnu-tools-for-stm32.10.3-2021.10.win32_1.0.200.202301161003/tools/bin/../lib/gcc/arm-none-eabi/10.3.1/thumb/v6-m/nofp\libgcc.a(_clzsi2.o)
 .ARM.attributes
                0x0000000000000512       0x1e c:/st/stm32cubeide_1.12.0/stm32cubeide/plugins/com.st.stm32cube.ide.mcu.externaltools.gnu-tools-for-stm32.10.3-2021.10.win32_1.0.200.202301161003/tools/bin/../lib/gcc/arm-none-eabi/10.3.1/thumb/v6-m/nofp/crtn.o
OUTPUT(SweetDreams.elf elf32-littlearm)
LOAD linker stubs
LOAD c:/st/stm32cubeide_1.12.0/stm32cubeide/plugins/com.st.stm32cube.ide.mcu.externaltools.gnu-tools-for-stm32.10.3-2021.10.win32_1.0.200.202301161003/tools/bin/../lib/gcc/arm-none-eabi/10.3.1/../../../../arm-none-eabi/lib/thumb/v6-m/nofp\libc.a
LOAD c:/st/stm32cubeide_1.12.0/stm32cubeide/plugins/com.st.stm32cube.ide.mcu.externaltools.gnu-tools-for-stm32.10.3-2021.10.win32_1.0.200.202301161003/tools/bin/../lib/gcc/arm-none-eabi/10.3.1/../../../../arm-none-eabi/lib/thumb/v6-m/nofp\libm.a
LOAD c:/st/stm32cubeide_1.12.0/stm32cubeide/plugins/com.st.stm32cube.ide.mcu.externaltools.gnu-tools-for-stm32.10.3-2021.10.win32_1.0.200.202301161003/tools/bin/../lib/gcc/arm-none-eabi/10.3.1/thumb/v6-m/nofp\libgcc.a

.debug_info     0x0000000000000000     0xe880
 .debug_info    0x0000000000000000     0x1a6f ./Core/Src/main.o
 .debug_info    0x0000000000001a6f     0x13e1 ./Core/Src/stm32l0xx_hal_msp.o
 .debug_info    0x0000000000002e50      0x608 ./Core/Src/stm32l0xx_it.o
 .debug_info    0x0000000000003458      0x309 ./Core/Src/system_stm32l0xx.o
 .debug_info    0x0000000000003761       0x22 ./Core/Startup/startup_stm32l051k8tx.o
 .debug_info    0x0000000000003783      0x887 ./Drivers/STM32L0xx_HAL_Driver/Src/stm32l0xx_hal.o
 .debug_info    0x000000000000400a      0xd91 ./Drivers/STM32L0xx_HAL_Driver/Src/stm32l0xx_hal_adc.o
 .debug_info    0x0000000000004d9b      0x8c8 ./Drivers/STM32L0xx_HAL_Driver/Src/stm32l0xx_hal_cortex.o
 .debug_info    0x0000000000005663      0x75b ./Drivers/STM32L0xx_HAL_Driver/Src/stm32l0xx_hal_dma.o
 .debug_info    0x0000000000005dbe      0x6a2 ./Drivers/STM32L0xx_HAL_Driver/Src/stm32l0xx_hal_gpio.o
 .debug_info    0x0000000000006460      0x62e ./Drivers/STM32L0xx_HAL_Driver/Src/stm32l0xx_hal_pwr.o
 .debug_info    0x0000000000006a8e      0x9b3 ./Drivers/STM32L0xx_HAL_Driver/Src/stm32l0xx_hal_rcc.o
 .debug_info    0x0000000000007441      0x4da ./Drivers/STM32L0xx_HAL_Driver/Src/stm32l0xx_hal_rcc_ex.o
 .debug_info    0x000000000000791b      0xc2b ./Drivers/STM32L0xx_HAL_Driver/Src/stm32l0xx_hal_rtc.o
 .debug_info    0x0000000000008546      0xe70 ./Drivers/STM32L0xx_HAL_Driver/Src/stm32l0xx_hal_rtc_ex.o
 .debug_info    0x00000000000093b6     0x1714 ./Drivers/STM32L0xx_HAL_Driver/Src/stm32l0xx_hal_spi.o
 .debug_info    0x000000000000aaca     0x3db6 ./Drivers/STM32L0xx_HAL_Driver/Src/stm32l0xx_hal_uart.o

.debug_abbrev   0x0000000000000000     0x2223
 .debug_abbrev  0x0000000000000000      0x345 ./Core/Src/main.o
 .debug_abbrev  0x0000000000000345      0x23a ./Core/Src/stm32l0xx_hal_msp.o
 .debug_abbrev  0x000000000000057f      0x170 ./Core/Src/stm32l0xx_it.o
 .debug_abbrev  0x00000000000006ef      0x116 ./Core/Src/system_stm32l0xx.o
 .debug_abbrev  0x0000000000000805       0x12 ./Core/Startup/startup_stm32l051k8tx.o
 .debug_abbrev  0x0000000000000817      0x29a ./Drivers/STM32L0xx_HAL_Driver/Src/stm32l0xx_hal.o
 .debug_abbrev  0x0000000000000ab1      0x234 ./Drivers/STM32L0xx_HAL_Driver/Src/stm32l0xx_hal_adc.o
 .debug_abbrev  0x0000000000000ce5      0x28e ./Drivers/STM32L0xx_HAL_Driver/Src/stm32l0xx_hal_cortex.o
 .debug_abbrev  0x0000000000000f73      0x1c6 ./Drivers/STM32L0xx_HAL_Driver/Src/stm32l0xx_hal_dma.o
 .debug_abbrev  0x0000000000001139      0x1bb ./Drivers/STM32L0xx_HAL_Driver/Src/stm32l0xx_hal_gpio.o
 .debug_abbrev  0x00000000000012f4      0x187 ./Drivers/STM32L0xx_HAL_Driver/Src/stm32l0xx_hal_pwr.o
 .debug_abbrev  0x000000000000147b      0x28e ./Drivers/STM32L0xx_HAL_Driver/Src/stm32l0xx_hal_rcc.o
 .debug_abbrev  0x0000000000001709      0x1c5 ./Drivers/STM32L0xx_HAL_Driver/Src/stm32l0xx_hal_rcc_ex.o
 .debug_abbrev  0x00000000000018ce      0x1f1 ./Drivers/STM32L0xx_HAL_Driver/Src/stm32l0xx_hal_rtc.o
 .debug_abbrev  0x0000000000001abf      0x22b ./Drivers/STM32L0xx_HAL_Driver/Src/stm32l0xx_hal_rtc_ex.o
 .debug_abbrev  0x0000000000001cea      0x26e ./Drivers/STM32L0xx_HAL_Driver/Src/stm32l0xx_hal_spi.o
 .debug_abbrev  0x0000000000001f58      0x2cb ./Drivers/STM32L0xx_HAL_Driver/Src/stm32l0xx_hal_uart.o

.debug_aranges  0x0000000000000000      0xcc0
 .debug_aranges
                0x0000000000000000       0x88 ./Core/Src/main.o
 .debug_aranges
                0x0000000000000088       0x60 ./Core/Src/stm32l0xx_hal_msp.o
 .debug_aranges
                0x00000000000000e8       0x50 ./Core/Src/stm32l0xx_it.o
 .debug_aranges
                0x0000000000000138       0x28 ./Core/Src/system_stm32l0xx.o
 .debug_aranges
                0x0000000000000160       0x28 ./Core/Startup/startup_stm32l051k8tx.o
 .debug_aranges
                0x0000000000000188      0x110 ./Drivers/STM32L0xx_HAL_Driver/Src/stm32l0xx_hal.o
 .debug_aranges
                0x0000000000000298      0x100 ./Drivers/STM32L0xx_HAL_Driver/Src/stm32l0xx_hal_adc.o
 .debug_aranges
                0x0000000000000398       0xd8 ./Drivers/STM32L0xx_HAL_Driver/Src/stm32l0xx_hal_cortex.o
 .debug_aranges
                0x0000000000000470       0x80 ./Drivers/STM32L0xx_HAL_Driver/Src/stm32l0xx_hal_dma.o
 .debug_aranges
                0x00000000000004f0       0x58 ./Drivers/STM32L0xx_HAL_Driver/Src/stm32l0xx_hal_gpio.o
 .debug_aranges
                0x0000000000000548       0xa0 ./Drivers/STM32L0xx_HAL_Driver/Src/stm32l0xx_hal_pwr.o
 .debug_aranges
                0x00000000000005e8       0x80 ./Drivers/STM32L0xx_HAL_Driver/Src/stm32l0xx_hal_rcc.o
 .debug_aranges
                0x0000000000000668       0x58 ./Drivers/STM32L0xx_HAL_Driver/Src/stm32l0xx_hal_rcc_ex.o
 .debug_aranges
                0x00000000000006c0       0xe8 ./Drivers/STM32L0xx_HAL_Driver/Src/stm32l0xx_hal_rtc.o
 .debug_aranges
                0x00000000000007a8      0x120 ./Drivers/STM32L0xx_HAL_Driver/Src/stm32l0xx_hal_rtc_ex.o
 .debug_aranges
                0x00000000000008c8      0x1d0 ./Drivers/STM32L0xx_HAL_Driver/Src/stm32l0xx_hal_spi.o
 .debug_aranges
                0x0000000000000a98      0x228 ./Drivers/STM32L0xx_HAL_Driver/Src/stm32l0xx_hal_uart.o

.debug_ranges   0x0000000000000000      0xbe8
 .debug_ranges  0x0000000000000000       0x78 ./Core/Src/main.o
 .debug_ranges  0x0000000000000078       0x50 ./Core/Src/stm32l0xx_hal_msp.o
 .debug_ranges  0x00000000000000c8       0x40 ./Core/Src/stm32l0xx_it.o
 .debug_ranges  0x0000000000000108       0x18 ./Core/Src/system_stm32l0xx.o
 .debug_ranges  0x0000000000000120       0x20 ./Core/Startup/startup_stm32l051k8tx.o
 .debug_ranges  0x0000000000000140      0x100 ./Drivers/STM32L0xx_HAL_Driver/Src/stm32l0xx_hal.o
 .debug_ranges  0x0000000000000240       0xf0 ./Drivers/STM32L0xx_HAL_Driver/Src/stm32l0xx_hal_adc.o
 .debug_ranges  0x0000000000000330       0xc8 ./Drivers/STM32L0xx_HAL_Driver/Src/stm32l0xx_hal_cortex.o
 .debug_ranges  0x00000000000003f8       0x70 ./Drivers/STM32L0xx_HAL_Driver/Src/stm32l0xx_hal_dma.o
 .debug_ranges  0x0000000000000468       0x48 ./Drivers/STM32L0xx_HAL_Driver/Src/stm32l0xx_hal_gpio.o
 .debug_ranges  0x00000000000004b0       0x90 ./Drivers/STM32L0xx_HAL_Driver/Src/stm32l0xx_hal_pwr.o
 .debug_ranges  0x0000000000000540       0x70 ./Drivers/STM32L0xx_HAL_Driver/Src/stm32l0xx_hal_rcc.o
 .debug_ranges  0x00000000000005b0       0x48 ./Drivers/STM32L0xx_HAL_Driver/Src/stm32l0xx_hal_rcc_ex.o
 .debug_ranges  0x00000000000005f8       0xd8 ./Drivers/STM32L0xx_HAL_Driver/Src/stm32l0xx_hal_rtc.o
 .debug_ranges  0x00000000000006d0      0x110 ./Drivers/STM32L0xx_HAL_Driver/Src/stm32l0xx_hal_rtc_ex.o
 .debug_ranges  0x00000000000007e0      0x1c0 ./Drivers/STM32L0xx_HAL_Driver/Src/stm32l0xx_hal_spi.o
 .debug_ranges  0x00000000000009a0      0x248 ./Drivers/STM32L0xx_HAL_Driver/Src/stm32l0xx_hal_uart.o

.debug_macro    0x0000000000000000    0x134fc
 .debug_macro   0x0000000000000000      0x396 ./Core/Src/main.o
 .debug_macro   0x0000000000000396      0xa4e ./Core/Src/main.o
 .debug_macro   0x0000000000000de4      0x131 ./Core/Src/main.o
 .debug_macro   0x0000000000000f15       0x2e ./Core/Src/main.o
 .debug_macro   0x0000000000000f43       0x28 ./Core/Src/main.o
 .debug_macro   0x0000000000000f6b       0x22 ./Core/Src/main.o
 .debug_macro   0x0000000000000f8d       0x8e ./Core/Src/main.o
 .debug_macro   0x000000000000101b       0x51 ./Core/Src/main.o
 .debug_macro   0x000000000000106c      0x103 ./Core/Src/main.o
 .debug_macro   0x000000000000116f       0x6a ./Core/Src/main.o
 .debug_macro   0x00000000000011d9      0x1df ./Core/Src/main.o
 .debug_macro   0x00000000000013b8       0x1c ./Core/Src/main.o
 .debug_macro   0x00000000000013d4       0x22 ./Core/Src/main.o
 .debug_macro   0x00000000000013f6       0xaf ./Core/Src/main.o
 .debug_macro   0x00000000000014a5      0x4da ./Core/Src/main.o
 .debug_macro   0x000000000000197f      0x11f ./Core/Src/main.o
 .debug_macro   0x0000000000001a9e     0x8248 ./Core/Src/main.o
 .debug_macro   0x0000000000009ce6       0x66 ./Core/Src/main.o
 .debug_macro   0x0000000000009d4c     0x3590 ./Core/Src/main.o
 .debug_macro   0x000000000000d2dc      0x174 ./Core/Src/main.o
 .debug_macro   0x000000000000d450       0x5c ./Core/Src/main.o
 .debug_macro   0x000000000000d4ac      0x8ae ./Core/Src/main.o
 .debug_macro   0x000000000000dd5a      0x625 ./Core/Src/main.o
 .debug_macro   0x000000000000e37f      0x190 ./Core/Src/main.o
 .debug_macro   0x000000000000e50f      0x13f ./Core/Src/main.o
 .debug_macro   0x000000000000e64e      0x161 ./Core/Src/main.o
 .debug_macro   0x000000000000e7af       0x82 ./Core/Src/main.o
 .debug_macro   0x000000000000e831      0x28e ./Core/Src/main.o
 .debug_macro   0x000000000000eabf      0x1e9 ./Core/Src/main.o
 .debug_macro   0x000000000000eca8      0x4e1 ./Core/Src/main.o
 .debug_macro   0x000000000000f189       0x65 ./Core/Src/main.o
 .debug_macro   0x000000000000f1ee      0x128 ./Core/Src/main.o
 .debug_macro   0x000000000000f316      0x2ab ./Core/Src/main.o
 .debug_macro   0x000000000000f5c1      0x22c ./Core/Src/main.o
 .debug_macro   0x000000000000f7ed       0x5b ./Core/Src/main.o
 .debug_macro   0x000000000000f848       0xa5 ./Core/Src/main.o
 .debug_macro   0x000000000000f8ed      0x180 ./Core/Src/main.o
 .debug_macro   0x000000000000fa6d       0x16 ./Core/Src/main.o
 .debug_macro   0x000000000000fa83      0x31a ./Core/Src/main.o
 .debug_macro   0x000000000000fd9d      0x405 ./Core/Src/main.o
 .debug_macro   0x00000000000101a2       0xf2 ./Core/Src/main.o
 .debug_macro   0x0000000000010294      0x22c ./Core/Src/main.o
 .debug_macro   0x00000000000104c0      0x5cf ./Core/Src/main.o
 .debug_macro   0x0000000000010a8f       0x44 ./Core/Src/main.o
 .debug_macro   0x0000000000010ad3      0x146 ./Core/Src/main.o
 .debug_macro   0x0000000000010c19       0x52 ./Core/Src/main.o
 .debug_macro   0x0000000000010c6b       0x18 ./Core/Src/main.o
 .debug_macro   0x0000000000010c83       0x3c ./Core/Src/main.o
 .debug_macro   0x0000000000010cbf       0x34 ./Core/Src/main.o
 .debug_macro   0x0000000000010cf3       0x16 ./Core/Src/main.o
 .debug_macro   0x0000000000010d09       0x35 ./Core/Src/main.o
 .debug_macro   0x0000000000010d3e      0x341 ./Core/Src/main.o
 .debug_macro   0x000000000001107f       0x10 ./Core/Src/main.o
 .debug_macro   0x000000000001108f       0x16 ./Core/Src/main.o
 .debug_macro   0x00000000000110a5       0x43 ./Core/Src/main.o
 .debug_macro   0x00000000000110e8       0x34 ./Core/Src/main.o
 .debug_macro   0x000000000001111c       0x10 ./Core/Src/main.o
 .debug_macro   0x000000000001112c       0x58 ./Core/Src/main.o
 .debug_macro   0x0000000000011184       0x71 ./Core/Src/main.o
 .debug_macro   0x00000000000111f5       0x1c ./Core/Src/main.o
 .debug_macro   0x0000000000011211      0x12a ./Core/Src/main.o
 .debug_macro   0x000000000001133b       0x10 ./Core/Src/main.o
 .debug_macro   0x000000000001134b       0x1c ./Core/Src/main.o
 .debug_macro   0x0000000000011367       0x52 ./Core/Src/main.o
 .debug_macro   0x00000000000113b9       0x22 ./Core/Src/main.o
 .debug_macro   0x00000000000113db       0x10 ./Core/Src/main.o
 .debug_macro   0x00000000000113eb       0x52 ./Core/Src/main.o
 .debug_macro   0x000000000001143d       0xd5 ./Core/Src/main.o
 .debug_macro   0x0000000000011512       0x1c ./Core/Src/main.o
 .debug_macro   0x000000000001152e       0x3d ./Core/Src/main.o
 .debug_macro   0x000000000001156b       0x16 ./Core/Src/main.o
 .debug_macro   0x0000000000011581      0x145 ./Core/Src/main.o
 .debug_macro   0x00000000000116c6       0x16 ./Core/Src/main.o
 .debug_macro   0x00000000000116dc       0x20 ./Core/Src/main.o
 .debug_macro   0x00000000000116fc      0x1fb ./Core/Src/stm32l0xx_hal_msp.o
 .debug_macro   0x00000000000118f7      0x205 ./Core/Src/stm32l0xx_it.o
 .debug_macro   0x0000000000011afc      0x1f1 ./Core/Src/system_stm32l0xx.o
 .debug_macro   0x0000000000011ced      0x215 ./Drivers/STM32L0xx_HAL_Driver/Src/stm32l0xx_hal.o
 .debug_macro   0x0000000000011f02      0x200 ./Drivers/STM32L0xx_HAL_Driver/Src/stm32l0xx_hal_adc.o
 .debug_macro   0x0000000000012102      0x1f1 ./Drivers/STM32L0xx_HAL_Driver/Src/stm32l0xx_hal_cortex.o
 .debug_macro   0x00000000000122f3      0x1f1 ./Drivers/STM32L0xx_HAL_Driver/Src/stm32l0xx_hal_dma.o
 .debug_macro   0x00000000000124e4      0x1f8 ./Drivers/STM32L0xx_HAL_Driver/Src/stm32l0xx_hal_gpio.o
 .debug_macro   0x00000000000126dc      0x209 ./Drivers/STM32L0xx_HAL_Driver/Src/stm32l0xx_hal_pwr.o
 .debug_macro   0x00000000000128e5      0x227 ./Drivers/STM32L0xx_HAL_Driver/Src/stm32l0xx_hal_rcc.o
 .debug_macro   0x0000000000012b0c      0x1f1 ./Drivers/STM32L0xx_HAL_Driver/Src/stm32l0xx_hal_rcc_ex.o
 .debug_macro   0x0000000000012cfd      0x1f2 ./Drivers/STM32L0xx_HAL_Driver/Src/stm32l0xx_hal_rtc.o
 .debug_macro   0x0000000000012eef      0x1f1 ./Drivers/STM32L0xx_HAL_Driver/Src/stm32l0xx_hal_rtc_ex.o
 .debug_macro   0x00000000000130e0      0x200 ./Drivers/STM32L0xx_HAL_Driver/Src/stm32l0xx_hal_spi.o
 .debug_macro   0x00000000000132e0      0x21c ./Drivers/STM32L0xx_HAL_Driver/Src/stm32l0xx_hal_uart.o

.debug_line     0x0000000000000000     0xf84c
 .debug_line    0x0000000000000000      0xca6 ./Core/Src/main.o
 .debug_line    0x0000000000000ca6      0x884 ./Core/Src/stm32l0xx_hal_msp.o
 .debug_line    0x000000000000152a      0x7d6 ./Core/Src/stm32l0xx_it.o
 .debug_line    0x0000000000001d00      0x7f2 ./Core/Src/system_stm32l0xx.o
 .debug_line    0x00000000000024f2       0x89 ./Core/Startup/startup_stm32l051k8tx.o
 .debug_line    0x000000000000257b      0xa95 ./Drivers/STM32L0xx_HAL_Driver/Src/stm32l0xx_hal.o
 .debug_line    0x0000000000003010     0x11ac ./Drivers/STM32L0xx_HAL_Driver/Src/stm32l0xx_hal_adc.o
 .debug_line    0x00000000000041bc      0xb73 ./Drivers/STM32L0xx_HAL_Driver/Src/stm32l0xx_hal_cortex.o
 .debug_line    0x0000000000004d2f      0xc84 ./Drivers/STM32L0xx_HAL_Driver/Src/stm32l0xx_hal_dma.o
 .debug_line    0x00000000000059b3      0xb23 ./Drivers/STM32L0xx_HAL_Driver/Src/stm32l0xx_hal_gpio.o
 .debug_line    0x00000000000064d6      0x984 ./Drivers/STM32L0xx_HAL_Driver/Src/stm32l0xx_hal_pwr.o
 .debug_line    0x0000000000006e5a      0xecd ./Drivers/STM32L0xx_HAL_Driver/Src/stm32l0xx_hal_rcc.o
 .debug_line    0x0000000000007d27      0xb02 ./Drivers/STM32L0xx_HAL_Driver/Src/stm32l0xx_hal_rcc_ex.o
 .debug_line    0x0000000000008829     0x1119 ./Drivers/STM32L0xx_HAL_Driver/Src/stm32l0xx_hal_rtc.o
 .debug_line    0x0000000000009942     0x14db ./Drivers/STM32L0xx_HAL_Driver/Src/stm32l0xx_hal_rtc_ex.o
 .debug_line    0x000000000000ae1d     0x1cbb ./Drivers/STM32L0xx_HAL_Driver/Src/stm32l0xx_hal_spi.o
 .debug_line    0x000000000000cad8     0x2d74 ./Drivers/STM32L0xx_HAL_Driver/Src/stm32l0xx_hal_uart.o

.debug_str      0x0000000000000000    0x77c9c
 .debug_str     0x0000000000000000    0x75111 ./Core/Src/main.o
                                      0x7551f (size before relaxing)
 .debug_str     0x0000000000075111      0x101 ./Core/Src/stm32l0xx_hal_msp.o
                                      0x7131f (size before relaxing)
 .debug_str     0x0000000000075212       0xdd ./Core/Src/stm32l0xx_it.o
                                      0x70a21 (size before relaxing)
 .debug_str     0x00000000000752ef       0x99 ./Core/Src/system_stm32l0xx.o
                                      0x70724 (size before relaxing)
 .debug_str     0x0000000000075388       0x36 ./Core/Startup/startup_stm32l051k8tx.o
                                         0x75 (size before relaxing)
 .debug_str     0x00000000000753be      0x449 ./Drivers/STM32L0xx_HAL_Driver/Src/stm32l0xx_hal.o
                                      0x70df5 (size before relaxing)
 .debug_str     0x0000000000075807      0x2fd ./Drivers/STM32L0xx_HAL_Driver/Src/stm32l0xx_hal_adc.o
                                      0x70e10 (size before relaxing)
 .debug_str     0x0000000000075b04      0x268 ./Drivers/STM32L0xx_HAL_Driver/Src/stm32l0xx_hal_cortex.o
                                      0x70b59 (size before relaxing)
 .debug_str     0x0000000000075d6c      0x219 ./Drivers/STM32L0xx_HAL_Driver/Src/stm32l0xx_hal_dma.o
                                      0x70a98 (size before relaxing)
 .debug_str     0x0000000000075f85       0xf9 ./Drivers/STM32L0xx_HAL_Driver/Src/stm32l0xx_hal_gpio.o
                                      0x708c4 (size before relaxing)
 .debug_str     0x000000000007607e      0x261 ./Drivers/STM32L0xx_HAL_Driver/Src/stm32l0xx_hal_pwr.o
                                      0x709af (size before relaxing)
 .debug_str     0x00000000000762df      0x2b7 ./Drivers/STM32L0xx_HAL_Driver/Src/stm32l0xx_hal_rcc.o
                                      0x70c25 (size before relaxing)
 .debug_str     0x0000000000076596      0x120 ./Drivers/STM32L0xx_HAL_Driver/Src/stm32l0xx_hal_rcc_ex.o
                                      0x70952 (size before relaxing)
 .debug_str     0x00000000000766b6      0x33e ./Drivers/STM32L0xx_HAL_Driver/Src/stm32l0xx_hal_rtc.o
                                      0x70bda (size before relaxing)
 .debug_str     0x00000000000769f4      0x4cc ./Drivers/STM32L0xx_HAL_Driver/Src/stm32l0xx_hal_rtc_ex.o
                                      0x70e7c (size before relaxing)
 .debug_str     0x0000000000076ec0      0x54a ./Drivers/STM32L0xx_HAL_Driver/Src/stm32l0xx_hal_spi.o
                                      0x71021 (size before relaxing)
 .debug_str     0x000000000007740a      0x892 ./Drivers/STM32L0xx_HAL_Driver/Src/stm32l0xx_hal_uart.o
                                      0x714e4 (size before relaxing)

.comment        0x0000000000000000       0x50
 .comment       0x0000000000000000       0x50 ./Core/Src/main.o
                                         0x51 (size before relaxing)
 .comment       0x0000000000000050       0x51 ./Core/Src/stm32l0xx_hal_msp.o
 .comment       0x0000000000000050       0x51 ./Core/Src/stm32l0xx_it.o
 .comment       0x0000000000000050       0x51 ./Core/Src/system_stm32l0xx.o
 .comment       0x0000000000000050       0x51 ./Drivers/STM32L0xx_HAL_Driver/Src/stm32l0xx_hal.o
 .comment       0x0000000000000050       0x51 ./Drivers/STM32L0xx_HAL_Driver/Src/stm32l0xx_hal_adc.o
 .comment       0x0000000000000050       0x51 ./Drivers/STM32L0xx_HAL_Driver/Src/stm32l0xx_hal_cortex.o
 .comment       0x0000000000000050       0x51 ./Drivers/STM32L0xx_HAL_Driver/Src/stm32l0xx_hal_dma.o
 .comment       0x0000000000000050       0x51 ./Drivers/STM32L0xx_HAL_Driver/Src/stm32l0xx_hal_gpio.o
 .comment       0x0000000000000050       0x51 ./Drivers/STM32L0xx_HAL_Driver/Src/stm32l0xx_hal_pwr.o
 .comment       0x0000000000000050       0x51 ./Drivers/STM32L0xx_HAL_Driver/Src/stm32l0xx_hal_rcc.o
 .comment       0x0000000000000050       0x51 ./Drivers/STM32L0xx_HAL_Driver/Src/stm32l0xx_hal_rcc_ex.o
 .comment       0x0000000000000050       0x51 ./Drivers/STM32L0xx_HAL_Driver/Src/stm32l0xx_hal_rtc.o
 .comment       0x0000000000000050       0x51 ./Drivers/STM32L0xx_HAL_Driver/Src/stm32l0xx_hal_rtc_ex.o
 .comment       0x0000000000000050       0x51 ./Drivers/STM32L0xx_HAL_Driver/Src/stm32l0xx_hal_spi.o
 .comment       0x0000000000000050       0x51 ./Drivers/STM32L0xx_HAL_Driver/Src/stm32l0xx_hal_uart.o

.debug_frame    0x0000000000000000     0x2e34
 .debug_frame   0x0000000000000000      0x1cc ./Core/Src/main.o
 .debug_frame   0x00000000000001cc      0x12c ./Core/Src/stm32l0xx_hal_msp.o
 .debug_frame   0x00000000000002f8       0xd4 ./Core/Src/stm32l0xx_it.o
 .debug_frame   0x00000000000003cc       0x4c ./Core/Src/system_stm32l0xx.o
 .debug_frame   0x0000000000000418      0x394 ./Drivers/STM32L0xx_HAL_Driver/Src/stm32l0xx_hal.o
 .debug_frame   0x00000000000007ac      0x3c0 ./Drivers/STM32L0xx_HAL_Driver/Src/stm32l0xx_hal_adc.o
 .debug_frame   0x0000000000000b6c      0x2fc ./Drivers/STM32L0xx_HAL_Driver/Src/stm32l0xx_hal_cortex.o
 .debug_frame   0x0000000000000e68      0x1b0 ./Drivers/STM32L0xx_HAL_Driver/Src/stm32l0xx_hal_dma.o
 .debug_frame   0x0000000000001018      0x110 ./Drivers/STM32L0xx_HAL_Driver/Src/stm32l0xx_hal_gpio.o
 .debug_frame   0x0000000000001128      0x200 ./Drivers/STM32L0xx_HAL_Driver/Src/stm32l0xx_hal_pwr.o
 .debug_frame   0x0000000000001328      0x1a8 ./Drivers/STM32L0xx_HAL_Driver/Src/stm32l0xx_hal_rcc.o
 .debug_frame   0x00000000000014d0       0xfc ./Drivers/STM32L0xx_HAL_Driver/Src/stm32l0xx_hal_rcc_ex.o
 .debug_frame   0x00000000000015cc      0x360 ./Drivers/STM32L0xx_HAL_Driver/Src/stm32l0xx_hal_rtc.o
 .debug_frame   0x000000000000192c      0x438 ./Drivers/STM32L0xx_HAL_Driver/Src/stm32l0xx_hal_rtc_ex.o
 .debug_frame   0x0000000000001d64      0x6f0 ./Drivers/STM32L0xx_HAL_Driver/Src/stm32l0xx_hal_spi.o
 .debug_frame   0x0000000000002454      0x854 ./Drivers/STM32L0xx_HAL_Driver/Src/stm32l0xx_hal_uart.o
 .debug_frame   0x0000000000002ca8       0x2c c:/st/stm32cubeide_1.12.0/stm32cubeide/plugins/com.st.stm32cube.ide.mcu.externaltools.gnu-tools-for-stm32.10.3-2021.10.win32_1.0.200.202301161003/tools/bin/../lib/gcc/arm-none-eabi/10.3.1/../../../../arm-none-eabi/lib/thumb/v6-m/nofp\libc_nano.a(lib_a-init.o)
 .debug_frame   0x0000000000002cd4       0x40 c:/st/stm32cubeide_1.12.0/stm32cubeide/plugins/com.st.stm32cube.ide.mcu.externaltools.gnu-tools-for-stm32.10.3-2021.10.win32_1.0.200.202301161003/tools/bin/../lib/gcc/arm-none-eabi/10.3.1/../../../../arm-none-eabi/lib/thumb/v6-m/nofp\libc_nano.a(lib_a-itoa.o)
 .debug_frame   0x0000000000002d14       0x20 c:/st/stm32cubeide_1.12.0/stm32cubeide/plugins/com.st.stm32cube.ide.mcu.externaltools.gnu-tools-for-stm32.10.3-2021.10.win32_1.0.200.202301161003/tools/bin/../lib/gcc/arm-none-eabi/10.3.1/../../../../arm-none-eabi/lib/thumb/v6-m/nofp\libc_nano.a(lib_a-memset.o)
 .debug_frame   0x0000000000002d34       0x48 c:/st/stm32cubeide_1.12.0/stm32cubeide/plugins/com.st.stm32cube.ide.mcu.externaltools.gnu-tools-for-stm32.10.3-2021.10.win32_1.0.200.202301161003/tools/bin/../lib/gcc/arm-none-eabi/10.3.1/../../../../arm-none-eabi/lib/thumb/v6-m/nofp\libc_nano.a(lib_a-utoa.o)
 .debug_frame   0x0000000000002d7c       0x28 c:/st/stm32cubeide_1.12.0/stm32cubeide/plugins/com.st.stm32cube.ide.mcu.externaltools.gnu-tools-for-stm32.10.3-2021.10.win32_1.0.200.202301161003/tools/bin/../lib/gcc/arm-none-eabi/10.3.1/../../../../arm-none-eabi/lib/thumb/v6-m/nofp\libc_nano.a(lib_a-memcpy-stub.o)
 .debug_frame   0x0000000000002da4       0x20 c:/st/stm32cubeide_1.12.0/stm32cubeide/plugins/com.st.stm32cube.ide.mcu.externaltools.gnu-tools-for-stm32.10.3-2021.10.win32_1.0.200.202301161003/tools/bin/../lib/gcc/arm-none-eabi/10.3.1/thumb/v6-m/nofp\libgcc.a(_udivsi3.o)
 .debug_frame   0x0000000000002dc4       0x34 c:/st/stm32cubeide_1.12.0/stm32cubeide/plugins/com.st.stm32cube.ide.mcu.externaltools.gnu-tools-for-stm32.10.3-2021.10.win32_1.0.200.202301161003/tools/bin/../lib/gcc/arm-none-eabi/10.3.1/thumb/v6-m/nofp\libgcc.a(_muldi3.o)
 .debug_frame   0x0000000000002df8       0x3c c:/st/stm32cubeide_1.12.0/stm32cubeide/plugins/com.st.stm32cube.ide.mcu.externaltools.gnu-tools-for-stm32.10.3-2021.10.win32_1.0.200.202301161003/tools/bin/../lib/gcc/arm-none-eabi/10.3.1/thumb/v6-m/nofp\libgcc.a(_udivmoddi4.o)
