15:15:31 **** Incremental Build of configuration Debug for project SweetDreams ****
make -j8 all 
arm-none-eabi-gcc "../Core/Src/main.c" -mcpu=cortex-m0plus -std=gnu11 -g3 -DDEBUG -DUSE_HAL_DRIVER -DSTM32L051xx -c -I../Core/Inc -I../Drivers/STM32L0xx_HAL_Driver/Inc -I../Drivers/STM32L0xx_HAL_Driver/Inc/Legacy -I../Drivers/CMSIS/Device/ST/STM32L0xx/Include -I../Drivers/CMSIS/Include -O0 -ffunction-sections -fdata-sections -Wall -fstack-usage -fcyclomatic-complexity -MMD -MP -MF"Core/Src/main.d" -MT"Core/Src/main.o" --specs=nano.specs -mfloat-abi=soft -mthumb -o "Core/Src/main.o"
../Core/Src/main.c: In function 'main':
../Core/Src/main.c:173:28: warning: passing argument 2 of 'HAL_ADC_Start_DMA' from incompatible pointer type [-Wincompatible-pointer-types]
  173 |   HAL_ADC_Start_DMA(&hadc, adc_buffer,32);
      |                            ^~~~~~~~~~
      |                            |
      |                            uint16_t * {aka short unsigned int *}
In file included from ../Core/Inc/stm32l0xx_hal_conf.h:208,
                 from ../Drivers/STM32L0xx_HAL_Driver/Inc/stm32l0xx_hal.h:29,
                 from ../Core/Inc/main.h:30,
                 from ../Core/Src/main.c:20:
../Drivers/STM32L0xx_HAL_Driver/Inc/stm32l0xx_hal_adc.h:1134:75: note: expected 'uint32_t *' {aka 'long unsigned int *'} but argument is of type 'uint16_t *' {aka 'short unsigned int *'}
 1134 | HAL_StatusTypeDef    HAL_ADC_Start_DMA(ADC_HandleTypeDef *hadc, uint32_t *pData, uint32_t Length);
      |                                                                 ~~~~~~~~~~^~~~~
../Core/Src/main.c:192:3: warning: implicit declaration of function 'stream_sensor_data_normal_mode' [-Wimplicit-function-declaration]
  192 |   stream_sensor_data_normal_mode(&dev);
      |   ^~~~~~~~~~~~~~~~~~~~~~~~~~~~~~
../Core/Src/main.c:193:3: warning: implicit declaration of function 'BMA456_Init' [-Wimplicit-function-declaration]
  193 |   BMA456_Init();
      |   ^~~~~~~~~~~
../Core/Src/main.c:367:17: warning: passing argument 1 of 'Tensometr' from incompatible pointer type [-Wincompatible-pointer-types]
  367 |    if(Tensometr(adc_buffer)){
      |                 ^~~~~~~~~~
      |                 |
      |                 uint16_t * {aka short unsigned int *}
../Core/Src/main.c:88:25: note: expected 'uint8_t *' {aka 'unsigned char *'} but argument is of type 'uint16_t *' {aka 'short unsigned int *'}
   88 | void Tensometr(uint8_t *adcbuffer);
      |                ~~~~~~~~~^~~~~~~~~
../Core/Src/main.c:367:7: error: void value not ignored as it ought to be
  367 |    if(Tensometr(adc_buffer)){
      |       ^~~~~~~~~
../Core/Src/main.c:368:31: warning: pointer targets in passing argument 2 of 'HAL_UART_Transmit' differ in signedness [-Wpointer-sign]
  368 |     HAL_UART_Transmit(&huart1,"Lezy\r\n", 6,HAL_MAX_DELAY);;
      |                               ^~~~~~~~~~
      |                               |
      |                               char *
In file included from ../Core/Inc/stm32l0xx_hal_conf.h:281,
                 from ../Drivers/STM32L0xx_HAL_Driver/Inc/stm32l0xx_hal.h:29,
                 from ../Core/Inc/main.h:30,
                 from ../Core/Src/main.c:20:
../Drivers/STM32L0xx_HAL_Driver/Inc/stm32l0xx_hal_uart.h:1510:79: note: expected 'const uint8_t *' {aka 'const unsigned char *'} but argument is of type 'char *'
 1510 | HAL_StatusTypeDef HAL_UART_Transmit(UART_HandleTypeDef *huart, const uint8_t *pData, uint16_t Size, uint32_t Timeout);
      |                                                                ~~~~~~~~~~~~~~~^~~~~
../Core/Src/main.c:371:31: warning: pointer targets in passing argument 2 of 'HAL_UART_Transmit' differ in signedness [-Wpointer-sign]
  371 |     HAL_UART_Transmit(&huart1,"Nie lezy\r\n", 10,HAL_MAX_DELAY);
      |                               ^~~~~~~~~~~~~~
      |                               |
      |                               char *
In file included from ../Core/Inc/stm32l0xx_hal_conf.h:281,
                 from ../Drivers/STM32L0xx_HAL_Driver/Inc/stm32l0xx_hal.h:29,
                 from ../Core/Inc/main.h:30,
                 from ../Core/Src/main.c:20:
../Drivers/STM32L0xx_HAL_Driver/Inc/stm32l0xx_hal_uart.h:1510:79: note: expected 'const uint8_t *' {aka 'const unsigned char *'} but argument is of type 'char *'
 1510 | HAL_StatusTypeDef HAL_UART_Transmit(UART_HandleTypeDef *huart, const uint8_t *pData, uint16_t Size, uint32_t Timeout);
      |                                                                ~~~~~~~~~~~~~~~^~~~~
../Core/Src/main.c:382:30: warning: pointer targets in passing argument 2 of 'HAL_UART_Transmit' differ in signedness [-Wpointer-sign]
  382 |    HAL_UART_Transmit(&huart1,TempCala,19,HAL_MAX_DELAY);
      |                              ^~~~~~~~
      |                              |
      |                              char *
In file included from ../Core/Inc/stm32l0xx_hal_conf.h:281,
                 from ../Drivers/STM32L0xx_HAL_Driver/Inc/stm32l0xx_hal.h:29,
                 from ../Core/Inc/main.h:30,
                 from ../Core/Src/main.c:20:
../Drivers/STM32L0xx_HAL_Driver/Inc/stm32l0xx_hal_uart.h:1510:79: note: expected 'const uint8_t *' {aka 'const unsigned char *'} but argument is of type 'char *'
 1510 | HAL_StatusTypeDef HAL_UART_Transmit(UART_HandleTypeDef *huart, const uint8_t *pData, uint16_t Size, uint32_t Timeout);
      |                                                                ~~~~~~~~~~~~~~~^~~~~
../Core/Src/main.c:383:30: warning: pointer targets in passing argument 2 of 'HAL_UART_Transmit' differ in signedness [-Wpointer-sign]
  383 |    HAL_UART_Transmit(&huart1,HumCala,18,HAL_MAX_DELAY);
      |                              ^~~~~~~
      |                              |
      |                              char *
In file included from ../Core/Inc/stm32l0xx_hal_conf.h:281,
                 from ../Drivers/STM32L0xx_HAL_Driver/Inc/stm32l0xx_hal.h:29,
                 from ../Core/Inc/main.h:30,
                 from ../Core/Src/main.c:20:
../Drivers/STM32L0xx_HAL_Driver/Inc/stm32l0xx_hal_uart.h:1510:79: note: expected 'const uint8_t *' {aka 'const unsigned char *'} but argument is of type 'char *'
 1510 | HAL_StatusTypeDef HAL_UART_Transmit(UART_HandleTypeDef *huart, const uint8_t *pData, uint16_t Size, uint32_t Timeout);
      |                                                                ~~~~~~~~~~~~~~~^~~~~
../Core/Src/main.c: At top level:
../Core/Src/main.c:732:5: error: conflicting types for 'Tensometr'
  732 | int Tensometr(uint16_t *adcbuffer ){
      |     ^~~~~~~~~
../Core/Src/main.c:88:6: note: previous declaration of 'Tensometr' was here
   88 | void Tensometr(uint8_t *adcbuffer);
      |      ^~~~~~~~~
../Core/Src/main.c:779:6: warning: conflicting types for 'stream_sensor_data_normal_mode'
  779 | void stream_sensor_data_normal_mode(struct bme280_dev *dev)
      |      ^~~~~~~~~~~~~~~~~~~~~~~~~~~~~~
../Core/Src/main.c:192:3: note: previous implicit declaration of 'stream_sensor_data_normal_mode' was here
  192 |   stream_sensor_data_normal_mode(&dev);
      |   ^~~~~~~~~~~~~~~~~~~~~~~~~~~~~~
../Core/Src/main.c:822:6: warning: conflicting types for 'BMA456_Init'
  822 | void BMA456_Init()
      |      ^~~~~~~~~~~
../Core/Src/main.c:193:3: note: previous implicit declaration of 'BMA456_Init' was here
  193 |   BMA456_Init();
      |   ^~~~~~~~~~~
make: *** [Core/Src/subdir.mk:37: Core/Src/main.o] Error 1
"make -j8 all" terminated with exit code 2. Build might be incomplete.
15:16:04 **** Incremental Build of configuration Debug for project SweetDreams ****
make -j8 all 
arm-none-eabi-gcc "../Core/Src/main.c" -mcpu=cortex-m0plus -std=gnu11 -g3 -DDEBUG -DUSE_HAL_DRIVER -DSTM32L051xx -c -I../Core/Inc -I../Drivers/STM32L0xx_HAL_Driver/Inc -I../Drivers/STM32L0xx_HAL_Driver/Inc/Legacy -I../Drivers/CMSIS/Device/ST/STM32L0xx/Include -I../Drivers/CMSIS/Include -O0 -ffunction-sections -fdata-sections -Wall -fstack-usage -fcyclomatic-complexity -MMD -MP -MF"Core/Src/main.d" -MT"Core/Src/main.o" --specs=nano.specs -mfloat-abi=soft -mthumb -o "Core/Src/main.o"
../Core/Src/main.c: In function 'main':
../Core/Src/main.c:173:28: warning: passing argument 2 of 'HAL_ADC_Start_DMA' from incompatible pointer type [-Wincompatible-pointer-types]
  173 |   HAL_ADC_Start_DMA(&hadc, adc_buffer,32);
      |                            ^~~~~~~~~~
      |                            |
      |                            uint16_t * {aka short unsigned int *}
In file included from ../Core/Inc/stm32l0xx_hal_conf.h:208,
                 from ../Drivers/STM32L0xx_HAL_Driver/Inc/stm32l0xx_hal.h:29,
                 from ../Core/Inc/main.h:30,
                 from ../Core/Src/main.c:20:
../Drivers/STM32L0xx_HAL_Driver/Inc/stm32l0xx_hal_adc.h:1134:75: note: expected 'uint32_t *' {aka 'long unsigned int *'} but argument is of type 'uint16_t *' {aka 'short unsigned int *'}
 1134 | HAL_StatusTypeDef    HAL_ADC_Start_DMA(ADC_HandleTypeDef *hadc, uint32_t *pData, uint32_t Length);
      |                                                                 ~~~~~~~~~~^~~~~
../Core/Src/main.c:192:3: warning: implicit declaration of function 'stream_sensor_data_normal_mode' [-Wimplicit-function-declaration]
  192 |   stream_sensor_data_normal_mode(&dev);
      |   ^~~~~~~~~~~~~~~~~~~~~~~~~~~~~~
../Core/Src/main.c:193:3: warning: implicit declaration of function 'BMA456_Init' [-Wimplicit-function-declaration]
  193 |   BMA456_Init();
      |   ^~~~~~~~~~~
../Core/Src/main.c:367:7: error: void value not ignored as it ought to be
  367 |    if(Tensometr(adc_buffer)){
      |       ^~~~~~~~~
../Core/Src/main.c:368:31: warning: pointer targets in passing argument 2 of 'HAL_UART_Transmit' differ in signedness [-Wpointer-sign]
  368 |     HAL_UART_Transmit(&huart1,"Lezy\r\n", 6,HAL_MAX_DELAY);;
      |                               ^~~~~~~~~~
      |                               |
      |                               char *
In file included from ../Core/Inc/stm32l0xx_hal_conf.h:281,
                 from ../Drivers/STM32L0xx_HAL_Driver/Inc/stm32l0xx_hal.h:29,
                 from ../Core/Inc/main.h:30,
                 from ../Core/Src/main.c:20:
../Drivers/STM32L0xx_HAL_Driver/Inc/stm32l0xx_hal_uart.h:1510:79: note: expected 'const uint8_t *' {aka 'const unsigned char *'} but argument is of type 'char *'
 1510 | HAL_StatusTypeDef HAL_UART_Transmit(UART_HandleTypeDef *huart, const uint8_t *pData, uint16_t Size, uint32_t Timeout);
      |                                                                ~~~~~~~~~~~~~~~^~~~~
../Core/Src/main.c:371:31: warning: pointer targets in passing argument 2 of 'HAL_UART_Transmit' differ in signedness [-Wpointer-sign]
  371 |     HAL_UART_Transmit(&huart1,"Nie lezy\r\n", 10,HAL_MAX_DELAY);
      |                               ^~~~~~~~~~~~~~
      |                               |
      |                               char *
In file included from ../Core/Inc/stm32l0xx_hal_conf.h:281,
                 from ../Drivers/STM32L0xx_HAL_Driver/Inc/stm32l0xx_hal.h:29,
                 from ../Core/Inc/main.h:30,
                 from ../Core/Src/main.c:20:
../Drivers/STM32L0xx_HAL_Driver/Inc/stm32l0xx_hal_uart.h:1510:79: note: expected 'const uint8_t *' {aka 'const unsigned char *'} but argument is of type 'char *'
 1510 | HAL_StatusTypeDef HAL_UART_Transmit(UART_HandleTypeDef *huart, const uint8_t *pData, uint16_t Size, uint32_t Timeout);
      |                                                                ~~~~~~~~~~~~~~~^~~~~
../Core/Src/main.c:382:30: warning: pointer targets in passing argument 2 of 'HAL_UART_Transmit' differ in signedness [-Wpointer-sign]
  382 |    HAL_UART_Transmit(&huart1,TempCala,19,HAL_MAX_DELAY);
      |                              ^~~~~~~~
      |                              |
      |                              char *
In file included from ../Core/Inc/stm32l0xx_hal_conf.h:281,
                 from ../Drivers/STM32L0xx_HAL_Driver/Inc/stm32l0xx_hal.h:29,
                 from ../Core/Inc/main.h:30,
                 from ../Core/Src/main.c:20:
../Drivers/STM32L0xx_HAL_Driver/Inc/stm32l0xx_hal_uart.h:1510:79: note: expected 'const uint8_t *' {aka 'const unsigned char *'} but argument is of type 'char *'
 1510 | HAL_StatusTypeDef HAL_UART_Transmit(UART_HandleTypeDef *huart, const uint8_t *pData, uint16_t Size, uint32_t Timeout);
      |                                                                ~~~~~~~~~~~~~~~^~~~~
../Core/Src/main.c:383:30: warning: pointer targets in passing argument 2 of 'HAL_UART_Transmit' differ in signedness [-Wpointer-sign]
  383 |    HAL_UART_Transmit(&huart1,HumCala,18,HAL_MAX_DELAY);
      |                              ^~~~~~~
      |                              |
      |                              char *
In file included from ../Core/Inc/stm32l0xx_hal_conf.h:281,
                 from ../Drivers/STM32L0xx_HAL_Driver/Inc/stm32l0xx_hal.h:29,
                 from ../Core/Inc/main.h:30,
                 from ../Core/Src/main.c:20:
../Drivers/STM32L0xx_HAL_Driver/Inc/stm32l0xx_hal_uart.h:1510:79: note: expected 'const uint8_t *' {aka 'const unsigned char *'} but argument is of type 'char *'
 1510 | HAL_StatusTypeDef HAL_UART_Transmit(UART_HandleTypeDef *huart, const uint8_t *pData, uint16_t Size, uint32_t Timeout);
      |                                                                ~~~~~~~~~~~~~~~^~~~~
../Core/Src/main.c: At top level:
../Core/Src/main.c:732:5: error: conflicting types for 'Tensometr'
  732 | int Tensometr(uint16_t *adcbuffer ){
      |     ^~~~~~~~~
../Core/Src/main.c:88:6: note: previous declaration of 'Tensometr' was here
   88 | void Tensometr(uint16_t *adcbuffer);
      |      ^~~~~~~~~
../Core/Src/main.c:779:6: warning: conflicting types for 'stream_sensor_data_normal_mode'
  779 | void stream_sensor_data_normal_mode(struct bme280_dev *dev)
      |      ^~~~~~~~~~~~~~~~~~~~~~~~~~~~~~
../Core/Src/main.c:192:3: note: previous implicit declaration of 'stream_sensor_data_normal_mode' was here
  192 |   stream_sensor_data_normal_mode(&dev);
      |   ^~~~~~~~~~~~~~~~~~~~~~~~~~~~~~
../Core/Src/main.c:822:6: warning: conflicting types for 'BMA456_Init'
  822 | void BMA456_Init()
      |      ^~~~~~~~~~~
../Core/Src/main.c:193:3: note: previous implicit declaration of 'BMA456_Init' was here
  193 |   BMA456_Init();
      |   ^~~~~~~~~~~
make: *** [Core/Src/subdir.mk:37: Core/Src/main.o] Error 1
"make -j8 all" terminated with exit code 2. Build might be incomplete.
15:16:39 **** Incremental Build of configuration Debug for project SweetDreams ****
make -j8 all 
arm-none-eabi-gcc "../Core/Src/main.c" -mcpu=cortex-m0plus -std=gnu11 -g3 -DDEBUG -DUSE_HAL_DRIVER -DSTM32L051xx -c -I../Core/Inc -I../Drivers/STM32L0xx_HAL_Driver/Inc -I../Drivers/STM32L0xx_HAL_Driver/Inc/Legacy -I../Drivers/CMSIS/Device/ST/STM32L0xx/Include -I../Drivers/CMSIS/Include -O0 -ffunction-sections -fdata-sections -Wall -fstack-usage -fcyclomatic-complexity -MMD -MP -MF"Core/Src/main.d" -MT"Core/Src/main.o" --specs=nano.specs -mfloat-abi=soft -mthumb -o "Core/Src/main.o"
../Core/Src/main.c: In function 'main':
../Core/Src/main.c:173:28: warning: passing argument 2 of 'HAL_ADC_Start_DMA' from incompatible pointer type [-Wincompatible-pointer-types]
  173 |   HAL_ADC_Start_DMA(&hadc, adc_buffer,32);
      |                            ^~~~~~~~~~
      |                            |
      |                            uint16_t * {aka short unsigned int *}
In file included from ../Core/Inc/stm32l0xx_hal_conf.h:208,
                 from ../Drivers/STM32L0xx_HAL_Driver/Inc/stm32l0xx_hal.h:29,
                 from ../Core/Inc/main.h:30,
                 from ../Core/Src/main.c:20:
../Drivers/STM32L0xx_HAL_Driver/Inc/stm32l0xx_hal_adc.h:1134:75: note: expected 'uint32_t *' {aka 'long unsigned int *'} but argument is of type 'uint16_t *' {aka 'short unsigned int *'}
 1134 | HAL_StatusTypeDef    HAL_ADC_Start_DMA(ADC_HandleTypeDef *hadc, uint32_t *pData, uint32_t Length);
      |                                                                 ~~~~~~~~~~^~~~~
../Core/Src/main.c:192:3: warning: implicit declaration of function 'stream_sensor_data_normal_mode' [-Wimplicit-function-declaration]
  192 |   stream_sensor_data_normal_mode(&dev);
      |   ^~~~~~~~~~~~~~~~~~~~~~~~~~~~~~
../Core/Src/main.c:193:3: warning: implicit declaration of function 'BMA456_Init' [-Wimplicit-function-declaration]
  193 |   BMA456_Init();
      |   ^~~~~~~~~~~
../Core/Src/main.c:368:31: warning: pointer targets in passing argument 2 of 'HAL_UART_Transmit' differ in signedness [-Wpointer-sign]
  368 |     HAL_UART_Transmit(&huart1,"Lezy\r\n", 6,HAL_MAX_DELAY);;
      |                               ^~~~~~~~~~
      |                               |
      |                               char *
In file included from ../Core/Inc/stm32l0xx_hal_conf.h:281,
                 from ../Drivers/STM32L0xx_HAL_Driver/Inc/stm32l0xx_hal.h:29,
                 from ../Core/Inc/main.h:30,
                 from ../Core/Src/main.c:20:
../Drivers/STM32L0xx_HAL_Driver/Inc/stm32l0xx_hal_uart.h:1510:79: note: expected 'const uint8_t *' {aka 'const unsigned char *'} but argument is of type 'char *'
 1510 | HAL_StatusTypeDef HAL_UART_Transmit(UART_HandleTypeDef *huart, const uint8_t *pData, uint16_t Size, uint32_t Timeout);
      |                                                                ~~~~~~~~~~~~~~~^~~~~
../Core/Src/main.c:371:31: warning: pointer targets in passing argument 2 of 'HAL_UART_Transmit' differ in signedness [-Wpointer-sign]
  371 |     HAL_UART_Transmit(&huart1,"Nie lezy\r\n", 10,HAL_MAX_DELAY);
      |                               ^~~~~~~~~~~~~~
      |                               |
      |                               char *
In file included from ../Core/Inc/stm32l0xx_hal_conf.h:281,
                 from ../Drivers/STM32L0xx_HAL_Driver/Inc/stm32l0xx_hal.h:29,
                 from ../Core/Inc/main.h:30,
                 from ../Core/Src/main.c:20:
../Drivers/STM32L0xx_HAL_Driver/Inc/stm32l0xx_hal_uart.h:1510:79: note: expected 'const uint8_t *' {aka 'const unsigned char *'} but argument is of type 'char *'
 1510 | HAL_StatusTypeDef HAL_UART_Transmit(UART_HandleTypeDef *huart, const uint8_t *pData, uint16_t Size, uint32_t Timeout);
      |                                                                ~~~~~~~~~~~~~~~^~~~~
../Core/Src/main.c:382:30: warning: pointer targets in passing argument 2 of 'HAL_UART_Transmit' differ in signedness [-Wpointer-sign]
  382 |    HAL_UART_Transmit(&huart1,TempCala,19,HAL_MAX_DELAY);
      |                              ^~~~~~~~
      |                              |
      |                              char *
In file included from ../Core/Inc/stm32l0xx_hal_conf.h:281,
                 from ../Drivers/STM32L0xx_HAL_Driver/Inc/stm32l0xx_hal.h:29,
                 from ../Core/Inc/main.h:30,
                 from ../Core/Src/main.c:20:
../Drivers/STM32L0xx_HAL_Driver/Inc/stm32l0xx_hal_uart.h:1510:79: note: expected 'const uint8_t *' {aka 'const unsigned char *'} but argument is of type 'char *'
 1510 | HAL_StatusTypeDef HAL_UART_Transmit(UART_HandleTypeDef *huart, const uint8_t *pData, uint16_t Size, uint32_t Timeout);
      |                                                                ~~~~~~~~~~~~~~~^~~~~
../Core/Src/main.c:383:30: warning: pointer targets in passing argument 2 of 'HAL_UART_Transmit' differ in signedness [-Wpointer-sign]
  383 |    HAL_UART_Transmit(&huart1,HumCala,18,HAL_MAX_DELAY);
      |                              ^~~~~~~
      |                              |
      |                              char *
In file included from ../Core/Inc/stm32l0xx_hal_conf.h:281,
                 from ../Drivers/STM32L0xx_HAL_Driver/Inc/stm32l0xx_hal.h:29,
                 from ../Core/Inc/main.h:30,
                 from ../Core/Src/main.c:20:
../Drivers/STM32L0xx_HAL_Driver/Inc/stm32l0xx_hal_uart.h:1510:79: note: expected 'const uint8_t *' {aka 'const unsigned char *'} but argument is of type 'char *'
 1510 | HAL_StatusTypeDef HAL_UART_Transmit(UART_HandleTypeDef *huart, const uint8_t *pData, uint16_t Size, uint32_t Timeout);
      |                                                                ~~~~~~~~~~~~~~~^~~~~
../Core/Src/main.c: At top level:
../Core/Src/main.c:779:6: warning: conflicting types for 'stream_sensor_data_normal_mode'
  779 | void stream_sensor_data_normal_mode(struct bme280_dev *dev)
      |      ^~~~~~~~~~~~~~~~~~~~~~~~~~~~~~
../Core/Src/main.c:192:3: note: previous implicit declaration of 'stream_sensor_data_normal_mode' was here
  192 |   stream_sensor_data_normal_mode(&dev);
      |   ^~~~~~~~~~~~~~~~~~~~~~~~~~~~~~
../Core/Src/main.c:822:6: warning: conflicting types for 'BMA456_Init'
  822 | void BMA456_Init()
      |      ^~~~~~~~~~~
../Core/Src/main.c:193:3: note: previous implicit declaration of 'BMA456_Init' was here
  193 |   BMA456_Init();
      |   ^~~~~~~~~~~
arm-none-eabi-gcc -o "SweetDreams.elf" @"objects.list"   -mcpu=cortex-m0plus -T"C:\Users\jasie\STM32CubeIDE\BMa\SweetDreams\STM32L051K8TX_FLASH.ld" --specs=nosys.specs -Wl,-Map="SweetDreams.map" -Wl,--gc-sections -static --specs=nano.specs -mfloat-abi=soft -mthumb -u _printf_float -Wl,--start-group -lc -lm -Wl,--end-group
Finished building target: SweetDreams.elf
 
arm-none-eabi-size   SweetDreams.elf 
arm-none-eabi-objdump -h -S  SweetDreams.elf  > "SweetDreams.list"
   text	   data	    bss	    dec	    hex	filename
  45408	    484	   2168	  48060	   bbbc	SweetDreams.elf
Finished building: default.size.stdout
 
Finished building: SweetDreams.list
 
15:16:49 **** Incremental Build of configuration Debug for project SweetDreams ****
make -j8 all 
arm-none-eabi-size   SweetDreams.elf 
   text	   data	    bss	    dec	    hex	filename
  45408	    484	   2168	  48060	   bbbc	SweetDreams.elf
Finished building: default.size.stdout
 
15:20:25 **** Incremental Build of configuration Debug for project SweetDreams ****
make -j8 all 
arm-none-eabi-gcc "../Core/Src/main.c" -mcpu=cortex-m0plus -std=gnu11 -g3 -DDEBUG -DUSE_HAL_DRIVER -DSTM32L051xx -c -I../Core/Inc -I../Drivers/STM32L0xx_HAL_Driver/Inc -I../Drivers/STM32L0xx_HAL_Driver/Inc/Legacy -I../Drivers/CMSIS/Device/ST/STM32L0xx/Include -I../Drivers/CMSIS/Include -O0 -ffunction-sections -fdata-sections -Wall -fstack-usage -fcyclomatic-complexity -MMD -MP -MF"Core/Src/main.d" -MT"Core/Src/main.o" --specs=nano.specs -mfloat-abi=soft -mthumb -o "Core/Src/main.o"
../Core/Src/main.c: In function 'main':
../Core/Src/main.c:173:28: warning: passing argument 2 of 'HAL_ADC_Start_DMA' from incompatible pointer type [-Wincompatible-pointer-types]
  173 |   HAL_ADC_Start_DMA(&hadc, adc_buffer,32);
      |                            ^~~~~~~~~~
      |                            |
      |                            uint16_t * {aka short unsigned int *}
In file included from ../Core/Inc/stm32l0xx_hal_conf.h:208,
                 from ../Drivers/STM32L0xx_HAL_Driver/Inc/stm32l0xx_hal.h:29,
                 from ../Core/Inc/main.h:30,
                 from ../Core/Src/main.c:20:
../Drivers/STM32L0xx_HAL_Driver/Inc/stm32l0xx_hal_adc.h:1134:75: note: expected 'uint32_t *' {aka 'long unsigned int *'} but argument is of type 'uint16_t *' {aka 'short unsigned int *'}
 1134 | HAL_StatusTypeDef    HAL_ADC_Start_DMA(ADC_HandleTypeDef *hadc, uint32_t *pData, uint32_t Length);
      |                                                                 ~~~~~~~~~~^~~~~
../Core/Src/main.c:192:3: warning: implicit declaration of function 'stream_sensor_data_normal_mode' [-Wimplicit-function-declaration]
  192 |   stream_sensor_data_normal_mode(&dev);
      |   ^~~~~~~~~~~~~~~~~~~~~~~~~~~~~~
../Core/Src/main.c:193:3: warning: implicit declaration of function 'BMA456_Init' [-Wimplicit-function-declaration]
  193 |   BMA456_Init();
      |   ^~~~~~~~~~~
../Core/Src/main.c:333:31: warning: pointer targets in passing argument 2 of 'HAL_UART_Transmit' differ in signedness [-Wpointer-sign]
  333 |     HAL_UART_Transmit(&huart1,"Lezy\r\n", 6,HAL_MAX_DELAY);;
      |                               ^~~~~~~~~~
      |                               |
      |                               char *
In file included from ../Core/Inc/stm32l0xx_hal_conf.h:281,
                 from ../Drivers/STM32L0xx_HAL_Driver/Inc/stm32l0xx_hal.h:29,
                 from ../Core/Inc/main.h:30,
                 from ../Core/Src/main.c:20:
../Drivers/STM32L0xx_HAL_Driver/Inc/stm32l0xx_hal_uart.h:1510:79: note: expected 'const uint8_t *' {aka 'const unsigned char *'} but argument is of type 'char *'
 1510 | HAL_StatusTypeDef HAL_UART_Transmit(UART_HandleTypeDef *huart, const uint8_t *pData, uint16_t Size, uint32_t Timeout);
      |                                                                ~~~~~~~~~~~~~~~^~~~~
../Core/Src/main.c:336:31: warning: pointer targets in passing argument 2 of 'HAL_UART_Transmit' differ in signedness [-Wpointer-sign]
  336 |     HAL_UART_Transmit(&huart1,"Nie lezy\r\n", 10,HAL_MAX_DELAY);
      |                               ^~~~~~~~~~~~~~
      |                               |
      |                               char *
In file included from ../Core/Inc/stm32l0xx_hal_conf.h:281,
                 from ../Drivers/STM32L0xx_HAL_Driver/Inc/stm32l0xx_hal.h:29,
                 from ../Core/Inc/main.h:30,
                 from ../Core/Src/main.c:20:
../Drivers/STM32L0xx_HAL_Driver/Inc/stm32l0xx_hal_uart.h:1510:79: note: expected 'const uint8_t *' {aka 'const unsigned char *'} but argument is of type 'char *'
 1510 | HAL_StatusTypeDef HAL_UART_Transmit(UART_HandleTypeDef *huart, const uint8_t *pData, uint16_t Size, uint32_t Timeout);
      |                                                                ~~~~~~~~~~~~~~~^~~~~
../Core/Src/main.c:347:29: warning: pointer targets in passing argument 2 of 'HAL_UART_Transmit' differ in signedness [-Wpointer-sign]
  347 |   HAL_UART_Transmit(&huart1,TempCala,19,HAL_MAX_DELAY);
      |                             ^~~~~~~~
      |                             |
      |                             char *
In file included from ../Core/Inc/stm32l0xx_hal_conf.h:281,
                 from ../Drivers/STM32L0xx_HAL_Driver/Inc/stm32l0xx_hal.h:29,
                 from ../Core/Inc/main.h:30,
                 from ../Core/Src/main.c:20:
../Drivers/STM32L0xx_HAL_Driver/Inc/stm32l0xx_hal_uart.h:1510:79: note: expected 'const uint8_t *' {aka 'const unsigned char *'} but argument is of type 'char *'
 1510 | HAL_StatusTypeDef HAL_UART_Transmit(UART_HandleTypeDef *huart, const uint8_t *pData, uint16_t Size, uint32_t Timeout);
      |                                                                ~~~~~~~~~~~~~~~^~~~~
../Core/Src/main.c:348:29: warning: pointer targets in passing argument 2 of 'HAL_UART_Transmit' differ in signedness [-Wpointer-sign]
  348 |   HAL_UART_Transmit(&huart1,HumCala,18,HAL_MAX_DELAY);
      |                             ^~~~~~~
      |                             |
      |                             char *
In file included from ../Core/Inc/stm32l0xx_hal_conf.h:281,
                 from ../Drivers/STM32L0xx_HAL_Driver/Inc/stm32l0xx_hal.h:29,
                 from ../Core/Inc/main.h:30,
                 from ../Core/Src/main.c:20:
../Drivers/STM32L0xx_HAL_Driver/Inc/stm32l0xx_hal_uart.h:1510:79: note: expected 'const uint8_t *' {aka 'const unsigned char *'} but argument is of type 'char *'
 1510 | HAL_StatusTypeDef HAL_UART_Transmit(UART_HandleTypeDef *huart, const uint8_t *pData, uint16_t Size, uint32_t Timeout);
      |                                                                ~~~~~~~~~~~~~~~^~~~~
../Core/Src/main.c: At top level:
../Core/Src/main.c:740:6: warning: conflicting types for 'stream_sensor_data_normal_mode'
  740 | void stream_sensor_data_normal_mode(struct bme280_dev *dev)
      |      ^~~~~~~~~~~~~~~~~~~~~~~~~~~~~~
../Core/Src/main.c:192:3: note: previous implicit declaration of 'stream_sensor_data_normal_mode' was here
  192 |   stream_sensor_data_normal_mode(&dev);
      |   ^~~~~~~~~~~~~~~~~~~~~~~~~~~~~~
../Core/Src/main.c:783:6: warning: conflicting types for 'BMA456_Init'
  783 | void BMA456_Init()
      |      ^~~~~~~~~~~
../Core/Src/main.c:193:3: note: previous implicit declaration of 'BMA456_Init' was here
  193 |   BMA456_Init();
      |   ^~~~~~~~~~~
arm-none-eabi-gcc -o "SweetDreams.elf" @"objects.list"   -mcpu=cortex-m0plus -T"C:\Users\jasie\STM32CubeIDE\BMa\SweetDreams\STM32L051K8TX_FLASH.ld" --specs=nosys.specs -Wl,-Map="SweetDreams.map" -Wl,--gc-sections -static --specs=nano.specs -mfloat-abi=soft -mthumb -u _printf_float -Wl,--start-group -lc -lm -Wl,--end-group
Finished building target: SweetDreams.elf
 
arm-none-eabi-size   SweetDreams.elf 
arm-none-eabi-objdump -h -S  SweetDreams.elf  > "SweetDreams.list"
   text	   data	    bss	    dec	    hex	filename
  47620	    484	   2168	  50272	   c460	SweetDreams.elf
Finished building: default.size.stdout
 
Finished building: SweetDreams.list
 
15:23:58 **** Incremental Build of configuration Debug for project SweetDreams ****
make -j8 all 
arm-none-eabi-gcc "../Core/Src/main.c" -mcpu=cortex-m0plus -std=gnu11 -g3 -DDEBUG -DUSE_HAL_DRIVER -DSTM32L051xx -c -I../Core/Inc -I../Drivers/STM32L0xx_HAL_Driver/Inc -I../Drivers/STM32L0xx_HAL_Driver/Inc/Legacy -I../Drivers/CMSIS/Device/ST/STM32L0xx/Include -I../Drivers/CMSIS/Include -O0 -ffunction-sections -fdata-sections -Wall -fstack-usage -fcyclomatic-complexity -MMD -MP -MF"Core/Src/main.d" -MT"Core/Src/main.o" --specs=nano.specs -mfloat-abi=soft -mthumb -o "Core/Src/main.o"
../Core/Src/main.c: In function 'main':
../Core/Src/main.c:173:28: warning: passing argument 2 of 'HAL_ADC_Start_DMA' from incompatible pointer type [-Wincompatible-pointer-types]
  173 |   HAL_ADC_Start_DMA(&hadc, adc_buffer,32);
      |                            ^~~~~~~~~~
      |                            |
      |                            uint16_t * {aka short unsigned int *}
In file included from ../Core/Inc/stm32l0xx_hal_conf.h:208,
                 from ../Drivers/STM32L0xx_HAL_Driver/Inc/stm32l0xx_hal.h:29,
                 from ../Core/Inc/main.h:30,
                 from ../Core/Src/main.c:20:
../Drivers/STM32L0xx_HAL_Driver/Inc/stm32l0xx_hal_adc.h:1134:75: note: expected 'uint32_t *' {aka 'long unsigned int *'} but argument is of type 'uint16_t *' {aka 'short unsigned int *'}
 1134 | HAL_StatusTypeDef    HAL_ADC_Start_DMA(ADC_HandleTypeDef *hadc, uint32_t *pData, uint32_t Length);
      |                                                                 ~~~~~~~~~~^~~~~
../Core/Src/main.c:192:3: warning: implicit declaration of function 'stream_sensor_data_normal_mode' [-Wimplicit-function-declaration]
  192 |   stream_sensor_data_normal_mode(&dev);
      |   ^~~~~~~~~~~~~~~~~~~~~~~~~~~~~~
../Core/Src/main.c:193:3: warning: implicit declaration of function 'BMA456_Init' [-Wimplicit-function-declaration]
  193 |   BMA456_Init();
      |   ^~~~~~~~~~~
../Core/Src/main.c:333:31: warning: pointer targets in passing argument 2 of 'HAL_UART_Transmit' differ in signedness [-Wpointer-sign]
  333 |     HAL_UART_Transmit(&huart1,"Lezy\r\n", 6,HAL_MAX_DELAY);;
      |                               ^~~~~~~~~~
      |                               |
      |                               char *
In file included from ../Core/Inc/stm32l0xx_hal_conf.h:281,
                 from ../Drivers/STM32L0xx_HAL_Driver/Inc/stm32l0xx_hal.h:29,
                 from ../Core/Inc/main.h:30,
                 from ../Core/Src/main.c:20:
../Drivers/STM32L0xx_HAL_Driver/Inc/stm32l0xx_hal_uart.h:1510:79: note: expected 'const uint8_t *' {aka 'const unsigned char *'} but argument is of type 'char *'
 1510 | HAL_StatusTypeDef HAL_UART_Transmit(UART_HandleTypeDef *huart, const uint8_t *pData, uint16_t Size, uint32_t Timeout);
      |                                                                ~~~~~~~~~~~~~~~^~~~~
../Core/Src/main.c:336:31: warning: pointer targets in passing argument 2 of 'HAL_UART_Transmit' differ in signedness [-Wpointer-sign]
  336 |     HAL_UART_Transmit(&huart1,"Nie lezy\r\n", 10,HAL_MAX_DELAY);
      |                               ^~~~~~~~~~~~~~
      |                               |
      |                               char *
In file included from ../Core/Inc/stm32l0xx_hal_conf.h:281,
                 from ../Drivers/STM32L0xx_HAL_Driver/Inc/stm32l0xx_hal.h:29,
                 from ../Core/Inc/main.h:30,
                 from ../Core/Src/main.c:20:
../Drivers/STM32L0xx_HAL_Driver/Inc/stm32l0xx_hal_uart.h:1510:79: note: expected 'const uint8_t *' {aka 'const unsigned char *'} but argument is of type 'char *'
 1510 | HAL_StatusTypeDef HAL_UART_Transmit(UART_HandleTypeDef *huart, const uint8_t *pData, uint16_t Size, uint32_t Timeout);
      |                                                                ~~~~~~~~~~~~~~~^~~~~
../Core/Src/main.c:347:29: warning: pointer targets in passing argument 2 of 'HAL_UART_Transmit' differ in signedness [-Wpointer-sign]
  347 |   HAL_UART_Transmit(&huart1,TempCala,19,HAL_MAX_DELAY);
      |                             ^~~~~~~~
      |                             |
      |                             char *
In file included from ../Core/Inc/stm32l0xx_hal_conf.h:281,
                 from ../Drivers/STM32L0xx_HAL_Driver/Inc/stm32l0xx_hal.h:29,
                 from ../Core/Inc/main.h:30,
                 from ../Core/Src/main.c:20:
../Drivers/STM32L0xx_HAL_Driver/Inc/stm32l0xx_hal_uart.h:1510:79: note: expected 'const uint8_t *' {aka 'const unsigned char *'} but argument is of type 'char *'
 1510 | HAL_StatusTypeDef HAL_UART_Transmit(UART_HandleTypeDef *huart, const uint8_t *pData, uint16_t Size, uint32_t Timeout);
      |                                                                ~~~~~~~~~~~~~~~^~~~~
../Core/Src/main.c:348:29: warning: pointer targets in passing argument 2 of 'HAL_UART_Transmit' differ in signedness [-Wpointer-sign]
  348 |   HAL_UART_Transmit(&huart1,HumCala,18,HAL_MAX_DELAY);
      |                             ^~~~~~~
      |                             |
      |                             char *
In file included from ../Core/Inc/stm32l0xx_hal_conf.h:281,
                 from ../Drivers/STM32L0xx_HAL_Driver/Inc/stm32l0xx_hal.h:29,
                 from ../Core/Inc/main.h:30,
                 from ../Core/Src/main.c:20:
../Drivers/STM32L0xx_HAL_Driver/Inc/stm32l0xx_hal_uart.h:1510:79: note: expected 'const uint8_t *' {aka 'const unsigned char *'} but argument is of type 'char *'
 1510 | HAL_StatusTypeDef HAL_UART_Transmit(UART_HandleTypeDef *huart, const uint8_t *pData, uint16_t Size, uint32_t Timeout);
      |                                                                ~~~~~~~~~~~~~~~^~~~~
../Core/Src/main.c: At top level:
../Core/Src/main.c:740:6: warning: conflicting types for 'stream_sensor_data_normal_mode'
  740 | void stream_sensor_data_normal_mode(struct bme280_dev *dev)
      |      ^~~~~~~~~~~~~~~~~~~~~~~~~~~~~~
../Core/Src/main.c:192:3: note: previous implicit declaration of 'stream_sensor_data_normal_mode' was here
  192 |   stream_sensor_data_normal_mode(&dev);
      |   ^~~~~~~~~~~~~~~~~~~~~~~~~~~~~~
../Core/Src/main.c:783:6: warning: conflicting types for 'BMA456_Init'
  783 | void BMA456_Init()
      |      ^~~~~~~~~~~
../Core/Src/main.c:193:3: note: previous implicit declaration of 'BMA456_Init' was here
  193 |   BMA456_Init();
      |   ^~~~~~~~~~~
arm-none-eabi-gcc -o "SweetDreams.elf" @"objects.list"   -mcpu=cortex-m0plus -T"C:\Users\jasie\STM32CubeIDE\BMa\SweetDreams\STM32L051K8TX_FLASH.ld" --specs=nosys.specs -Wl,-Map="SweetDreams.map" -Wl,--gc-sections -static --specs=nano.specs -mfloat-abi=soft -mthumb -u _printf_float -Wl,--start-group -lc -lm -Wl,--end-group
Finished building target: SweetDreams.elf
 
arm-none-eabi-size   SweetDreams.elf 
arm-none-eabi-objdump -h -S  SweetDreams.elf  > "SweetDreams.list"
   text	   data	    bss	    dec	    hex	filename
  47620	    484	   2168	  50272	   c460	SweetDreams.elf
Finished building: default.size.stdout
 
Finished building: SweetDreams.list
 
15:27:40 **** Incremental Build of configuration Debug for project SweetDreams ****
make -j8 all 
arm-none-eabi-gcc "../Core/Src/main.c" -mcpu=cortex-m0plus -std=gnu11 -g3 -DDEBUG -DUSE_HAL_DRIVER -DSTM32L051xx -c -I../Core/Inc -I../Drivers/STM32L0xx_HAL_Driver/Inc -I../Drivers/STM32L0xx_HAL_Driver/Inc/Legacy -I../Drivers/CMSIS/Device/ST/STM32L0xx/Include -I../Drivers/CMSIS/Include -O0 -ffunction-sections -fdata-sections -Wall -fstack-usage -fcyclomatic-complexity -MMD -MP -MF"Core/Src/main.d" -MT"Core/Src/main.o" --specs=nano.specs -mfloat-abi=soft -mthumb -o "Core/Src/main.o"
arm-none-eabi-gcc "../Core/Src/stm32l0xx_hal_msp.c" -mcpu=cortex-m0plus -std=gnu11 -g3 -DDEBUG -DUSE_HAL_DRIVER -DSTM32L051xx -c -I../Core/Inc -I../Drivers/STM32L0xx_HAL_Driver/Inc -I../Drivers/STM32L0xx_HAL_Driver/Inc/Legacy -I../Drivers/CMSIS/Device/ST/STM32L0xx/Include -I../Drivers/CMSIS/Include -O0 -ffunction-sections -fdata-sections -Wall -fstack-usage -fcyclomatic-complexity -MMD -MP -MF"Core/Src/stm32l0xx_hal_msp.d" -MT"Core/Src/stm32l0xx_hal_msp.o" --specs=nano.specs -mfloat-abi=soft -mthumb -o "Core/Src/stm32l0xx_hal_msp.o"
../Core/Src/main.c: In function 'main':
../Core/Src/main.c:173:28: warning: passing argument 2 of 'HAL_ADC_Start_DMA' from incompatible pointer type [-Wincompatible-pointer-types]
  173 |   HAL_ADC_Start_DMA(&hadc, adc_buffer,32);
      |                            ^~~~~~~~~~
      |                            |
      |                            uint16_t * {aka short unsigned int *}
In file included from ../Core/Inc/stm32l0xx_hal_conf.h:208,
                 from ../Drivers/STM32L0xx_HAL_Driver/Inc/stm32l0xx_hal.h:29,
                 from ../Core/Inc/main.h:30,
                 from ../Core/Src/main.c:20:
../Drivers/STM32L0xx_HAL_Driver/Inc/stm32l0xx_hal_adc.h:1134:75: note: expected 'uint32_t *' {aka 'long unsigned int *'} but argument is of type 'uint16_t *' {aka 'short unsigned int *'}
 1134 | HAL_StatusTypeDef    HAL_ADC_Start_DMA(ADC_HandleTypeDef *hadc, uint32_t *pData, uint32_t Length);
      |                                                                 ~~~~~~~~~~^~~~~
../Core/Src/main.c:192:3: warning: implicit declaration of function 'stream_sensor_data_normal_mode' [-Wimplicit-function-declaration]
  192 |   stream_sensor_data_normal_mode(&dev);
      |   ^~~~~~~~~~~~~~~~~~~~~~~~~~~~~~
../Core/Src/main.c:193:3: warning: implicit declaration of function 'BMA456_Init' [-Wimplicit-function-declaration]
  193 |   BMA456_Init();
      |   ^~~~~~~~~~~
../Core/Src/main.c:333:31: warning: pointer targets in passing argument 2 of 'HAL_UART_Transmit' differ in signedness [-Wpointer-sign]
  333 |     HAL_UART_Transmit(&huart1,"Lezy\r\n", 6,HAL_MAX_DELAY);;
      |                               ^~~~~~~~~~
      |                               |
      |                               char *
In file included from ../Core/Inc/stm32l0xx_hal_conf.h:281,
                 from ../Drivers/STM32L0xx_HAL_Driver/Inc/stm32l0xx_hal.h:29,
                 from ../Core/Inc/main.h:30,
                 from ../Core/Src/main.c:20:
../Drivers/STM32L0xx_HAL_Driver/Inc/stm32l0xx_hal_uart.h:1510:79: note: expected 'const uint8_t *' {aka 'const unsigned char *'} but argument is of type 'char *'
 1510 | HAL_StatusTypeDef HAL_UART_Transmit(UART_HandleTypeDef *huart, const uint8_t *pData, uint16_t Size, uint32_t Timeout);
      |                                                                ~~~~~~~~~~~~~~~^~~~~
../Core/Src/main.c:336:31: warning: pointer targets in passing argument 2 of 'HAL_UART_Transmit' differ in signedness [-Wpointer-sign]
  336 |     HAL_UART_Transmit(&huart1,"Nie lezy\r\n", 10,HAL_MAX_DELAY);
      |                               ^~~~~~~~~~~~~~
      |                               |
      |                               char *
In file included from ../Core/Inc/stm32l0xx_hal_conf.h:281,
                 from ../Drivers/STM32L0xx_HAL_Driver/Inc/stm32l0xx_hal.h:29,
                 from ../Core/Inc/main.h:30,
                 from ../Core/Src/main.c:20:
../Drivers/STM32L0xx_HAL_Driver/Inc/stm32l0xx_hal_uart.h:1510:79: note: expected 'const uint8_t *' {aka 'const unsigned char *'} but argument is of type 'char *'
 1510 | HAL_StatusTypeDef HAL_UART_Transmit(UART_HandleTypeDef *huart, const uint8_t *pData, uint16_t Size, uint32_t Timeout);
      |                                                                ~~~~~~~~~~~~~~~^~~~~
../Core/Src/main.c:347:29: warning: pointer targets in passing argument 2 of 'HAL_UART_Transmit' differ in signedness [-Wpointer-sign]
  347 |   HAL_UART_Transmit(&huart1,TempCala,19,HAL_MAX_DELAY);
      |                             ^~~~~~~~
      |                             |
      |                             char *
In file included from ../Core/Inc/stm32l0xx_hal_conf.h:281,
                 from ../Drivers/STM32L0xx_HAL_Driver/Inc/stm32l0xx_hal.h:29,
                 from ../Core/Inc/main.h:30,
                 from ../Core/Src/main.c:20:
../Drivers/STM32L0xx_HAL_Driver/Inc/stm32l0xx_hal_uart.h:1510:79: note: expected 'const uint8_t *' {aka 'const unsigned char *'} but argument is of type 'char *'
 1510 | HAL_StatusTypeDef HAL_UART_Transmit(UART_HandleTypeDef *huart, const uint8_t *pData, uint16_t Size, uint32_t Timeout);
      |                                                                ~~~~~~~~~~~~~~~^~~~~
../Core/Src/main.c:348:29: warning: pointer targets in passing argument 2 of 'HAL_UART_Transmit' differ in signedness [-Wpointer-sign]
  348 |   HAL_UART_Transmit(&huart1,HumCala,18,HAL_MAX_DELAY);
      |                             ^~~~~~~
      |                             |
      |                             char *
In file included from ../Core/Inc/stm32l0xx_hal_conf.h:281,
                 from ../Drivers/STM32L0xx_HAL_Driver/Inc/stm32l0xx_hal.h:29,
                 from ../Core/Inc/main.h:30,
                 from ../Core/Src/main.c:20:
../Drivers/STM32L0xx_HAL_Driver/Inc/stm32l0xx_hal_uart.h:1510:79: note: expected 'const uint8_t *' {aka 'const unsigned char *'} but argument is of type 'char *'
 1510 | HAL_StatusTypeDef HAL_UART_Transmit(UART_HandleTypeDef *huart, const uint8_t *pData, uint16_t Size, uint32_t Timeout);
      |                                                                ~~~~~~~~~~~~~~~^~~~~
../Core/Src/main.c: At top level:
../Core/Src/main.c:726:6: warning: conflicting types for 'stream_sensor_data_normal_mode'
  726 | void stream_sensor_data_normal_mode(struct bme280_dev *dev)
      |      ^~~~~~~~~~~~~~~~~~~~~~~~~~~~~~
../Core/Src/main.c:192:3: note: previous implicit declaration of 'stream_sensor_data_normal_mode' was here
  192 |   stream_sensor_data_normal_mode(&dev);
      |   ^~~~~~~~~~~~~~~~~~~~~~~~~~~~~~
../Core/Src/main.c:769:6: warning: conflicting types for 'BMA456_Init'
  769 | void BMA456_Init()
      |      ^~~~~~~~~~~
../Core/Src/main.c:193:3: note: previous implicit declaration of 'BMA456_Init' was here
  193 |   BMA456_Init();
      |   ^~~~~~~~~~~
arm-none-eabi-gcc -o "SweetDreams.elf" @"objects.list"   -mcpu=cortex-m0plus -T"C:\Users\jasie\STM32CubeIDE\BMa\SweetDreams\STM32L051K8TX_FLASH.ld" --specs=nosys.specs -Wl,-Map="SweetDreams.map" -Wl,--gc-sections -static --specs=nano.specs -mfloat-abi=soft -mthumb -u _printf_float -Wl,--start-group -lc -lm -Wl,--end-group
Finished building target: SweetDreams.elf
 
arm-none-eabi-size   SweetDreams.elf 
arm-none-eabi-objdump -h -S  SweetDreams.elf  > "SweetDreams.list"
   text	   data	    bss	    dec	    hex	filename
  47624	    484	   2168	  50276	   c464	SweetDreams.elf
Finished building: default.size.stdout
 
Finished building: SweetDreams.list
 
15:29:12 **** Incremental Build of configuration Debug for project SweetDreams ****
make -j8 all 
arm-none-eabi-gcc "../Core/Src/main.c" -mcpu=cortex-m0plus -std=gnu11 -g3 -DDEBUG -DUSE_HAL_DRIVER -DSTM32L051xx -c -I../Core/Inc -I../Drivers/STM32L0xx_HAL_Driver/Inc -I../Drivers/STM32L0xx_HAL_Driver/Inc/Legacy -I../Drivers/CMSIS/Device/ST/STM32L0xx/Include -I../Drivers/CMSIS/Include -O0 -ffunction-sections -fdata-sections -Wall -fstack-usage -fcyclomatic-complexity -MMD -MP -MF"Core/Src/main.d" -MT"Core/Src/main.o" --specs=nano.specs -mfloat-abi=soft -mthumb -o "Core/Src/main.o"
../Core/Src/main.c: In function 'main':
../Core/Src/main.c:173:28: warning: passing argument 2 of 'HAL_ADC_Start_DMA' from incompatible pointer type [-Wincompatible-pointer-types]
  173 |   HAL_ADC_Start_DMA(&hadc, adc_buffer,32);
      |                            ^~~~~~~~~~
      |                            |
      |                            uint16_t * {aka short unsigned int *}
In file included from ../Core/Inc/stm32l0xx_hal_conf.h:208,
                 from ../Drivers/STM32L0xx_HAL_Driver/Inc/stm32l0xx_hal.h:29,
                 from ../Core/Inc/main.h:30,
                 from ../Core/Src/main.c:20:
../Drivers/STM32L0xx_HAL_Driver/Inc/stm32l0xx_hal_adc.h:1134:75: note: expected 'uint32_t *' {aka 'long unsigned int *'} but argument is of type 'uint16_t *' {aka 'short unsigned int *'}
 1134 | HAL_StatusTypeDef    HAL_ADC_Start_DMA(ADC_HandleTypeDef *hadc, uint32_t *pData, uint32_t Length);
      |                                                                 ~~~~~~~~~~^~~~~
../Core/Src/main.c:192:3: warning: implicit declaration of function 'stream_sensor_data_normal_mode' [-Wimplicit-function-declaration]
  192 |   stream_sensor_data_normal_mode(&dev);
      |   ^~~~~~~~~~~~~~~~~~~~~~~~~~~~~~
../Core/Src/main.c:193:3: warning: implicit declaration of function 'BMA456_Init' [-Wimplicit-function-declaration]
  193 |   BMA456_Init();
      |   ^~~~~~~~~~~
../Core/Src/main.c:333:31: warning: pointer targets in passing argument 2 of 'HAL_UART_Transmit' differ in signedness [-Wpointer-sign]
  333 |     HAL_UART_Transmit(&huart1,"Lezy\r\n", 6,HAL_MAX_DELAY);;
      |                               ^~~~~~~~~~
      |                               |
      |                               char *
In file included from ../Core/Inc/stm32l0xx_hal_conf.h:281,
                 from ../Drivers/STM32L0xx_HAL_Driver/Inc/stm32l0xx_hal.h:29,
                 from ../Core/Inc/main.h:30,
                 from ../Core/Src/main.c:20:
../Drivers/STM32L0xx_HAL_Driver/Inc/stm32l0xx_hal_uart.h:1510:79: note: expected 'const uint8_t *' {aka 'const unsigned char *'} but argument is of type 'char *'
 1510 | HAL_StatusTypeDef HAL_UART_Transmit(UART_HandleTypeDef *huart, const uint8_t *pData, uint16_t Size, uint32_t Timeout);
      |                                                                ~~~~~~~~~~~~~~~^~~~~
../Core/Src/main.c:336:31: warning: pointer targets in passing argument 2 of 'HAL_UART_Transmit' differ in signedness [-Wpointer-sign]
  336 |     HAL_UART_Transmit(&huart1,"Nie lezy\r\n", 10,HAL_MAX_DELAY);
      |                               ^~~~~~~~~~~~~~
      |                               |
      |                               char *
In file included from ../Core/Inc/stm32l0xx_hal_conf.h:281,
                 from ../Drivers/STM32L0xx_HAL_Driver/Inc/stm32l0xx_hal.h:29,
                 from ../Core/Inc/main.h:30,
                 from ../Core/Src/main.c:20:
../Drivers/STM32L0xx_HAL_Driver/Inc/stm32l0xx_hal_uart.h:1510:79: note: expected 'const uint8_t *' {aka 'const unsigned char *'} but argument is of type 'char *'
 1510 | HAL_StatusTypeDef HAL_UART_Transmit(UART_HandleTypeDef *huart, const uint8_t *pData, uint16_t Size, uint32_t Timeout);
      |                                                                ~~~~~~~~~~~~~~~^~~~~
../Core/Src/main.c:347:29: warning: pointer targets in passing argument 2 of 'HAL_UART_Transmit' differ in signedness [-Wpointer-sign]
  347 |   HAL_UART_Transmit(&huart1,TempCala,19,HAL_MAX_DELAY);
      |                             ^~~~~~~~
      |                             |
      |                             char *
In file included from ../Core/Inc/stm32l0xx_hal_conf.h:281,
                 from ../Drivers/STM32L0xx_HAL_Driver/Inc/stm32l0xx_hal.h:29,
                 from ../Core/Inc/main.h:30,
                 from ../Core/Src/main.c:20:
../Drivers/STM32L0xx_HAL_Driver/Inc/stm32l0xx_hal_uart.h:1510:79: note: expected 'const uint8_t *' {aka 'const unsigned char *'} but argument is of type 'char *'
 1510 | HAL_StatusTypeDef HAL_UART_Transmit(UART_HandleTypeDef *huart, const uint8_t *pData, uint16_t Size, uint32_t Timeout);
      |                                                                ~~~~~~~~~~~~~~~^~~~~
../Core/Src/main.c:348:29: warning: pointer targets in passing argument 2 of 'HAL_UART_Transmit' differ in signedness [-Wpointer-sign]
  348 |   HAL_UART_Transmit(&huart1,HumCala,18,HAL_MAX_DELAY);
      |                             ^~~~~~~
      |                             |
      |                             char *
In file included from ../Core/Inc/stm32l0xx_hal_conf.h:281,
                 from ../Drivers/STM32L0xx_HAL_Driver/Inc/stm32l0xx_hal.h:29,
                 from ../Core/Inc/main.h:30,
                 from ../Core/Src/main.c:20:
../Drivers/STM32L0xx_HAL_Driver/Inc/stm32l0xx_hal_uart.h:1510:79: note: expected 'const uint8_t *' {aka 'const unsigned char *'} but argument is of type 'char *'
 1510 | HAL_StatusTypeDef HAL_UART_Transmit(UART_HandleTypeDef *huart, const uint8_t *pData, uint16_t Size, uint32_t Timeout);
      |                                                                ~~~~~~~~~~~~~~~^~~~~
../Core/Src/main.c: At top level:
../Core/Src/main.c:726:6: warning: conflicting types for 'stream_sensor_data_normal_mode'
  726 | void stream_sensor_data_normal_mode(struct bme280_dev *dev)
      |      ^~~~~~~~~~~~~~~~~~~~~~~~~~~~~~
../Core/Src/main.c:192:3: note: previous implicit declaration of 'stream_sensor_data_normal_mode' was here
  192 |   stream_sensor_data_normal_mode(&dev);
      |   ^~~~~~~~~~~~~~~~~~~~~~~~~~~~~~
../Core/Src/main.c:769:6: warning: conflicting types for 'BMA456_Init'
  769 | void BMA456_Init()
      |      ^~~~~~~~~~~
../Core/Src/main.c:193:3: note: previous implicit declaration of 'BMA456_Init' was here
  193 |   BMA456_Init();
      |   ^~~~~~~~~~~
arm-none-eabi-gcc -o "SweetDreams.elf" @"objects.list"   -mcpu=cortex-m0plus -T"C:\Users\jasie\STM32CubeIDE\BMa\SweetDreams\STM32L051K8TX_FLASH.ld" --specs=nosys.specs -Wl,-Map="SweetDreams.map" -Wl,--gc-sections -static --specs=nano.specs -mfloat-abi=soft -mthumb -u _printf_float -Wl,--start-group -lc -lm -Wl,--end-group
Finished building target: SweetDreams.elf
 
arm-none-eabi-size   SweetDreams.elf 
arm-none-eabi-objdump -h -S  SweetDreams.elf  > "SweetDreams.list"
   text	   data	    bss	    dec	    hex	filename
  47620	    484	   2168	  50272	   c460	SweetDreams.elf
Finished building: default.size.stdout
 
Finished building: SweetDreams.list
 
15:31:53 **** Incremental Build of configuration Debug for project SweetDreams ****
make -j8 all 
arm-none-eabi-size   SweetDreams.elf 
   text	   data	    bss	    dec	    hex	filename
  47620	    484	   2168	  50272	   c460	SweetDreams.elf
Finished building: default.size.stdout
 
15:34:09 **** Incremental Build of configuration Debug for project SweetDreams ****
make -j8 all 
arm-none-eabi-gcc "../Core/Src/main.c" -mcpu=cortex-m0plus -std=gnu11 -g3 -DDEBUG -DUSE_HAL_DRIVER -DSTM32L051xx -c -I../Core/Inc -I../Drivers/STM32L0xx_HAL_Driver/Inc -I../Drivers/STM32L0xx_HAL_Driver/Inc/Legacy -I../Drivers/CMSIS/Device/ST/STM32L0xx/Include -I../Drivers/CMSIS/Include -O0 -ffunction-sections -fdata-sections -Wall -fstack-usage -fcyclomatic-complexity -MMD -MP -MF"Core/Src/main.d" -MT"Core/Src/main.o" --specs=nano.specs -mfloat-abi=soft -mthumb -o "Core/Src/main.o"
../Core/Src/main.c: In function 'main':
../Core/Src/main.c:173:28: warning: passing argument 2 of 'HAL_ADC_Start_DMA' from incompatible pointer type [-Wincompatible-pointer-types]
  173 |   HAL_ADC_Start_DMA(&hadc, adc_buffer,32);
      |                            ^~~~~~~~~~
      |                            |
      |                            uint16_t * {aka short unsigned int *}
In file included from ../Core/Inc/stm32l0xx_hal_conf.h:208,
                 from ../Drivers/STM32L0xx_HAL_Driver/Inc/stm32l0xx_hal.h:29,
                 from ../Core/Inc/main.h:30,
                 from ../Core/Src/main.c:20:
../Drivers/STM32L0xx_HAL_Driver/Inc/stm32l0xx_hal_adc.h:1134:75: note: expected 'uint32_t *' {aka 'long unsigned int *'} but argument is of type 'uint16_t *' {aka 'short unsigned int *'}
 1134 | HAL_StatusTypeDef    HAL_ADC_Start_DMA(ADC_HandleTypeDef *hadc, uint32_t *pData, uint32_t Length);
      |                                                                 ~~~~~~~~~~^~~~~
../Core/Src/main.c:192:3: warning: implicit declaration of function 'stream_sensor_data_normal_mode' [-Wimplicit-function-declaration]
  192 |   stream_sensor_data_normal_mode(&dev);
      |   ^~~~~~~~~~~~~~~~~~~~~~~~~~~~~~
../Core/Src/main.c:193:3: warning: implicit declaration of function 'BMA456_Init' [-Wimplicit-function-declaration]
  193 |   BMA456_Init();
      |   ^~~~~~~~~~~
../Core/Src/main.c:333:31: warning: pointer targets in passing argument 2 of 'HAL_UART_Transmit' differ in signedness [-Wpointer-sign]
  333 |     HAL_UART_Transmit(&huart1,"Lezy\r\n", 6,HAL_MAX_DELAY);;
      |                               ^~~~~~~~~~
      |                               |
      |                               char *
In file included from ../Core/Inc/stm32l0xx_hal_conf.h:281,
                 from ../Drivers/STM32L0xx_HAL_Driver/Inc/stm32l0xx_hal.h:29,
                 from ../Core/Inc/main.h:30,
                 from ../Core/Src/main.c:20:
../Drivers/STM32L0xx_HAL_Driver/Inc/stm32l0xx_hal_uart.h:1510:79: note: expected 'const uint8_t *' {aka 'const unsigned char *'} but argument is of type 'char *'
 1510 | HAL_StatusTypeDef HAL_UART_Transmit(UART_HandleTypeDef *huart, const uint8_t *pData, uint16_t Size, uint32_t Timeout);
      |                                                                ~~~~~~~~~~~~~~~^~~~~
../Core/Src/main.c:336:31: warning: pointer targets in passing argument 2 of 'HAL_UART_Transmit' differ in signedness [-Wpointer-sign]
  336 |     HAL_UART_Transmit(&huart1,"Nie lezy\r\n", 10,HAL_MAX_DELAY);
      |                               ^~~~~~~~~~~~~~
      |                               |
      |                               char *
In file included from ../Core/Inc/stm32l0xx_hal_conf.h:281,
                 from ../Drivers/STM32L0xx_HAL_Driver/Inc/stm32l0xx_hal.h:29,
                 from ../Core/Inc/main.h:30,
                 from ../Core/Src/main.c:20:
../Drivers/STM32L0xx_HAL_Driver/Inc/stm32l0xx_hal_uart.h:1510:79: note: expected 'const uint8_t *' {aka 'const unsigned char *'} but argument is of type 'char *'
 1510 | HAL_StatusTypeDef HAL_UART_Transmit(UART_HandleTypeDef *huart, const uint8_t *pData, uint16_t Size, uint32_t Timeout);
      |                                                                ~~~~~~~~~~~~~~~^~~~~
../Core/Src/main.c:347:29: warning: pointer targets in passing argument 2 of 'HAL_UART_Transmit' differ in signedness [-Wpointer-sign]
  347 |   HAL_UART_Transmit(&huart1,TempCala,19,HAL_MAX_DELAY);
      |                             ^~~~~~~~
      |                             |
      |                             char *
In file included from ../Core/Inc/stm32l0xx_hal_conf.h:281,
                 from ../Drivers/STM32L0xx_HAL_Driver/Inc/stm32l0xx_hal.h:29,
                 from ../Core/Inc/main.h:30,
                 from ../Core/Src/main.c:20:
../Drivers/STM32L0xx_HAL_Driver/Inc/stm32l0xx_hal_uart.h:1510:79: note: expected 'const uint8_t *' {aka 'const unsigned char *'} but argument is of type 'char *'
 1510 | HAL_StatusTypeDef HAL_UART_Transmit(UART_HandleTypeDef *huart, const uint8_t *pData, uint16_t Size, uint32_t Timeout);
      |                                                                ~~~~~~~~~~~~~~~^~~~~
../Core/Src/main.c:348:29: warning: pointer targets in passing argument 2 of 'HAL_UART_Transmit' differ in signedness [-Wpointer-sign]
  348 |   HAL_UART_Transmit(&huart1,HumCala,18,HAL_MAX_DELAY);
      |                             ^~~~~~~
      |                             |
      |                             char *
In file included from ../Core/Inc/stm32l0xx_hal_conf.h:281,
                 from ../Drivers/STM32L0xx_HAL_Driver/Inc/stm32l0xx_hal.h:29,
                 from ../Core/Inc/main.h:30,
                 from ../Core/Src/main.c:20:
../Drivers/STM32L0xx_HAL_Driver/Inc/stm32l0xx_hal_uart.h:1510:79: note: expected 'const uint8_t *' {aka 'const unsigned char *'} but argument is of type 'char *'
 1510 | HAL_StatusTypeDef HAL_UART_Transmit(UART_HandleTypeDef *huart, const uint8_t *pData, uint16_t Size, uint32_t Timeout);
      |                                                                ~~~~~~~~~~~~~~~^~~~~
../Core/Src/main.c: At top level:
../Core/Src/main.c:726:6: warning: conflicting types for 'stream_sensor_data_normal_mode'
  726 | void stream_sensor_data_normal_mode(struct bme280_dev *dev)
      |      ^~~~~~~~~~~~~~~~~~~~~~~~~~~~~~
../Core/Src/main.c:192:3: note: previous implicit declaration of 'stream_sensor_data_normal_mode' was here
  192 |   stream_sensor_data_normal_mode(&dev);
      |   ^~~~~~~~~~~~~~~~~~~~~~~~~~~~~~
../Core/Src/main.c:769:6: warning: conflicting types for 'BMA456_Init'
  769 | void BMA456_Init()
      |      ^~~~~~~~~~~
../Core/Src/main.c:193:3: note: previous implicit declaration of 'BMA456_Init' was here
  193 |   BMA456_Init();
      |   ^~~~~~~~~~~
arm-none-eabi-gcc -o "SweetDreams.elf" @"objects.list"   -mcpu=cortex-m0plus -T"C:\Users\jasie\STM32CubeIDE\BMa\SweetDreams\STM32L051K8TX_FLASH.ld" --specs=nosys.specs -Wl,-Map="SweetDreams.map" -Wl,--gc-sections -static --specs=nano.specs -mfloat-abi=soft -mthumb -u _printf_float -Wl,--start-group -lc -lm -Wl,--end-group
Finished building target: SweetDreams.elf
 
arm-none-eabi-size   SweetDreams.elf 
arm-none-eabi-objdump -h -S  SweetDreams.elf  > "SweetDreams.list"
   text	   data	    bss	    dec	    hex	filename
  47624	    484	   2168	  50276	   c464	SweetDreams.elf
Finished building: default.size.stdout
 
Finished building: SweetDreams.list
 
15:34:19 **** Incremental Build of configuration Debug for project SweetDreams ****
make -j8 all 
arm-none-eabi-size   SweetDreams.elf 
   text	   data	    bss	    dec	    hex	filename
  47624	    484	   2168	  50276	   c464	SweetDreams.elf
Finished building: default.size.stdout
 
15:43:41 **** Incremental Build of configuration Debug for project SweetDreams ****
make -j8 all 
arm-none-eabi-gcc "../Core/Src/main.c" -mcpu=cortex-m0plus -std=gnu11 -g3 -DDEBUG -DUSE_HAL_DRIVER -DSTM32L051xx -c -I../Core/Inc -I../Drivers/STM32L0xx_HAL_Driver/Inc -I../Drivers/STM32L0xx_HAL_Driver/Inc/Legacy -I../Drivers/CMSIS/Device/ST/STM32L0xx/Include -I../Drivers/CMSIS/Include -O0 -ffunction-sections -fdata-sections -Wall -fstack-usage -fcyclomatic-complexity -MMD -MP -MF"Core/Src/main.d" -MT"Core/Src/main.o" --specs=nano.specs -mfloat-abi=soft -mthumb -o "Core/Src/main.o"
arm-none-eabi-gcc "../Core/Src/stm32l0xx_hal_msp.c" -mcpu=cortex-m0plus -std=gnu11 -g3 -DDEBUG -DUSE_HAL_DRIVER -DSTM32L051xx -c -I../Core/Inc -I../Drivers/STM32L0xx_HAL_Driver/Inc -I../Drivers/STM32L0xx_HAL_Driver/Inc/Legacy -I../Drivers/CMSIS/Device/ST/STM32L0xx/Include -I../Drivers/CMSIS/Include -O0 -ffunction-sections -fdata-sections -Wall -fstack-usage -fcyclomatic-complexity -MMD -MP -MF"Core/Src/stm32l0xx_hal_msp.d" -MT"Core/Src/stm32l0xx_hal_msp.o" --specs=nano.specs -mfloat-abi=soft -mthumb -o "Core/Src/stm32l0xx_hal_msp.o"
../Core/Src/main.c: In function 'main':
../Core/Src/main.c:173:28: warning: passing argument 2 of 'HAL_ADC_Start_DMA' from incompatible pointer type [-Wincompatible-pointer-types]
  173 |   HAL_ADC_Start_DMA(&hadc, adc_buffer,32);
      |                            ^~~~~~~~~~
      |                            |
      |                            uint16_t * {aka short unsigned int *}
In file included from ../Core/Inc/stm32l0xx_hal_conf.h:208,
                 from ../Drivers/STM32L0xx_HAL_Driver/Inc/stm32l0xx_hal.h:29,
                 from ../Core/Inc/main.h:30,
                 from ../Core/Src/main.c:20:
../Drivers/STM32L0xx_HAL_Driver/Inc/stm32l0xx_hal_adc.h:1134:75: note: expected 'uint32_t *' {aka 'long unsigned int *'} but argument is of type 'uint16_t *' {aka 'short unsigned int *'}
 1134 | HAL_StatusTypeDef    HAL_ADC_Start_DMA(ADC_HandleTypeDef *hadc, uint32_t *pData, uint32_t Length);
      |                                                                 ~~~~~~~~~~^~~~~
../Core/Src/main.c:192:3: warning: implicit declaration of function 'stream_sensor_data_normal_mode' [-Wimplicit-function-declaration]
  192 |   stream_sensor_data_normal_mode(&dev);
      |   ^~~~~~~~~~~~~~~~~~~~~~~~~~~~~~
../Core/Src/main.c:193:3: warning: implicit declaration of function 'BMA456_Init' [-Wimplicit-function-declaration]
  193 |   BMA456_Init();
      |   ^~~~~~~~~~~
../Core/Src/main.c:333:31: warning: pointer targets in passing argument 2 of 'HAL_UART_Transmit' differ in signedness [-Wpointer-sign]
  333 |     HAL_UART_Transmit(&huart1,"Lezy\r\n", 6,HAL_MAX_DELAY);;
      |                               ^~~~~~~~~~
      |                               |
      |                               char *
In file included from ../Core/Inc/stm32l0xx_hal_conf.h:281,
                 from ../Drivers/STM32L0xx_HAL_Driver/Inc/stm32l0xx_hal.h:29,
                 from ../Core/Inc/main.h:30,
                 from ../Core/Src/main.c:20:
../Drivers/STM32L0xx_HAL_Driver/Inc/stm32l0xx_hal_uart.h:1510:79: note: expected 'const uint8_t *' {aka 'const unsigned char *'} but argument is of type 'char *'
 1510 | HAL_StatusTypeDef HAL_UART_Transmit(UART_HandleTypeDef *huart, const uint8_t *pData, uint16_t Size, uint32_t Timeout);
      |                                                                ~~~~~~~~~~~~~~~^~~~~
../Core/Src/main.c:336:31: warning: pointer targets in passing argument 2 of 'HAL_UART_Transmit' differ in signedness [-Wpointer-sign]
  336 |     HAL_UART_Transmit(&huart1,"Nie lezy\r\n", 10,HAL_MAX_DELAY);
      |                               ^~~~~~~~~~~~~~
      |                               |
      |                               char *
In file included from ../Core/Inc/stm32l0xx_hal_conf.h:281,
                 from ../Drivers/STM32L0xx_HAL_Driver/Inc/stm32l0xx_hal.h:29,
                 from ../Core/Inc/main.h:30,
                 from ../Core/Src/main.c:20:
../Drivers/STM32L0xx_HAL_Driver/Inc/stm32l0xx_hal_uart.h:1510:79: note: expected 'const uint8_t *' {aka 'const unsigned char *'} but argument is of type 'char *'
 1510 | HAL_StatusTypeDef HAL_UART_Transmit(UART_HandleTypeDef *huart, const uint8_t *pData, uint16_t Size, uint32_t Timeout);
      |                                                                ~~~~~~~~~~~~~~~^~~~~
../Core/Src/main.c:347:29: warning: pointer targets in passing argument 2 of 'HAL_UART_Transmit' differ in signedness [-Wpointer-sign]
  347 |   HAL_UART_Transmit(&huart1,TempCala,19,HAL_MAX_DELAY);
      |                             ^~~~~~~~
      |                             |
      |                             char *
In file included from ../Core/Inc/stm32l0xx_hal_conf.h:281,
                 from ../Drivers/STM32L0xx_HAL_Driver/Inc/stm32l0xx_hal.h:29,
                 from ../Core/Inc/main.h:30,
                 from ../Core/Src/main.c:20:
../Drivers/STM32L0xx_HAL_Driver/Inc/stm32l0xx_hal_uart.h:1510:79: note: expected 'const uint8_t *' {aka 'const unsigned char *'} but argument is of type 'char *'
 1510 | HAL_StatusTypeDef HAL_UART_Transmit(UART_HandleTypeDef *huart, const uint8_t *pData, uint16_t Size, uint32_t Timeout);
      |                                                                ~~~~~~~~~~~~~~~^~~~~
../Core/Src/main.c:348:29: warning: pointer targets in passing argument 2 of 'HAL_UART_Transmit' differ in signedness [-Wpointer-sign]
  348 |   HAL_UART_Transmit(&huart1,HumCala,18,HAL_MAX_DELAY);
      |                             ^~~~~~~
      |                             |
      |                             char *
In file included from ../Core/Inc/stm32l0xx_hal_conf.h:281,
                 from ../Drivers/STM32L0xx_HAL_Driver/Inc/stm32l0xx_hal.h:29,
                 from ../Core/Inc/main.h:30,
                 from ../Core/Src/main.c:20:
../Drivers/STM32L0xx_HAL_Driver/Inc/stm32l0xx_hal_uart.h:1510:79: note: expected 'const uint8_t *' {aka 'const unsigned char *'} but argument is of type 'char *'
 1510 | HAL_StatusTypeDef HAL_UART_Transmit(UART_HandleTypeDef *huart, const uint8_t *pData, uint16_t Size, uint32_t Timeout);
      |                                                                ~~~~~~~~~~~~~~~^~~~~
../Core/Src/main.c: At top level:
../Core/Src/main.c:726:6: warning: conflicting types for 'stream_sensor_data_normal_mode'
  726 | void stream_sensor_data_normal_mode(struct bme280_dev *dev)
      |      ^~~~~~~~~~~~~~~~~~~~~~~~~~~~~~
../Core/Src/main.c:192:3: note: previous implicit declaration of 'stream_sensor_data_normal_mode' was here
  192 |   stream_sensor_data_normal_mode(&dev);
      |   ^~~~~~~~~~~~~~~~~~~~~~~~~~~~~~
../Core/Src/main.c:769:6: warning: conflicting types for 'BMA456_Init'
  769 | void BMA456_Init()
      |      ^~~~~~~~~~~
../Core/Src/main.c:193:3: note: previous implicit declaration of 'BMA456_Init' was here
  193 |   BMA456_Init();
      |   ^~~~~~~~~~~
arm-none-eabi-gcc -o "SweetDreams.elf" @"objects.list"   -mcpu=cortex-m0plus -T"C:\Users\jasie\STM32CubeIDE\BMa\SweetDreams\STM32L051K8TX_FLASH.ld" --specs=nosys.specs -Wl,-Map="SweetDreams.map" -Wl,--gc-sections -static --specs=nano.specs -mfloat-abi=soft -mthumb -u _printf_float -Wl,--start-group -lc -lm -Wl,--end-group
Finished building target: SweetDreams.elf
 
arm-none-eabi-size   SweetDreams.elf 
arm-none-eabi-objdump -h -S  SweetDreams.elf  > "SweetDreams.list"
   text	   data	    bss	    dec	    hex	filename
  47624	    484	   2168	  50276	   c464	SweetDreams.elf
Finished building: default.size.stdout
 
Finished building: SweetDreams.list
 
15:45:16 **** Incremental Build of configuration Debug for project SweetDreams ****
make -j8 all 
arm-none-eabi-gcc "../Core/Src/main.c" -mcpu=cortex-m0plus -std=gnu11 -g3 -DDEBUG -DUSE_HAL_DRIVER -DSTM32L051xx -c -I../Core/Inc -I../Drivers/STM32L0xx_HAL_Driver/Inc -I../Drivers/STM32L0xx_HAL_Driver/Inc/Legacy -I../Drivers/CMSIS/Device/ST/STM32L0xx/Include -I../Drivers/CMSIS/Include -O0 -ffunction-sections -fdata-sections -Wall -fstack-usage -fcyclomatic-complexity -MMD -MP -MF"Core/Src/main.d" -MT"Core/Src/main.o" --specs=nano.specs -mfloat-abi=soft -mthumb -o "Core/Src/main.o"
../Core/Src/main.c: In function 'main':
../Core/Src/main.c:173:28: warning: passing argument 2 of 'HAL_ADC_Start_DMA' from incompatible pointer type [-Wincompatible-pointer-types]
  173 |   HAL_ADC_Start_DMA(&hadc, adc_buffer,32);
      |                            ^~~~~~~~~~
      |                            |
      |                            uint16_t * {aka short unsigned int *}
In file included from ../Core/Inc/stm32l0xx_hal_conf.h:208,
                 from ../Drivers/STM32L0xx_HAL_Driver/Inc/stm32l0xx_hal.h:29,
                 from ../Core/Inc/main.h:30,
                 from ../Core/Src/main.c:20:
../Drivers/STM32L0xx_HAL_Driver/Inc/stm32l0xx_hal_adc.h:1134:75: note: expected 'uint32_t *' {aka 'long unsigned int *'} but argument is of type 'uint16_t *' {aka 'short unsigned int *'}
 1134 | HAL_StatusTypeDef    HAL_ADC_Start_DMA(ADC_HandleTypeDef *hadc, uint32_t *pData, uint32_t Length);
      |                                                                 ~~~~~~~~~~^~~~~
../Core/Src/main.c:192:3: warning: implicit declaration of function 'stream_sensor_data_normal_mode' [-Wimplicit-function-declaration]
  192 |   stream_sensor_data_normal_mode(&dev);
      |   ^~~~~~~~~~~~~~~~~~~~~~~~~~~~~~
../Core/Src/main.c:193:3: warning: implicit declaration of function 'BMA456_Init' [-Wimplicit-function-declaration]
  193 |   BMA456_Init();
      |   ^~~~~~~~~~~
../Core/Src/main.c:333:31: warning: pointer targets in passing argument 2 of 'HAL_UART_Transmit' differ in signedness [-Wpointer-sign]
  333 |     HAL_UART_Transmit(&huart1,"Lezy\r\n", 6,HAL_MAX_DELAY);;
      |                               ^~~~~~~~~~
      |                               |
      |                               char *
In file included from ../Core/Inc/stm32l0xx_hal_conf.h:281,
                 from ../Drivers/STM32L0xx_HAL_Driver/Inc/stm32l0xx_hal.h:29,
                 from ../Core/Inc/main.h:30,
                 from ../Core/Src/main.c:20:
../Drivers/STM32L0xx_HAL_Driver/Inc/stm32l0xx_hal_uart.h:1510:79: note: expected 'const uint8_t *' {aka 'const unsigned char *'} but argument is of type 'char *'
 1510 | HAL_StatusTypeDef HAL_UART_Transmit(UART_HandleTypeDef *huart, const uint8_t *pData, uint16_t Size, uint32_t Timeout);
      |                                                                ~~~~~~~~~~~~~~~^~~~~
../Core/Src/main.c:336:31: warning: pointer targets in passing argument 2 of 'HAL_UART_Transmit' differ in signedness [-Wpointer-sign]
  336 |     HAL_UART_Transmit(&huart1,"Nie lezy\r\n", 10,HAL_MAX_DELAY);
      |                               ^~~~~~~~~~~~~~
      |                               |
      |                               char *
In file included from ../Core/Inc/stm32l0xx_hal_conf.h:281,
                 from ../Drivers/STM32L0xx_HAL_Driver/Inc/stm32l0xx_hal.h:29,
                 from ../Core/Inc/main.h:30,
                 from ../Core/Src/main.c:20:
../Drivers/STM32L0xx_HAL_Driver/Inc/stm32l0xx_hal_uart.h:1510:79: note: expected 'const uint8_t *' {aka 'const unsigned char *'} but argument is of type 'char *'
 1510 | HAL_StatusTypeDef HAL_UART_Transmit(UART_HandleTypeDef *huart, const uint8_t *pData, uint16_t Size, uint32_t Timeout);
      |                                                                ~~~~~~~~~~~~~~~^~~~~
../Core/Src/main.c:347:29: warning: pointer targets in passing argument 2 of 'HAL_UART_Transmit' differ in signedness [-Wpointer-sign]
  347 |   HAL_UART_Transmit(&huart1,TempCala,19,HAL_MAX_DELAY);
      |                             ^~~~~~~~
      |                             |
      |                             char *
In file included from ../Core/Inc/stm32l0xx_hal_conf.h:281,
                 from ../Drivers/STM32L0xx_HAL_Driver/Inc/stm32l0xx_hal.h:29,
                 from ../Core/Inc/main.h:30,
                 from ../Core/Src/main.c:20:
../Drivers/STM32L0xx_HAL_Driver/Inc/stm32l0xx_hal_uart.h:1510:79: note: expected 'const uint8_t *' {aka 'const unsigned char *'} but argument is of type 'char *'
 1510 | HAL_StatusTypeDef HAL_UART_Transmit(UART_HandleTypeDef *huart, const uint8_t *pData, uint16_t Size, uint32_t Timeout);
      |                                                                ~~~~~~~~~~~~~~~^~~~~
../Core/Src/main.c:348:29: warning: pointer targets in passing argument 2 of 'HAL_UART_Transmit' differ in signedness [-Wpointer-sign]
  348 |   HAL_UART_Transmit(&huart1,HumCala,18,HAL_MAX_DELAY);
      |                             ^~~~~~~
      |                             |
      |                             char *
In file included from ../Core/Inc/stm32l0xx_hal_conf.h:281,
                 from ../Drivers/STM32L0xx_HAL_Driver/Inc/stm32l0xx_hal.h:29,
                 from ../Core/Inc/main.h:30,
                 from ../Core/Src/main.c:20:
../Drivers/STM32L0xx_HAL_Driver/Inc/stm32l0xx_hal_uart.h:1510:79: note: expected 'const uint8_t *' {aka 'const unsigned char *'} but argument is of type 'char *'
 1510 | HAL_StatusTypeDef HAL_UART_Transmit(UART_HandleTypeDef *huart, const uint8_t *pData, uint16_t Size, uint32_t Timeout);
      |                                                                ~~~~~~~~~~~~~~~^~~~~
../Core/Src/main.c: At top level:
../Core/Src/main.c:726:6: warning: conflicting types for 'stream_sensor_data_normal_mode'
  726 | void stream_sensor_data_normal_mode(struct bme280_dev *dev)
      |      ^~~~~~~~~~~~~~~~~~~~~~~~~~~~~~
../Core/Src/main.c:192:3: note: previous implicit declaration of 'stream_sensor_data_normal_mode' was here
  192 |   stream_sensor_data_normal_mode(&dev);
      |   ^~~~~~~~~~~~~~~~~~~~~~~~~~~~~~
../Core/Src/main.c:769:6: warning: conflicting types for 'BMA456_Init'
  769 | void BMA456_Init()
      |      ^~~~~~~~~~~
../Core/Src/main.c:193:3: note: previous implicit declaration of 'BMA456_Init' was here
  193 |   BMA456_Init();
      |   ^~~~~~~~~~~
arm-none-eabi-gcc -o "SweetDreams.elf" @"objects.list"   -mcpu=cortex-m0plus -T"C:\Users\jasie\STM32CubeIDE\BMa\SweetDreams\STM32L051K8TX_FLASH.ld" --specs=nosys.specs -Wl,-Map="SweetDreams.map" -Wl,--gc-sections -static --specs=nano.specs -mfloat-abi=soft -mthumb -u _printf_float -Wl,--start-group -lc -lm -Wl,--end-group
Finished building target: SweetDreams.elf
 
arm-none-eabi-size   SweetDreams.elf 
arm-none-eabi-objdump -h -S  SweetDreams.elf  > "SweetDreams.list"
   text	   data	    bss	    dec	    hex	filename
  47624	    484	   2168	  50276	   c464	SweetDreams.elf
Finished building: default.size.stdout
 
Finished building: SweetDreams.list
 
15:45:33 **** Incremental Build of configuration Debug for project SweetDreams ****
make -j8 all 
arm-none-eabi-size   SweetDreams.elf 
   text	   data	    bss	    dec	    hex	filename
  47624	    484	   2168	  50276	   c464	SweetDreams.elf
Finished building: default.size.stdout
 
15:46:38 **** Incremental Build of configuration Debug for project SweetDreams ****
make -j8 all 
arm-none-eabi-gcc "../Core/Src/main.c" -mcpu=cortex-m0plus -std=gnu11 -g3 -DDEBUG -DUSE_HAL_DRIVER -DSTM32L051xx -c -I../Core/Inc -I../Drivers/STM32L0xx_HAL_Driver/Inc -I../Drivers/STM32L0xx_HAL_Driver/Inc/Legacy -I../Drivers/CMSIS/Device/ST/STM32L0xx/Include -I../Drivers/CMSIS/Include -O0 -ffunction-sections -fdata-sections -Wall -fstack-usage -fcyclomatic-complexity -MMD -MP -MF"Core/Src/main.d" -MT"Core/Src/main.o" --specs=nano.specs -mfloat-abi=soft -mthumb -o "Core/Src/main.o"
../Core/Src/main.c: In function 'main':
../Core/Src/main.c:173:28: warning: passing argument 2 of 'HAL_ADC_Start_DMA' from incompatible pointer type [-Wincompatible-pointer-types]
  173 |   HAL_ADC_Start_DMA(&hadc, adc_buffer,32);
      |                            ^~~~~~~~~~
      |                            |
      |                            uint16_t * {aka short unsigned int *}
In file included from ../Core/Inc/stm32l0xx_hal_conf.h:208,
                 from ../Drivers/STM32L0xx_HAL_Driver/Inc/stm32l0xx_hal.h:29,
                 from ../Core/Inc/main.h:30,
                 from ../Core/Src/main.c:20:
../Drivers/STM32L0xx_HAL_Driver/Inc/stm32l0xx_hal_adc.h:1134:75: note: expected 'uint32_t *' {aka 'long unsigned int *'} but argument is of type 'uint16_t *' {aka 'short unsigned int *'}
 1134 | HAL_StatusTypeDef    HAL_ADC_Start_DMA(ADC_HandleTypeDef *hadc, uint32_t *pData, uint32_t Length);
      |                                                                 ~~~~~~~~~~^~~~~
../Core/Src/main.c:192:3: warning: implicit declaration of function 'stream_sensor_data_normal_mode' [-Wimplicit-function-declaration]
  192 |   stream_sensor_data_normal_mode(&dev);
      |   ^~~~~~~~~~~~~~~~~~~~~~~~~~~~~~
../Core/Src/main.c:193:3: warning: implicit declaration of function 'BMA456_Init' [-Wimplicit-function-declaration]
  193 |   BMA456_Init();
      |   ^~~~~~~~~~~
../Core/Src/main.c:333:31: warning: pointer targets in passing argument 2 of 'HAL_UART_Transmit' differ in signedness [-Wpointer-sign]
  333 |     HAL_UART_Transmit(&huart1,"Lezy\r\n", 6,HAL_MAX_DELAY);;
      |                               ^~~~~~~~~~
      |                               |
      |                               char *
In file included from ../Core/Inc/stm32l0xx_hal_conf.h:281,
                 from ../Drivers/STM32L0xx_HAL_Driver/Inc/stm32l0xx_hal.h:29,
                 from ../Core/Inc/main.h:30,
                 from ../Core/Src/main.c:20:
../Drivers/STM32L0xx_HAL_Driver/Inc/stm32l0xx_hal_uart.h:1510:79: note: expected 'const uint8_t *' {aka 'const unsigned char *'} but argument is of type 'char *'
 1510 | HAL_StatusTypeDef HAL_UART_Transmit(UART_HandleTypeDef *huart, const uint8_t *pData, uint16_t Size, uint32_t Timeout);
      |                                                                ~~~~~~~~~~~~~~~^~~~~
../Core/Src/main.c:336:31: warning: pointer targets in passing argument 2 of 'HAL_UART_Transmit' differ in signedness [-Wpointer-sign]
  336 |     HAL_UART_Transmit(&huart1,"Nie lezy\r\n", 10,HAL_MAX_DELAY);
      |                               ^~~~~~~~~~~~~~
      |                               |
      |                               char *
In file included from ../Core/Inc/stm32l0xx_hal_conf.h:281,
                 from ../Drivers/STM32L0xx_HAL_Driver/Inc/stm32l0xx_hal.h:29,
                 from ../Core/Inc/main.h:30,
                 from ../Core/Src/main.c:20:
../Drivers/STM32L0xx_HAL_Driver/Inc/stm32l0xx_hal_uart.h:1510:79: note: expected 'const uint8_t *' {aka 'const unsigned char *'} but argument is of type 'char *'
 1510 | HAL_StatusTypeDef HAL_UART_Transmit(UART_HandleTypeDef *huart, const uint8_t *pData, uint16_t Size, uint32_t Timeout);
      |                                                                ~~~~~~~~~~~~~~~^~~~~
../Core/Src/main.c:347:29: warning: pointer targets in passing argument 2 of 'HAL_UART_Transmit' differ in signedness [-Wpointer-sign]
  347 |   HAL_UART_Transmit(&huart1,TempCala,19,HAL_MAX_DELAY);
      |                             ^~~~~~~~
      |                             |
      |                             char *
In file included from ../Core/Inc/stm32l0xx_hal_conf.h:281,
                 from ../Drivers/STM32L0xx_HAL_Driver/Inc/stm32l0xx_hal.h:29,
                 from ../Core/Inc/main.h:30,
                 from ../Core/Src/main.c:20:
../Drivers/STM32L0xx_HAL_Driver/Inc/stm32l0xx_hal_uart.h:1510:79: note: expected 'const uint8_t *' {aka 'const unsigned char *'} but argument is of type 'char *'
 1510 | HAL_StatusTypeDef HAL_UART_Transmit(UART_HandleTypeDef *huart, const uint8_t *pData, uint16_t Size, uint32_t Timeout);
      |                                                                ~~~~~~~~~~~~~~~^~~~~
../Core/Src/main.c:348:29: warning: pointer targets in passing argument 2 of 'HAL_UART_Transmit' differ in signedness [-Wpointer-sign]
  348 |   HAL_UART_Transmit(&huart1,HumCala,18,HAL_MAX_DELAY);
      |                             ^~~~~~~
      |                             |
      |                             char *
In file included from ../Core/Inc/stm32l0xx_hal_conf.h:281,
                 from ../Drivers/STM32L0xx_HAL_Driver/Inc/stm32l0xx_hal.h:29,
                 from ../Core/Inc/main.h:30,
                 from ../Core/Src/main.c:20:
../Drivers/STM32L0xx_HAL_Driver/Inc/stm32l0xx_hal_uart.h:1510:79: note: expected 'const uint8_t *' {aka 'const unsigned char *'} but argument is of type 'char *'
 1510 | HAL_StatusTypeDef HAL_UART_Transmit(UART_HandleTypeDef *huart, const uint8_t *pData, uint16_t Size, uint32_t Timeout);
      |                                                                ~~~~~~~~~~~~~~~^~~~~
../Core/Src/main.c: At top level:
../Core/Src/main.c:726:6: warning: conflicting types for 'stream_sensor_data_normal_mode'
  726 | void stream_sensor_data_normal_mode(struct bme280_dev *dev)
      |      ^~~~~~~~~~~~~~~~~~~~~~~~~~~~~~
../Core/Src/main.c:192:3: note: previous implicit declaration of 'stream_sensor_data_normal_mode' was here
  192 |   stream_sensor_data_normal_mode(&dev);
      |   ^~~~~~~~~~~~~~~~~~~~~~~~~~~~~~
../Core/Src/main.c:769:6: warning: conflicting types for 'BMA456_Init'
  769 | void BMA456_Init()
      |      ^~~~~~~~~~~
../Core/Src/main.c:193:3: note: previous implicit declaration of 'BMA456_Init' was here
  193 |   BMA456_Init();
      |   ^~~~~~~~~~~
[...]
 1510 | HAL_StatusTypeDef HAL_UART_Transmit(UART_HandleTypeDef *huart, const uint8_t *pData, uint16_t Size, uint32_t Timeout);
      |                                                                ~~~~~~~~~~~~~~~^~~~~
../Core/Src/main.c:595:30: warning: pointer targets in passing argument 2 of 'HAL_UART_Transmit' differ in signedness [-Wpointer-sign]
  595 |    HAL_UART_Transmit(&huart1,"Nie lezy\r\n", 10,HAL_MAX_DELAY);
      |                              ^~~~~~~~~~~~~~
      |                              |
      |                              char *
In file included from ../Core/Inc/stm32l0xx_hal_conf.h:281,
                 from ../Drivers/STM32L0xx_HAL_Driver/Inc/stm32l0xx_hal.h:29,
                 from ../Core/Inc/main.h:30,
                 from ../Core/Src/main.c:20:
../Drivers/STM32L0xx_HAL_Driver/Inc/stm32l0xx_hal_uart.h:1510:79: note: expected 'const uint8_t *' {aka 'const unsigned char *'} but argument is of type 'char *'
 1510 | HAL_StatusTypeDef HAL_UART_Transmit(UART_HandleTypeDef *huart, const uint8_t *pData, uint16_t Size, uint32_t Timeout);
      |                                                                ~~~~~~~~~~~~~~~^~~~~
../Core/Src/main.c: In function 'Sleep':
../Core/Src/main.c:602:28: warning: pointer targets in passing argument 2 of 'HAL_UART_Transmit' differ in signedness [-Wpointer-sign]
  602 |  HAL_UART_Transmit(&huart1,"Ide spac\r\n", 10,HAL_MAX_DELAY);
      |                            ^~~~~~~~~~~~~~
      |                            |
      |                            char *
In file included from ../Core/Inc/stm32l0xx_hal_conf.h:281,
                 from ../Drivers/STM32L0xx_HAL_Driver/Inc/stm32l0xx_hal.h:29,
                 from ../Core/Inc/main.h:30,
                 from ../Core/Src/main.c:20:
../Drivers/STM32L0xx_HAL_Driver/Inc/stm32l0xx_hal_uart.h:1510:79: note: expected 'const uint8_t *' {aka 'const unsigned char *'} but argument is of type 'char *'
 1510 | HAL_StatusTypeDef HAL_UART_Transmit(UART_HandleTypeDef *huart, const uint8_t *pData, uint16_t Size, uint32_t Timeout);
      |                                                                ~~~~~~~~~~~~~~~^~~~~
../Core/Src/main.c:609:31: warning: pointer targets in passing argument 2 of 'HAL_UART_Transmit' differ in signedness [-Wpointer-sign]
  609 |     HAL_UART_Transmit(&huart1,"Wstaje\r\n", 8,HAL_MAX_DELAY);
      |                               ^~~~~~~~~~~~
      |                               |
      |                               char *
In file included from ../Core/Inc/stm32l0xx_hal_conf.h:281,
                 from ../Drivers/STM32L0xx_HAL_Driver/Inc/stm32l0xx_hal.h:29,
                 from ../Core/Inc/main.h:30,
                 from ../Core/Src/main.c:20:
../Drivers/STM32L0xx_HAL_Driver/Inc/stm32l0xx_hal_uart.h:1510:79: note: expected 'const uint8_t *' {aka 'const unsigned char *'} but argument is of type 'char *'
 1510 | HAL_StatusTypeDef HAL_UART_Transmit(UART_HandleTypeDef *huart, const uint8_t *pData, uint16_t Size, uint32_t Timeout);
      |                                                                ~~~~~~~~~~~~~~~^~~~~
../Core/Src/main.c: In function 'BME_PRINT':
../Core/Src/main.c:622:28: warning: pointer targets in passing argument 2 of 'HAL_UART_Transmit' differ in signedness [-Wpointer-sign]
  622 |  HAL_UART_Transmit(&huart1,TempCala,19,HAL_MAX_DELAY);
      |                            ^~~~~~~~
      |                            |
      |                            char *
In file included from ../Core/Inc/stm32l0xx_hal_conf.h:281,
                 from ../Drivers/STM32L0xx_HAL_Driver/Inc/stm32l0xx_hal.h:29,
                 from ../Core/Inc/main.h:30,
                 from ../Core/Src/main.c:20:
../Drivers/STM32L0xx_HAL_Driver/Inc/stm32l0xx_hal_uart.h:1510:79: note: expected 'const uint8_t *' {aka 'const unsigned char *'} but argument is of type 'char *'
 1510 | HAL_StatusTypeDef HAL_UART_Transmit(UART_HandleTypeDef *huart, const uint8_t *pData, uint16_t Size, uint32_t Timeout);
      |                                                                ~~~~~~~~~~~~~~~^~~~~
../Core/Src/main.c:623:28: warning: pointer targets in passing argument 2 of 'HAL_UART_Transmit' differ in signedness [-Wpointer-sign]
  623 |  HAL_UART_Transmit(&huart1,HumCala,18,HAL_MAX_DELAY);
      |                            ^~~~~~~
      |                            |
      |                            char *
In file included from ../Core/Inc/stm32l0xx_hal_conf.h:281,
                 from ../Drivers/STM32L0xx_HAL_Driver/Inc/stm32l0xx_hal.h:29,
                 from ../Core/Inc/main.h:30,
                 from ../Core/Src/main.c:20:
../Drivers/STM32L0xx_HAL_Driver/Inc/stm32l0xx_hal_uart.h:1510:79: note: expected 'const uint8_t *' {aka 'const unsigned char *'} but argument is of type 'char *'
 1510 | HAL_StatusTypeDef HAL_UART_Transmit(UART_HandleTypeDef *huart, const uint8_t *pData, uint16_t Size, uint32_t Timeout);
      |                                                                ~~~~~~~~~~~~~~~^~~~~
../Core/Src/main.c: In function 'BMA_PRINT':
../Core/Src/main.c:668:31: warning: pointer targets in passing argument 2 of 'HAL_UART_Transmit' differ in signedness [-Wpointer-sign]
  668 |     HAL_UART_Transmit(&huart1,Grawitacja,15,HAL_MAX_DELAY);
      |                               ^~~~~~~~~~
      |                               |
      |                               char *
In file included from ../Core/Inc/stm32l0xx_hal_conf.h:281,
                 from ../Drivers/STM32L0xx_HAL_Driver/Inc/stm32l0xx_hal.h:29,
                 from ../Core/Inc/main.h:30,
                 from ../Core/Src/main.c:20:
../Drivers/STM32L0xx_HAL_Driver/Inc/stm32l0xx_hal_uart.h:1510:79: note: expected 'const uint8_t *' {aka 'const unsigned char *'} but argument is of type 'char *'
 1510 | HAL_StatusTypeDef HAL_UART_Transmit(UART_HandleTypeDef *huart, const uint8_t *pData, uint16_t Size, uint32_t Timeout);
      |                                                                ~~~~~~~~~~~~~~~^~~~~
../Core/Src/main.c:675:32: warning: pointer targets in passing argument 2 of 'HAL_UART_Transmit' differ in signedness [-Wpointer-sign]
  675 |      HAL_UART_Transmit(&huart1,Grawitacja,18,HAL_MAX_DELAY);
      |                                ^~~~~~~~~~
      |                                |
      |                                char *
In file included from ../Core/Inc/stm32l0xx_hal_conf.h:281,
                 from ../Drivers/STM32L0xx_HAL_Driver/Inc/stm32l0xx_hal.h:29,
                 from ../Core/Inc/main.h:30,
                 from ../Core/Src/main.c:20:
../Drivers/STM32L0xx_HAL_Driver/Inc/stm32l0xx_hal_uart.h:1510:79: note: expected 'const uint8_t *' {aka 'const unsigned char *'} but argument is of type 'char *'
 1510 | HAL_StatusTypeDef HAL_UART_Transmit(UART_HandleTypeDef *huart, const uint8_t *pData, uint16_t Size, uint32_t Timeout);
      |                                                                ~~~~~~~~~~~~~~~^~~~~
../Core/Src/main.c: At top level:
../Core/Src/main.c:711:6: warning: conflicting types for 'stream_sensor_data_normal_mode'
  711 | void stream_sensor_data_normal_mode(struct bme280_dev *dev)
      |      ^~~~~~~~~~~~~~~~~~~~~~~~~~~~~~
../Core/Src/main.c:171:3: note: previous implicit declaration of 'stream_sensor_data_normal_mode' was here
  171 |   stream_sensor_data_normal_mode(&dev);
      |   ^~~~~~~~~~~~~~~~~~~~~~~~~~~~~~
../Core/Src/main.c:754:6: warning: conflicting types for 'BMA456_Init'
  754 | void BMA456_Init()
      |      ^~~~~~~~~~~
../Core/Src/main.c:172:3: note: previous implicit declaration of 'BMA456_Init' was here
  172 |   BMA456_Init();
      |   ^~~~~~~~~~~
arm-none-eabi-gcc -o "SweetDreams.elf" @"objects.list"   -mcpu=cortex-m0plus -T"C:\Users\jasie\STM32CubeIDE\BMa\SweetDreams\STM32L051K8TX_FLASH.ld" --specs=nosys.specs -Wl,-Map="SweetDreams.map" -Wl,--gc-sections -static --specs=nano.specs -mfloat-abi=soft -mthumb -u _printf_float -Wl,--start-group -lc -lm -Wl,--end-group
Finished building target: SweetDreams.elf
 
arm-none-eabi-size   SweetDreams.elf 
arm-none-eabi-objdump -h -S  SweetDreams.elf  > "SweetDreams.list"
   text	   data	    bss	    dec	    hex	filename
  48472	    488	   2184	  51144	   c7c8	SweetDreams.elf
Finished building: default.size.stdout
 
Finished building: SweetDreams.list
 
13:46:03 **** Incremental Build of configuration Debug for project SweetDreams ****
make -j8 all 
arm-none-eabi-size   SweetDreams.elf 
   text	   data	    bss	    dec	    hex	filename
  48472	    488	   2184	  51144	   c7c8	SweetDreams.elf
Finished building: default.size.stdout
 
13:46:40 **** Incremental Build of configuration Debug for project SweetDreams ****
make -j8 all 
arm-none-eabi-size   SweetDreams.elf 
   text	   data	    bss	    dec	    hex	filename
  48472	    488	   2184	  51144	   c7c8	SweetDreams.elf
Finished building: default.size.stdout
 
11:48:41 **** Incremental Build of configuration Debug for project SweetDreams ****
make -j8 all 
arm-none-eabi-gcc "../Core/Src/main.c" -mcpu=cortex-m0plus -std=gnu11 -g3 -DDEBUG -DUSE_HAL_DRIVER -DSTM32L051xx -c -I../Core/Inc -I../Drivers/STM32L0xx_HAL_Driver/Inc -I../Drivers/STM32L0xx_HAL_Driver/Inc/Legacy -I../Drivers/CMSIS/Device/ST/STM32L0xx/Include -I../Drivers/CMSIS/Include -O0 -ffunction-sections -fdata-sections -Wall -fstack-usage -fcyclomatic-complexity -MMD -MP -MF"Core/Src/main.d" -MT"Core/Src/main.o" --specs=nano.specs -mfloat-abi=soft -mthumb -o "Core/Src/main.o"
../Core/Src/main.c: In function 'main':
../Core/Src/main.c:156:28: warning: passing argument 2 of 'HAL_ADC_Start_DMA' from incompatible pointer type [-Wincompatible-pointer-types]
  156 |   HAL_ADC_Start_DMA(&hadc, adc_buffer,32);
      |                            ^~~~~~~~~~
      |                            |
      |                            uint16_t * {aka short unsigned int *}
In file included from ../Core/Inc/stm32l0xx_hal_conf.h:208,
                 from ../Drivers/STM32L0xx_HAL_Driver/Inc/stm32l0xx_hal.h:29,
                 from ../Core/Inc/main.h:30,
                 from ../Core/Src/main.c:20:
../Drivers/STM32L0xx_HAL_Driver/Inc/stm32l0xx_hal_adc.h:1134:75: note: expected 'uint32_t *' {aka 'long unsigned int *'} but argument is of type 'uint16_t *' {aka 'short unsigned int *'}
 1134 | HAL_StatusTypeDef    HAL_ADC_Start_DMA(ADC_HandleTypeDef *hadc, uint32_t *pData, uint32_t Length);
      |                                                                 ~~~~~~~~~~^~~~~
../Core/Src/main.c:171:3: warning: implicit declaration of function 'stream_sensor_data_normal_mode' [-Wimplicit-function-declaration]
  171 |   stream_sensor_data_normal_mode(&dev);
      |   ^~~~~~~~~~~~~~~~~~~~~~~~~~~~~~
../Core/Src/main.c:172:3: warning: implicit declaration of function 'BMA456_Init' [-Wimplicit-function-declaration]
  172 |   BMA456_Init();
      |   ^~~~~~~~~~~
../Core/Src/main.c: In function 'Tensometr':
../Core/Src/main.c:593:30: warning: pointer targets in passing argument 2 of 'HAL_UART_Transmit' differ in signedness [-Wpointer-sign]
  593 |    HAL_UART_Transmit(&huart1,"Lezy\r\n", 6,HAL_MAX_DELAY);
      |                              ^~~~~~~~~~
      |                              |
      |                              char *
In file included from ../Core/Inc/stm32l0xx_hal_conf.h:281,
                 from ../Drivers/STM32L0xx_HAL_Driver/Inc/stm32l0xx_hal.h:29,
                 from ../Core/Inc/main.h:30,
                 from ../Core/Src/main.c:20:
../Drivers/STM32L0xx_HAL_Driver/Inc/stm32l0xx_hal_uart.h:1510:79: note: expected 'const uint8_t *' {aka 'const unsigned char *'} but argument is of type 'char *'
 1510 | HAL_StatusTypeDef HAL_UART_Transmit(UART_HandleTypeDef *huart, const uint8_t *pData, uint16_t Size, uint32_t Timeout);
      |                                                                ~~~~~~~~~~~~~~~^~~~~
../Core/Src/main.c:596:30: warning: pointer targets in passing argument 2 of 'HAL_UART_Transmit' differ in signedness [-Wpointer-sign]
  596 |    HAL_UART_Transmit(&huart1,"Nie lezy\r\n", 10,HAL_MAX_DELAY);
      |                              ^~~~~~~~~~~~~~
      |                              |
      |                              char *
In file included from ../Core/Inc/stm32l0xx_hal_conf.h:281,
                 from ../Drivers/STM32L0xx_HAL_Driver/Inc/stm32l0xx_hal.h:29,
                 from ../Core/Inc/main.h:30,
                 from ../Core/Src/main.c:20:
../Drivers/STM32L0xx_HAL_Driver/Inc/stm32l0xx_hal_uart.h:1510:79: note: expected 'const uint8_t *' {aka 'const unsigned char *'} but argument is of type 'char *'
 1510 | HAL_StatusTypeDef HAL_UART_Transmit(UART_HandleTypeDef *huart, const uint8_t *pData, uint16_t Size, uint32_t Timeout);
      |                                                                ~~~~~~~~~~~~~~~^~~~~
../Core/Src/main.c: In function 'Sleep':
../Core/Src/main.c:603:28: warning: pointer targets in passing argument 2 of 'HAL_UART_Transmit' differ in signedness [-Wpointer-sign]
  603 |  HAL_UART_Transmit(&huart1,"Ide spac\r\n", 10,HAL_MAX_DELAY);
      |                            ^~~~~~~~~~~~~~
      |                            |
      |                            char *
In file included from ../Core/Inc/stm32l0xx_hal_conf.h:281,
                 from ../Drivers/STM32L0xx_HAL_Driver/Inc/stm32l0xx_hal.h:29,
                 from ../Core/Inc/main.h:30,
                 from ../Core/Src/main.c:20:
../Drivers/STM32L0xx_HAL_Driver/Inc/stm32l0xx_hal_uart.h:1510:79: note: expected 'const uint8_t *' {aka 'const unsigned char *'} but argument is of type 'char *'
 1510 | HAL_StatusTypeDef HAL_UART_Transmit(UART_HandleTypeDef *huart, const uint8_t *pData, uint16_t Size, uint32_t Timeout);
      |                                                                ~~~~~~~~~~~~~~~^~~~~
../Core/Src/main.c:610:31: warning: pointer targets in passing argument 2 of 'HAL_UART_Transmit' differ in signedness [-Wpointer-sign]
  610 |     HAL_UART_Transmit(&huart1,"Wstaje\r\n", 8,HAL_MAX_DELAY);
      |                               ^~~~~~~~~~~~
      |                               |
      |                               char *
In file included from ../Core/Inc/stm32l0xx_hal_conf.h:281,
                 from ../Drivers/STM32L0xx_HAL_Driver/Inc/stm32l0xx_hal.h:29,
                 from ../Core/Inc/main.h:30,
                 from ../Core/Src/main.c:20:
../Drivers/STM32L0xx_HAL_Driver/Inc/stm32l0xx_hal_uart.h:1510:79: note: expected 'const uint8_t *' {aka 'const unsigned char *'} but argument is of type 'char *'
 1510 | HAL_StatusTypeDef HAL_UART_Transmit(UART_HandleTypeDef *huart, const uint8_t *pData, uint16_t Size, uint32_t Timeout);
      |                                                                ~~~~~~~~~~~~~~~^~~~~
../Core/Src/main.c: In function 'BME_PRINT':
../Core/Src/main.c:623:28: warning: pointer targets in passing argument 2 of 'HAL_UART_Transmit' differ in signedness [-Wpointer-sign]
  623 |  HAL_UART_Transmit(&huart1,TempCala,19,HAL_MAX_DELAY);
      |                            ^~~~~~~~
      |                            |
      |                            char *
In file included from ../Core/Inc/stm32l0xx_hal_conf.h:281,
                 from ../Drivers/STM32L0xx_HAL_Driver/Inc/stm32l0xx_hal.h:29,
                 from ../Core/Inc/main.h:30,
                 from ../Core/Src/main.c:20:
../Drivers/STM32L0xx_HAL_Driver/Inc/stm32l0xx_hal_uart.h:1510:79: note: expected 'const uint8_t *' {aka 'const unsigned char *'} but argument is of type 'char *'
 1510 | HAL_StatusTypeDef HAL_UART_Transmit(UART_HandleTypeDef *huart, const uint8_t *pData, uint16_t Size, uint32_t Timeout);
      |                                                                ~~~~~~~~~~~~~~~^~~~~
../Core/Src/main.c:624:28: warning: pointer targets in passing argument 2 of 'HAL_UART_Transmit' differ in signedness [-Wpointer-sign]
  624 |  HAL_UART_Transmit(&huart1,HumCala,18,HAL_MAX_DELAY);
      |                            ^~~~~~~
      |                            |
      |                            char *
In file included from ../Core/Inc/stm32l0xx_hal_conf.h:281,
                 from ../Drivers/STM32L0xx_HAL_Driver/Inc/stm32l0xx_hal.h:29,
                 from ../Core/Inc/main.h:30,
                 from ../Core/Src/main.c:20:
../Drivers/STM32L0xx_HAL_Driver/Inc/stm32l0xx_hal_uart.h:1510:79: note: expected 'const uint8_t *' {aka 'const unsigned char *'} but argument is of type 'char *'
 1510 | HAL_StatusTypeDef HAL_UART_Transmit(UART_HandleTypeDef *huart, const uint8_t *pData, uint16_t Size, uint32_t Timeout);
      |                                                                ~~~~~~~~~~~~~~~^~~~~
../Core/Src/main.c: In function 'BMA_PRINT':
../Core/Src/main.c:669:31: warning: pointer targets in passing argument 2 of 'HAL_UART_Transmit' differ in signedness [-Wpointer-sign]
  669 |     HAL_UART_Transmit(&huart1,Grawitacja,15,HAL_MAX_DELAY);
      |                               ^~~~~~~~~~
      |                               |
      |                               char *
In file included from ../Core/Inc/stm32l0xx_hal_conf.h:281,
                 from ../Drivers/STM32L0xx_HAL_Driver/Inc/stm32l0xx_hal.h:29,
                 from ../Core/Inc/main.h:30,
                 from ../Core/Src/main.c:20:
../Drivers/STM32L0xx_HAL_Driver/Inc/stm32l0xx_hal_uart.h:1510:79: note: expected 'const uint8_t *' {aka 'const unsigned char *'} but argument is of type 'char *'
 1510 | HAL_StatusTypeDef HAL_UART_Transmit(UART_HandleTypeDef *huart, const uint8_t *pData, uint16_t Size, uint32_t Timeout);
      |                                                                ~~~~~~~~~~~~~~~^~~~~
../Core/Src/main.c:676:32: warning: pointer targets in passing argument 2 of 'HAL_UART_Transmit' differ in signedness [-Wpointer-sign]
  676 |      HAL_UART_Transmit(&huart1,Grawitacja,18,HAL_MAX_DELAY);
      |                                ^~~~~~~~~~
      |                                |
      |                                char *
In file included from ../Core/Inc/stm32l0xx_hal_conf.h:281,
                 from ../Drivers/STM32L0xx_HAL_Driver/Inc/stm32l0xx_hal.h:29,
                 from ../Core/Inc/main.h:30,
                 from ../Core/Src/main.c:20:
../Drivers/STM32L0xx_HAL_Driver/Inc/stm32l0xx_hal_uart.h:1510:79: note: expected 'const uint8_t *' {aka 'const unsigned char *'} but argument is of type 'char *'
 1510 | HAL_StatusTypeDef HAL_UART_Transmit(UART_HandleTypeDef *huart, const uint8_t *pData, uint16_t Size, uint32_t Timeout);
      |                                                                ~~~~~~~~~~~~~~~^~~~~
../Core/Src/main.c: At top level:
../Core/Src/main.c:712:6: warning: conflicting types for 'stream_sensor_data_normal_mode'
  712 | void stream_sensor_data_normal_mode(struct bme280_dev *dev)
      |      ^~~~~~~~~~~~~~~~~~~~~~~~~~~~~~
../Core/Src/main.c:171:3: note: previous implicit declaration of 'stream_sensor_data_normal_mode' was here
  171 |   stream_sensor_data_normal_mode(&dev);
      |   ^~~~~~~~~~~~~~~~~~~~~~~~~~~~~~
../Core/Src/main.c:755:6: warning: conflicting types for 'BMA456_Init'
  755 | void BMA456_Init()
      |      ^~~~~~~~~~~
../Core/Src/main.c:172:3: note: previous implicit declaration of 'BMA456_Init' was here
  172 |   BMA456_Init();
      |   ^~~~~~~~~~~
arm-none-eabi-gcc -o "SweetDreams.elf" @"objects.list"   -mcpu=cortex-m0plus -T"C:\Users\jasie\STM32CubeIDE\BMa\SweetDreams\STM32L051K8TX_FLASH.ld" --specs=nosys.specs -Wl,-Map="SweetDreams.map" -Wl,--gc-sections -static --specs=nano.specs -mfloat-abi=soft -mthumb -u _printf_float -Wl,--start-group -lc -lm -Wl,--end-group
Finished building target: SweetDreams.elf
 
arm-none-eabi-size   SweetDreams.elf 
arm-none-eabi-objdump -h -S  SweetDreams.elf  > "SweetDreams.list"
   text	   data	    bss	    dec	    hex	filename
  48480	    488	   2184	  51152	   c7d0	SweetDreams.elf
Finished building: default.size.stdout
 
Finished building: SweetDreams.list
 
