../Core/Src/main.c:144:5:__io_putchar	16	static
../Core/Src/main.c:155:5:main	32	static
../Core/Src/main.c:235:6:SystemClock_Config	136	static
../Core/Src/main.c:284:13:MX_SPI2_Init	8	static
../Core/Src/main.c:322:13:MX_USART2_UART_Init	8	static
../Core/Src/main.c:357:13:MX_GPIO_Init	56	static
../Core/Src/main.c:400:6:BMA456_SPI_Read	32	static
../Core/Src/main.c:412:6:BMA456_SPI_Write	32	static
../Core/Src/main.c:434:6:BMA456_SPI_Write_tab	16	static
../Core/Src/main.c:455:9:BMA456_Check_Connection	24	static
../Core/Src/main.c:480:6:BMA456_Init	8	static
../Core/Src/main.c:591:6:BMA456_Get_Sensor_Data	40	static
../Core/Src/main.c:613:6:Error_Handler	8	static,ignoring_inline_asm
