../Core/Src/main.c:146:5:__io_putchar	16	static
../Core/Src/main.c:152:6:measureAcc	16	static
../Core/Src/main.c:166:5:main	32	static
../Core/Src/main.c:244:6:SystemClock_Config	136	static
../Core/Src/main.c:293:13:MX_SPI2_Init	8	static
../Core/Src/main.c:331:13:MX_USART2_UART_Init	8	static
../Core/Src/main.c:366:13:MX_GPIO_Init	56	static
../Core/Src/main.c:409:6:BMA456_SPI_Read	32	static
../Core/Src/main.c:421:6:BMA456_SPI_Write	32	static
../Core/Src/main.c:443:6:BMA456_SPI_Write_tab	16	static
../Core/Src/main.c:464:9:BMA456_Check_Connection	24	static
../Core/Src/main.c:489:6:BMA456_Init	8	static
../Core/Src/main.c:597:6:BMA456_Get_Sensor_Data	48	static
../Core/Src/main.c:619:6:Error_Handler	8	static,ignoring_inline_asm
