../Core/Src/main.c:125:5:main	24	static
../Core/Src/main.c:304:6:SystemClock_Config	120	static
../Core/Src/main.c:355:13:MX_ADC_Init	16	static
../Core/Src/main.c:411:13:MX_RTC_Init	8	static
../Core/Src/main.c:454:13:MX_SPI1_Init	8	static
../Core/Src/main.c:492:13:MX_USART1_UART_Init	8	static
../Core/Src/main.c:526:13:MX_DMA_Init	16	static
../Core/Src/main.c:544:13:MX_GPIO_Init	48	static
../Core/Src/main.c:572:6:Tensometr	24	static
../Core/Src/main.c:602:6:Sleep	8	static
../Core/Src/main.c:612:6:BME_PRINT	64	static
../Core/Src/main.c:630:6:measureAcc	16	static
../Core/Src/main.c:638:6:BMA_PRINT	40	static
../Core/Src/main.c:680:6:HAL_ADC_ConvHalfCpltCallback	16	static
../Core/Src/main.c:684:6:HAL_ADC_ConvCpltCallback	16	static
../Core/Src/main.c:688:6:BME280_SPI_Read	32	static
../Core/Src/main.c:700:6:BME280_SPI_Write	32	static
../Core/Src/main.c:712:6:stream_sensor_data_normal_mode	24	static
../Core/Src/main.c:735:9:BMA456_Check_Connection	24	static
../Core/Src/main.c:755:6:BMA456_Init	8	static
../Core/Src/main.c:792:6:BMA456_Get_Sensor_Data	48	static
../Core/Src/main.c:808:6:BMA456_SPI_Read	32	static
../Core/Src/main.c:820:6:BMA456_SPI_Write	32	static
../Core/Src/main.c:876:6:Error_Handler	8	static,ignoring_inline_asm
