../Core/Src/main.c:78:5:__io_putchar	16	static
../Core/Src/main.c:83:6:SendMSG	24	static
../Core/Src/main.c:110:5:main	24	static
../Core/Src/main.c:264:6:SystemClock_Config	88	static
../Core/Src/main.c:305:13:MX_USART1_UART_Init	8	static
../Core/Src/main.c:353:13:MX_USART2_UART_Init	8	static
../Core/Src/main.c:401:13:MX_GPIO_Init	16	static
../Core/Src/main.c:411:6:HAL_UART_RxCpltCallback	16	static
../Core/Src/main.c:459:6:ReadBuffer	8	static
../Core/Src/main.c:477:6:Error_Handler	4	static,ignoring_inline_asm
